<testsuites id="" name="" tests="95" failures="95" skipped="0" errors="0" time="358.40542200000004">
<testsuite name="client-management.spec.ts" timestamp="2025-06-01T16:14:45.747Z" hostname="chromium" tests="9" failures="9" skipped="0" time="270.79" errors="0">
<testcase name="Client Management E2E Tests › should navigate to clients page and display client list" classname="client-management.spec.ts" time="30.091">
<failure message="client-management.spec.ts:23:3 should navigate to clients page and display client list" type="FAILURE">
<![CDATA[  [chromium] › client-management.spec.ts:23:3 › Client Management E2E Tests › should navigate to clients page and display client list 

    Test timeout of 30000ms exceeded while running "beforeEach" hook.

      4 |   let page: Page
      5 |
    > 6 |   test.beforeEach(async ({ browser }) => {
        |        ^
      7 |     page = await browser.newPage()
      8 |     
      9 |     // Login before each test
        at /Users/yasseralmohammed/Documents/MsspClientManager/tests/e2e/client-management.spec.ts:6:8

    Error: page.fill: Target page, context or browser has been closed
    Call log:
      - waiting for locator('[data-testid="username"]')


       9 |     // Login before each test
      10 |     await page.goto('/')
    > 11 |     await page.fill('[data-testid="username"]', 'admin')
         |                ^
      12 |     await page.fill('[data-testid="password"]', 'admin123')
      13 |     await page.click('[data-testid="login-button"]')
      14 |     
        at /Users/yasseralmohammed/Documents/MsspClientManager/tests/e2e/client-management.spec.ts:11:16

    attachment #1: screenshot (image/png) ──────────────────────────────────────────────────────────
    test-results/client-management-Client-M-71b10-age-and-display-client-list-chromium/test-failed-1.png
    ────────────────────────────────────────────────────────────────────────────────────────────────

    Error Context: ../../test-results/client-management-Client-M-71b10-age-and-display-client-list-chromium/error-context.md
]]>
</failure>
<system-out>
<![CDATA[
[[ATTACHMENT|client-management-Client-M-71b10-age-and-display-client-list-chromium/test-failed-1.png]]

[[ATTACHMENT|client-management-Client-M-71b10-age-and-display-client-list-chromium/error-context.md]]
]]>
</system-out>
</testcase>
<testcase name="Client Management E2E Tests › should create a new client successfully" classname="client-management.spec.ts" time="30.094">
<failure message="client-management.spec.ts:35:3 should create a new client successfully" type="FAILURE">
<![CDATA[  [chromium] › client-management.spec.ts:35:3 › Client Management E2E Tests › should create a new client successfully 

    Test timeout of 30000ms exceeded while running "beforeEach" hook.

      4 |   let page: Page
      5 |
    > 6 |   test.beforeEach(async ({ browser }) => {
        |        ^
      7 |     page = await browser.newPage()
      8 |     
      9 |     // Login before each test
        at /Users/yasseralmohammed/Documents/MsspClientManager/tests/e2e/client-management.spec.ts:6:8

    Error: page.fill: Target page, context or browser has been closed
    Call log:
      - waiting for locator('[data-testid="username"]')


       9 |     // Login before each test
      10 |     await page.goto('/')
    > 11 |     await page.fill('[data-testid="username"]', 'admin')
         |                ^
      12 |     await page.fill('[data-testid="password"]', 'admin123')
      13 |     await page.click('[data-testid="login-button"]')
      14 |     
        at /Users/yasseralmohammed/Documents/MsspClientManager/tests/e2e/client-management.spec.ts:11:16

    attachment #1: screenshot (image/png) ──────────────────────────────────────────────────────────
    test-results/client-management-Client-M-7ca01-e-a-new-client-successfully-chromium/test-failed-1.png
    ────────────────────────────────────────────────────────────────────────────────────────────────

    Error Context: ../../test-results/client-management-Client-M-7ca01-e-a-new-client-successfully-chromium/error-context.md
]]>
</failure>
<system-out>
<![CDATA[
[[ATTACHMENT|client-management-Client-M-7ca01-e-a-new-client-successfully-chromium/test-failed-1.png]]

[[ATTACHMENT|client-management-Client-M-7ca01-e-a-new-client-successfully-chromium/error-context.md]]
]]>
</system-out>
</testcase>
<testcase name="Client Management E2E Tests › should edit an existing client" classname="client-management.spec.ts" time="30.079">
<failure message="client-management.spec.ts:62:3 should edit an existing client" type="FAILURE">
<![CDATA[  [chromium] › client-management.spec.ts:62:3 › Client Management E2E Tests › should edit an existing client 

    Test timeout of 30000ms exceeded while running "beforeEach" hook.

      4 |   let page: Page
      5 |
    > 6 |   test.beforeEach(async ({ browser }) => {
        |        ^
      7 |     page = await browser.newPage()
      8 |     
      9 |     // Login before each test
        at /Users/yasseralmohammed/Documents/MsspClientManager/tests/e2e/client-management.spec.ts:6:8

    Error: page.fill: Target page, context or browser has been closed
    Call log:
      - waiting for locator('[data-testid="username"]')


       9 |     // Login before each test
      10 |     await page.goto('/')
    > 11 |     await page.fill('[data-testid="username"]', 'admin')
         |                ^
      12 |     await page.fill('[data-testid="password"]', 'admin123')
      13 |     await page.click('[data-testid="login-button"]')
      14 |     
        at /Users/yasseralmohammed/Documents/MsspClientManager/tests/e2e/client-management.spec.ts:11:16

    attachment #1: screenshot (image/png) ──────────────────────────────────────────────────────────
    test-results/client-management-Client-M-21bb8-uld-edit-an-existing-client-chromium/test-failed-1.png
    ────────────────────────────────────────────────────────────────────────────────────────────────

    Error Context: ../../test-results/client-management-Client-M-21bb8-uld-edit-an-existing-client-chromium/error-context.md
]]>
</failure>
<system-out>
<![CDATA[
[[ATTACHMENT|client-management-Client-M-21bb8-uld-edit-an-existing-client-chromium/test-failed-1.png]]

[[ATTACHMENT|client-management-Client-M-21bb8-uld-edit-an-existing-client-chromium/error-context.md]]
]]>
</system-out>
</testcase>
<testcase name="Client Management E2E Tests › should delete a client" classname="client-management.spec.ts" time="30.095">
<failure message="client-management.spec.ts:91:3 should delete a client" type="FAILURE">
<![CDATA[  [chromium] › client-management.spec.ts:91:3 › Client Management E2E Tests › should delete a client 

    Test timeout of 30000ms exceeded while running "beforeEach" hook.

      4 |   let page: Page
      5 |
    > 6 |   test.beforeEach(async ({ browser }) => {
        |        ^
      7 |     page = await browser.newPage()
      8 |     
      9 |     // Login before each test
        at /Users/yasseralmohammed/Documents/MsspClientManager/tests/e2e/client-management.spec.ts:6:8

    Error: page.fill: Target page, context or browser has been closed
    Call log:
      - waiting for locator('[data-testid="username"]')


       9 |     // Login before each test
      10 |     await page.goto('/')
    > 11 |     await page.fill('[data-testid="username"]', 'admin')
         |                ^
      12 |     await page.fill('[data-testid="password"]', 'admin123')
      13 |     await page.click('[data-testid="login-button"]')
      14 |     
        at /Users/yasseralmohammed/Documents/MsspClientManager/tests/e2e/client-management.spec.ts:11:16

    attachment #1: screenshot (image/png) ──────────────────────────────────────────────────────────
    test-results/client-management-Client-M-44000-ests-should-delete-a-client-chromium/test-failed-1.png
    ────────────────────────────────────────────────────────────────────────────────────────────────

    Error Context: ../../test-results/client-management-Client-M-44000-ests-should-delete-a-client-chromium/error-context.md
]]>
</failure>
<system-out>
<![CDATA[
[[ATTACHMENT|client-management-Client-M-44000-ests-should-delete-a-client-chromium/test-failed-1.png]]

[[ATTACHMENT|client-management-Client-M-44000-ests-should-delete-a-client-chromium/error-context.md]]
]]>
</system-out>
</testcase>
<testcase name="Client Management E2E Tests › should search and filter clients" classname="client-management.spec.ts" time="30.095">
<failure message="client-management.spec.ts:115:3 should search and filter clients" type="FAILURE">
<![CDATA[  [chromium] › client-management.spec.ts:115:3 › Client Management E2E Tests › should search and filter clients 

    Test timeout of 30000ms exceeded while running "beforeEach" hook.

      4 |   let page: Page
      5 |
    > 6 |   test.beforeEach(async ({ browser }) => {
        |        ^
      7 |     page = await browser.newPage()
      8 |     
      9 |     // Login before each test
        at /Users/yasseralmohammed/Documents/MsspClientManager/tests/e2e/client-management.spec.ts:6:8

    Error: page.fill: Target page, context or browser has been closed
    Call log:
      - waiting for locator('[data-testid="username"]')


       9 |     // Login before each test
      10 |     await page.goto('/')
    > 11 |     await page.fill('[data-testid="username"]', 'admin')
         |                ^
      12 |     await page.fill('[data-testid="password"]', 'admin123')
      13 |     await page.click('[data-testid="login-button"]')
      14 |     
        at /Users/yasseralmohammed/Documents/MsspClientManager/tests/e2e/client-management.spec.ts:11:16

    attachment #1: screenshot (image/png) ──────────────────────────────────────────────────────────
    test-results/client-management-Client-M-e11f8-d-search-and-filter-clients-chromium/test-failed-1.png
    ────────────────────────────────────────────────────────────────────────────────────────────────

    Error Context: ../../test-results/client-management-Client-M-e11f8-d-search-and-filter-clients-chromium/error-context.md
]]>
</failure>
<system-out>
<![CDATA[
[[ATTACHMENT|client-management-Client-M-e11f8-d-search-and-filter-clients-chromium/test-failed-1.png]]

[[ATTACHMENT|client-management-Client-M-e11f8-d-search-and-filter-clients-chromium/error-context.md]]
]]>
</system-out>
</testcase>
<testcase name="Client Management E2E Tests › should view client details and aggregated data" classname="client-management.spec.ts" time="30.087">
<failure message="client-management.spec.ts:154:3 should view client details and aggregated data" type="FAILURE">
<![CDATA[  [chromium] › client-management.spec.ts:154:3 › Client Management E2E Tests › should view client details and aggregated data 

    Test timeout of 30000ms exceeded while running "beforeEach" hook.

      4 |   let page: Page
      5 |
    > 6 |   test.beforeEach(async ({ browser }) => {
        |        ^
      7 |     page = await browser.newPage()
      8 |     
      9 |     // Login before each test
        at /Users/yasseralmohammed/Documents/MsspClientManager/tests/e2e/client-management.spec.ts:6:8

    Error: page.fill: Target page, context or browser has been closed
    Call log:
      - waiting for locator('[data-testid="username"]')


       9 |     // Login before each test
      10 |     await page.goto('/')
    > 11 |     await page.fill('[data-testid="username"]', 'admin')
         |                ^
      12 |     await page.fill('[data-testid="password"]', 'admin123')
      13 |     await page.click('[data-testid="login-button"]')
      14 |     
        at /Users/yasseralmohammed/Documents/MsspClientManager/tests/e2e/client-management.spec.ts:11:16

    attachment #1: screenshot (image/png) ──────────────────────────────────────────────────────────
    test-results/client-management-Client-M-69fcb-details-and-aggregated-data-chromium/test-failed-1.png
    ────────────────────────────────────────────────────────────────────────────────────────────────

    Error Context: ../../test-results/client-management-Client-M-69fcb-details-and-aggregated-data-chromium/error-context.md
]]>
</failure>
<system-out>
<![CDATA[
[[ATTACHMENT|client-management-Client-M-69fcb-details-and-aggregated-data-chromium/test-failed-1.png]]

[[ATTACHMENT|client-management-Client-M-69fcb-details-and-aggregated-data-chromium/error-context.md]]
]]>
</system-out>
</testcase>
<testcase name="Client Management E2E Tests › should handle bulk import functionality" classname="client-management.spec.ts" time="30.094">
<failure message="client-management.spec.ts:184:3 should handle bulk import functionality" type="FAILURE">
<![CDATA[  [chromium] › client-management.spec.ts:184:3 › Client Management E2E Tests › should handle bulk import functionality 

    Test timeout of 30000ms exceeded while running "beforeEach" hook.

      4 |   let page: Page
      5 |
    > 6 |   test.beforeEach(async ({ browser }) => {
        |        ^
      7 |     page = await browser.newPage()
      8 |     
      9 |     // Login before each test
        at /Users/yasseralmohammed/Documents/MsspClientManager/tests/e2e/client-management.spec.ts:6:8

    Error: page.fill: Target page, context or browser has been closed
    Call log:
      - waiting for locator('[data-testid="username"]')


       9 |     // Login before each test
      10 |     await page.goto('/')
    > 11 |     await page.fill('[data-testid="username"]', 'admin')
         |                ^
      12 |     await page.fill('[data-testid="password"]', 'admin123')
      13 |     await page.click('[data-testid="login-button"]')
      14 |     
        at /Users/yasseralmohammed/Documents/MsspClientManager/tests/e2e/client-management.spec.ts:11:16

    attachment #1: screenshot (image/png) ──────────────────────────────────────────────────────────
    test-results/client-management-Client-M-1e8fd-e-bulk-import-functionality-chromium/test-failed-1.png
    ────────────────────────────────────────────────────────────────────────────────────────────────

    Error Context: ../../test-results/client-management-Client-M-1e8fd-e-bulk-import-functionality-chromium/error-context.md
]]>
</failure>
<system-out>
<![CDATA[
[[ATTACHMENT|client-management-Client-M-1e8fd-e-bulk-import-functionality-chromium/test-failed-1.png]]

[[ATTACHMENT|client-management-Client-M-1e8fd-e-bulk-import-functionality-chromium/error-context.md]]
]]>
</system-out>
</testcase>
<testcase name="Client Management E2E Tests › should validate form fields and show error messages" classname="client-management.spec.ts" time="30.072">
<failure message="client-management.spec.ts:219:3 should validate form fields and show error messages" type="FAILURE">
<![CDATA[  [chromium] › client-management.spec.ts:219:3 › Client Management E2E Tests › should validate form fields and show error messages 

    Test timeout of 30000ms exceeded while running "beforeEach" hook.

      4 |   let page: Page
      5 |
    > 6 |   test.beforeEach(async ({ browser }) => {
        |        ^
      7 |     page = await browser.newPage()
      8 |     
      9 |     // Login before each test
        at /Users/yasseralmohammed/Documents/MsspClientManager/tests/e2e/client-management.spec.ts:6:8

    Error: page.fill: Target page, context or browser has been closed
    Call log:
      - waiting for locator('[data-testid="username"]')


       9 |     // Login before each test
      10 |     await page.goto('/')
    > 11 |     await page.fill('[data-testid="username"]', 'admin')
         |                ^
      12 |     await page.fill('[data-testid="password"]', 'admin123')
      13 |     await page.click('[data-testid="login-button"]')
      14 |     
        at /Users/yasseralmohammed/Documents/MsspClientManager/tests/e2e/client-management.spec.ts:11:16

    attachment #1: screenshot (image/png) ──────────────────────────────────────────────────────────
    test-results/client-management-Client-M-576be-lds-and-show-error-messages-chromium/test-failed-1.png
    ────────────────────────────────────────────────────────────────────────────────────────────────

    Error Context: ../../test-results/client-management-Client-M-576be-lds-and-show-error-messages-chromium/error-context.md
]]>
</failure>
<system-out>
<![CDATA[
[[ATTACHMENT|client-management-Client-M-576be-lds-and-show-error-messages-chromium/test-failed-1.png]]

[[ATTACHMENT|client-management-Client-M-576be-lds-and-show-error-messages-chromium/error-context.md]]
]]>
</system-out>
</testcase>
<testcase name="Client Management E2E Tests › should handle external system mappings" classname="client-management.spec.ts" time="30.083">
<failure message="client-management.spec.ts:244:3 should handle external system mappings" type="FAILURE">
<![CDATA[  [chromium] › client-management.spec.ts:244:3 › Client Management E2E Tests › should handle external system mappings 

    Test timeout of 30000ms exceeded while running "beforeEach" hook.

      4 |   let page: Page
      5 |
    > 6 |   test.beforeEach(async ({ browser }) => {
        |        ^
      7 |     page = await browser.newPage()
      8 |     
      9 |     // Login before each test
        at /Users/yasseralmohammed/Documents/MsspClientManager/tests/e2e/client-management.spec.ts:6:8

    Error: page.fill: Target page, context or browser has been closed
    Call log:
      - waiting for locator('[data-testid="username"]')


       9 |     // Login before each test
      10 |     await page.goto('/')
    > 11 |     await page.fill('[data-testid="username"]', 'admin')
         |                ^
      12 |     await page.fill('[data-testid="password"]', 'admin123')
      13 |     await page.click('[data-testid="login-button"]')
      14 |     
        at /Users/yasseralmohammed/Documents/MsspClientManager/tests/e2e/client-management.spec.ts:11:16

    attachment #1: screenshot (image/png) ──────────────────────────────────────────────────────────
    test-results/client-management-Client-M-2cfa6-le-external-system-mappings-chromium/test-failed-1.png
    ────────────────────────────────────────────────────────────────────────────────────────────────

    Error Context: ../../test-results/client-management-Client-M-2cfa6-le-external-system-mappings-chromium/error-context.md
]]>
</failure>
<system-out>
<![CDATA[
[[ATTACHMENT|client-management-Client-M-2cfa6-le-external-system-mappings-chromium/test-failed-1.png]]

[[ATTACHMENT|client-management-Client-M-2cfa6-le-external-system-mappings-chromium/error-context.md]]
]]>
</system-out>
</testcase>
</testsuite>
<testsuite name="complete-client-lifecycle.spec.ts" timestamp="2025-06-01T16:14:45.747Z" hostname="chromium" tests="10" failures="10" skipped="0" time="310.453" errors="0">
<testcase name="Complete Client Lifecycle › Full Client Onboarding Workflow" classname="complete-client-lifecycle.spec.ts" time="31.118">
<failure message="complete-client-lifecycle.spec.ts:133:3 Full Client Onboarding Workflow" type="FAILURE">
<![CDATA[  [chromium] › complete-client-lifecycle.spec.ts:133:3 › Complete Client Lifecycle › Full Client Onboarding Workflow 

    Test timeout of 30000ms exceeded while running "beforeEach" hook.

      127 | // Main test suites
      128 | test.describe('Complete Client Lifecycle', () => {
    > 129 |   test.beforeEach(async ({ page }) => {
          |        ^
      130 |     await login(page)
      131 |   })
      132 |
        at /Users/yasseralmohammed/Documents/MsspClientManager/tests/e2e/complete-client-lifecycle.spec.ts:129:8

    Error: page.fill: Test timeout of 30000ms exceeded.
    Call log:
      - waiting for locator('[name="username"]')


      46 | async function login(page: Page) {
      47 |   await page.goto('/login')
    > 48 |   await page.fill('[name="username"]', 'admin')
         |              ^
      49 |   await page.fill('[name="password"]', 'admin123')
      50 |   await page.click('button[type="submit"]')
      51 |   await expect(page).toHaveURL('/dashboard')
        at login (/Users/yasseralmohammed/Documents/MsspClientManager/tests/e2e/complete-client-lifecycle.spec.ts:48:14)
        at /Users/yasseralmohammed/Documents/MsspClientManager/tests/e2e/complete-client-lifecycle.spec.ts:130:5

    attachment #1: screenshot (image/png) ──────────────────────────────────────────────────────────
    test-results/complete-client-lifecycle--2e28e--Client-Onboarding-Workflow-chromium/test-failed-1.png
    ────────────────────────────────────────────────────────────────────────────────────────────────

    attachment #2: video (video/webm) ──────────────────────────────────────────────────────────────
    test-results/complete-client-lifecycle--2e28e--Client-Onboarding-Workflow-chromium/video.webm
    ────────────────────────────────────────────────────────────────────────────────────────────────

    Error Context: ../../test-results/complete-client-lifecycle--2e28e--Client-Onboarding-Workflow-chromium/error-context.md
]]>
</failure>
<system-out>
<![CDATA[
[[ATTACHMENT|complete-client-lifecycle--2e28e--Client-Onboarding-Workflow-chromium/test-failed-1.png]]

[[ATTACHMENT|complete-client-lifecycle--2e28e--Client-Onboarding-Workflow-chromium/video.webm]]

[[ATTACHMENT|complete-client-lifecycle--2e28e--Client-Onboarding-Workflow-chromium/error-context.md]]
]]>
</system-out>
</testcase>
<testcase name="Complete Client Lifecycle › Service Delivery Workflow" classname="complete-client-lifecycle.spec.ts" time="31.139">
<failure message="complete-client-lifecycle.spec.ts:187:3 Service Delivery Workflow" type="FAILURE">
<![CDATA[  [chromium] › complete-client-lifecycle.spec.ts:187:3 › Complete Client Lifecycle › Service Delivery Workflow 

    Test timeout of 30000ms exceeded while running "beforeEach" hook.

      127 | // Main test suites
      128 | test.describe('Complete Client Lifecycle', () => {
    > 129 |   test.beforeEach(async ({ page }) => {
          |        ^
      130 |     await login(page)
      131 |   })
      132 |
        at /Users/yasseralmohammed/Documents/MsspClientManager/tests/e2e/complete-client-lifecycle.spec.ts:129:8

    Error: page.fill: Test timeout of 30000ms exceeded.
    Call log:
      - waiting for locator('[name="username"]')


      46 | async function login(page: Page) {
      47 |   await page.goto('/login')
    > 48 |   await page.fill('[name="username"]', 'admin')
         |              ^
      49 |   await page.fill('[name="password"]', 'admin123')
      50 |   await page.click('button[type="submit"]')
      51 |   await expect(page).toHaveURL('/dashboard')
        at login (/Users/yasseralmohammed/Documents/MsspClientManager/tests/e2e/complete-client-lifecycle.spec.ts:48:14)
        at /Users/yasseralmohammed/Documents/MsspClientManager/tests/e2e/complete-client-lifecycle.spec.ts:130:5

    attachment #1: screenshot (image/png) ──────────────────────────────────────────────────────────
    test-results/complete-client-lifecycle--15869-e-Service-Delivery-Workflow-chromium/test-failed-1.png
    ────────────────────────────────────────────────────────────────────────────────────────────────

    attachment #2: video (video/webm) ──────────────────────────────────────────────────────────────
    test-results/complete-client-lifecycle--15869-e-Service-Delivery-Workflow-chromium/video.webm
    ────────────────────────────────────────────────────────────────────────────────────────────────

    Error Context: ../../test-results/complete-client-lifecycle--15869-e-Service-Delivery-Workflow-chromium/error-context.md
]]>
</failure>
<system-out>
<![CDATA[
[[ATTACHMENT|complete-client-lifecycle--15869-e-Service-Delivery-Workflow-chromium/test-failed-1.png]]

[[ATTACHMENT|complete-client-lifecycle--15869-e-Service-Delivery-Workflow-chromium/video.webm]]

[[ATTACHMENT|complete-client-lifecycle--15869-e-Service-Delivery-Workflow-chromium/error-context.md]]
]]>
</system-out>
</testcase>
<testcase name="Complete Client Lifecycle › Asset Management Lifecycle" classname="complete-client-lifecycle.spec.ts" time="31.181">
<failure message="complete-client-lifecycle.spec.ts:241:3 Asset Management Lifecycle" type="FAILURE">
<![CDATA[  [chromium] › complete-client-lifecycle.spec.ts:241:3 › Complete Client Lifecycle › Asset Management Lifecycle 

    Test timeout of 30000ms exceeded while running "beforeEach" hook.

      127 | // Main test suites
      128 | test.describe('Complete Client Lifecycle', () => {
    > 129 |   test.beforeEach(async ({ page }) => {
          |        ^
      130 |     await login(page)
      131 |   })
      132 |
        at /Users/yasseralmohammed/Documents/MsspClientManager/tests/e2e/complete-client-lifecycle.spec.ts:129:8

    Error: page.fill: Test timeout of 30000ms exceeded.
    Call log:
      - waiting for locator('[name="username"]')


      46 | async function login(page: Page) {
      47 |   await page.goto('/login')
    > 48 |   await page.fill('[name="username"]', 'admin')
         |              ^
      49 |   await page.fill('[name="password"]', 'admin123')
      50 |   await page.click('button[type="submit"]')
      51 |   await expect(page).toHaveURL('/dashboard')
        at login (/Users/yasseralmohammed/Documents/MsspClientManager/tests/e2e/complete-client-lifecycle.spec.ts:48:14)
        at /Users/yasseralmohammed/Documents/MsspClientManager/tests/e2e/complete-client-lifecycle.spec.ts:130:5

    attachment #1: screenshot (image/png) ──────────────────────────────────────────────────────────
    test-results/complete-client-lifecycle--02f2a--Asset-Management-Lifecycle-chromium/test-failed-1.png
    ────────────────────────────────────────────────────────────────────────────────────────────────

    attachment #2: video (video/webm) ──────────────────────────────────────────────────────────────
    test-results/complete-client-lifecycle--02f2a--Asset-Management-Lifecycle-chromium/video.webm
    ────────────────────────────────────────────────────────────────────────────────────────────────

    Error Context: ../../test-results/complete-client-lifecycle--02f2a--Asset-Management-Lifecycle-chromium/error-context.md
]]>
</failure>
<system-out>
<![CDATA[
[[ATTACHMENT|complete-client-lifecycle--02f2a--Asset-Management-Lifecycle-chromium/test-failed-1.png]]

[[ATTACHMENT|complete-client-lifecycle--02f2a--Asset-Management-Lifecycle-chromium/video.webm]]

[[ATTACHMENT|complete-client-lifecycle--02f2a--Asset-Management-Lifecycle-chromium/error-context.md]]
]]>
</system-out>
</testcase>
<testcase name="Complete Client Lifecycle › Bulk Operations Workflow" classname="complete-client-lifecycle.spec.ts" time="31.16">
<failure message="complete-client-lifecycle.spec.ts:286:3 Bulk Operations Workflow" type="FAILURE">
<![CDATA[  [chromium] › complete-client-lifecycle.spec.ts:286:3 › Complete Client Lifecycle › Bulk Operations Workflow 

    Test timeout of 30000ms exceeded while running "beforeEach" hook.

      127 | // Main test suites
      128 | test.describe('Complete Client Lifecycle', () => {
    > 129 |   test.beforeEach(async ({ page }) => {
          |        ^
      130 |     await login(page)
      131 |   })
      132 |
        at /Users/yasseralmohammed/Documents/MsspClientManager/tests/e2e/complete-client-lifecycle.spec.ts:129:8

    Error: page.fill: Test timeout of 30000ms exceeded.
    Call log:
      - waiting for locator('[name="username"]')


      46 | async function login(page: Page) {
      47 |   await page.goto('/login')
    > 48 |   await page.fill('[name="username"]', 'admin')
         |              ^
      49 |   await page.fill('[name="password"]', 'admin123')
      50 |   await page.click('button[type="submit"]')
      51 |   await expect(page).toHaveURL('/dashboard')
        at login (/Users/yasseralmohammed/Documents/MsspClientManager/tests/e2e/complete-client-lifecycle.spec.ts:48:14)
        at /Users/yasseralmohammed/Documents/MsspClientManager/tests/e2e/complete-client-lifecycle.spec.ts:130:5

    attachment #1: screenshot (image/png) ──────────────────────────────────────────────────────────
    test-results/complete-client-lifecycle--117e3-le-Bulk-Operations-Workflow-chromium/test-failed-1.png
    ────────────────────────────────────────────────────────────────────────────────────────────────

    attachment #2: video (video/webm) ──────────────────────────────────────────────────────────────
    test-results/complete-client-lifecycle--117e3-le-Bulk-Operations-Workflow-chromium/video.webm
    ────────────────────────────────────────────────────────────────────────────────────────────────

    Error Context: ../../test-results/complete-client-lifecycle--117e3-le-Bulk-Operations-Workflow-chromium/error-context.md
]]>
</failure>
<system-out>
<![CDATA[
[[ATTACHMENT|complete-client-lifecycle--117e3-le-Bulk-Operations-Workflow-chromium/test-failed-1.png]]

[[ATTACHMENT|complete-client-lifecycle--117e3-le-Bulk-Operations-Workflow-chromium/video.webm]]

[[ATTACHMENT|complete-client-lifecycle--117e3-le-Bulk-Operations-Workflow-chromium/error-context.md]]
]]>
</system-out>
</testcase>
<testcase name="Complete Client Lifecycle › Integration Engine Workflow" classname="complete-client-lifecycle.spec.ts" time="31.263">
<failure message="complete-client-lifecycle.spec.ts:326:3 Integration Engine Workflow" type="FAILURE">
<![CDATA[  [chromium] › complete-client-lifecycle.spec.ts:326:3 › Complete Client Lifecycle › Integration Engine Workflow 

    Test timeout of 30000ms exceeded while running "beforeEach" hook.

      127 | // Main test suites
      128 | test.describe('Complete Client Lifecycle', () => {
    > 129 |   test.beforeEach(async ({ page }) => {
          |        ^
      130 |     await login(page)
      131 |   })
      132 |
        at /Users/yasseralmohammed/Documents/MsspClientManager/tests/e2e/complete-client-lifecycle.spec.ts:129:8

    Error: page.fill: Test timeout of 30000ms exceeded.
    Call log:
      - waiting for locator('[name="username"]')


      46 | async function login(page: Page) {
      47 |   await page.goto('/login')
    > 48 |   await page.fill('[name="username"]', 'admin')
         |              ^
      49 |   await page.fill('[name="password"]', 'admin123')
      50 |   await page.click('button[type="submit"]')
      51 |   await expect(page).toHaveURL('/dashboard')
        at login (/Users/yasseralmohammed/Documents/MsspClientManager/tests/e2e/complete-client-lifecycle.spec.ts:48:14)
        at /Users/yasseralmohammed/Documents/MsspClientManager/tests/e2e/complete-client-lifecycle.spec.ts:130:5

    attachment #1: screenshot (image/png) ──────────────────────────────────────────────────────────
    test-results/complete-client-lifecycle--5b9b0-Integration-Engine-Workflow-chromium/test-failed-1.png
    ────────────────────────────────────────────────────────────────────────────────────────────────

    attachment #2: video (video/webm) ──────────────────────────────────────────────────────────────
    test-results/complete-client-lifecycle--5b9b0-Integration-Engine-Workflow-chromium/video.webm
    ────────────────────────────────────────────────────────────────────────────────────────────────

    Error Context: ../../test-results/complete-client-lifecycle--5b9b0-Integration-Engine-Workflow-chromium/error-context.md
]]>
</failure>
<system-out>
<![CDATA[
[[ATTACHMENT|complete-client-lifecycle--5b9b0-Integration-Engine-Workflow-chromium/test-failed-1.png]]

[[ATTACHMENT|complete-client-lifecycle--5b9b0-Integration-Engine-Workflow-chromium/video.webm]]

[[ATTACHMENT|complete-client-lifecycle--5b9b0-Integration-Engine-Workflow-chromium/error-context.md]]
]]>
</system-out>
</testcase>
<testcase name="Error Handling and Edge Cases › Handles validation errors gracefully" classname="complete-client-lifecycle.spec.ts" time="30.873">
<failure message="complete-client-lifecycle.spec.ts:393:3 Handles validation errors gracefully" type="FAILURE">
<![CDATA[  [chromium] › complete-client-lifecycle.spec.ts:393:3 › Error Handling and Edge Cases › Handles validation errors gracefully 

    Test timeout of 30000ms exceeded while running "beforeEach" hook.

      387 |
      388 | test.describe('Error Handling and Edge Cases', () => {
    > 389 |   test.beforeEach(async ({ page }) => {
          |        ^
      390 |     await login(page)
      391 |   })
      392 |
        at /Users/yasseralmohammed/Documents/MsspClientManager/tests/e2e/complete-client-lifecycle.spec.ts:389:8

    Error: page.fill: Test timeout of 30000ms exceeded.
    Call log:
      - waiting for locator('[name="username"]')


      46 | async function login(page: Page) {
      47 |   await page.goto('/login')
    > 48 |   await page.fill('[name="username"]', 'admin')
         |              ^
      49 |   await page.fill('[name="password"]', 'admin123')
      50 |   await page.click('button[type="submit"]')
      51 |   await expect(page).toHaveURL('/dashboard')
        at login (/Users/yasseralmohammed/Documents/MsspClientManager/tests/e2e/complete-client-lifecycle.spec.ts:48:14)
        at /Users/yasseralmohammed/Documents/MsspClientManager/tests/e2e/complete-client-lifecycle.spec.ts:390:5

    attachment #1: screenshot (image/png) ──────────────────────────────────────────────────────────
    test-results/complete-client-lifecycle--f51f6-alidation-errors-gracefully-chromium/test-failed-1.png
    ────────────────────────────────────────────────────────────────────────────────────────────────

    attachment #2: video (video/webm) ──────────────────────────────────────────────────────────────
    test-results/complete-client-lifecycle--f51f6-alidation-errors-gracefully-chromium/video.webm
    ────────────────────────────────────────────────────────────────────────────────────────────────

    Error Context: ../../test-results/complete-client-lifecycle--f51f6-alidation-errors-gracefully-chromium/error-context.md
]]>
</failure>
<system-out>
<![CDATA[
[[ATTACHMENT|complete-client-lifecycle--f51f6-alidation-errors-gracefully-chromium/test-failed-1.png]]

[[ATTACHMENT|complete-client-lifecycle--f51f6-alidation-errors-gracefully-chromium/video.webm]]

[[ATTACHMENT|complete-client-lifecycle--f51f6-alidation-errors-gracefully-chromium/error-context.md]]
]]>
</system-out>
</testcase>
<testcase name="Error Handling and Edge Cases › Handles network errors with retry mechanism" classname="complete-client-lifecycle.spec.ts" time="30.873">
<failure message="complete-client-lifecycle.spec.ts:410:3 Handles network errors with retry mechanism" type="FAILURE">
<![CDATA[  [chromium] › complete-client-lifecycle.spec.ts:410:3 › Error Handling and Edge Cases › Handles network errors with retry mechanism 

    Test timeout of 30000ms exceeded while running "beforeEach" hook.

      387 |
      388 | test.describe('Error Handling and Edge Cases', () => {
    > 389 |   test.beforeEach(async ({ page }) => {
          |        ^
      390 |     await login(page)
      391 |   })
      392 |
        at /Users/yasseralmohammed/Documents/MsspClientManager/tests/e2e/complete-client-lifecycle.spec.ts:389:8

    Error: page.fill: Test timeout of 30000ms exceeded.
    Call log:
      - waiting for locator('[name="username"]')


      46 | async function login(page: Page) {
      47 |   await page.goto('/login')
    > 48 |   await page.fill('[name="username"]', 'admin')
         |              ^
      49 |   await page.fill('[name="password"]', 'admin123')
      50 |   await page.click('button[type="submit"]')
      51 |   await expect(page).toHaveURL('/dashboard')
        at login (/Users/yasseralmohammed/Documents/MsspClientManager/tests/e2e/complete-client-lifecycle.spec.ts:48:14)
        at /Users/yasseralmohammed/Documents/MsspClientManager/tests/e2e/complete-client-lifecycle.spec.ts:390:5

    attachment #1: screenshot (image/png) ──────────────────────────────────────────────────────────
    test-results/complete-client-lifecycle--41623-errors-with-retry-mechanism-chromium/test-failed-1.png
    ────────────────────────────────────────────────────────────────────────────────────────────────

    attachment #2: video (video/webm) ──────────────────────────────────────────────────────────────
    test-results/complete-client-lifecycle--41623-errors-with-retry-mechanism-chromium/video.webm
    ────────────────────────────────────────────────────────────────────────────────────────────────

    Error Context: ../../test-results/complete-client-lifecycle--41623-errors-with-retry-mechanism-chromium/error-context.md
]]>
</failure>
<system-out>
<![CDATA[
[[ATTACHMENT|complete-client-lifecycle--41623-errors-with-retry-mechanism-chromium/test-failed-1.png]]

[[ATTACHMENT|complete-client-lifecycle--41623-errors-with-retry-mechanism-chromium/video.webm]]

[[ATTACHMENT|complete-client-lifecycle--41623-errors-with-retry-mechanism-chromium/error-context.md]]
]]>
</system-out>
</testcase>
<testcase name="Error Handling and Edge Cases › Handles concurrent user actions" classname="complete-client-lifecycle.spec.ts" time="30.951">
<failure message="complete-client-lifecycle.spec.ts:439:3 Handles concurrent user actions" type="FAILURE">
<![CDATA[  [chromium] › complete-client-lifecycle.spec.ts:439:3 › Error Handling and Edge Cases › Handles concurrent user actions 

    Test timeout of 30000ms exceeded while running "beforeEach" hook.

      387 |
      388 | test.describe('Error Handling and Edge Cases', () => {
    > 389 |   test.beforeEach(async ({ page }) => {
          |        ^
      390 |     await login(page)
      391 |   })
      392 |
        at /Users/yasseralmohammed/Documents/MsspClientManager/tests/e2e/complete-client-lifecycle.spec.ts:389:8

    Error: page.fill: Test timeout of 30000ms exceeded.
    Call log:
      - waiting for locator('[name="username"]')


      46 | async function login(page: Page) {
      47 |   await page.goto('/login')
    > 48 |   await page.fill('[name="username"]', 'admin')
         |              ^
      49 |   await page.fill('[name="password"]', 'admin123')
      50 |   await page.click('button[type="submit"]')
      51 |   await expect(page).toHaveURL('/dashboard')
        at login (/Users/yasseralmohammed/Documents/MsspClientManager/tests/e2e/complete-client-lifecycle.spec.ts:48:14)
        at /Users/yasseralmohammed/Documents/MsspClientManager/tests/e2e/complete-client-lifecycle.spec.ts:390:5

    attachment #1: screenshot (image/png) ──────────────────────────────────────────────────────────
    test-results/complete-client-lifecycle--464a4-les-concurrent-user-actions-chromium/test-failed-1.png
    ────────────────────────────────────────────────────────────────────────────────────────────────

    attachment #2: video (video/webm) ──────────────────────────────────────────────────────────────
    test-results/complete-client-lifecycle--464a4-les-concurrent-user-actions-chromium/video.webm
    ────────────────────────────────────────────────────────────────────────────────────────────────

    Error Context: ../../test-results/complete-client-lifecycle--464a4-les-concurrent-user-actions-chromium/error-context.md
]]>
</failure>
<system-out>
<![CDATA[
[[ATTACHMENT|complete-client-lifecycle--464a4-les-concurrent-user-actions-chromium/test-failed-1.png]]

[[ATTACHMENT|complete-client-lifecycle--464a4-les-concurrent-user-actions-chromium/video.webm]]

[[ATTACHMENT|complete-client-lifecycle--464a4-les-concurrent-user-actions-chromium/error-context.md]]
]]>
</system-out>
</testcase>
<testcase name="Performance and Accessibility › Dashboard loads within performance budget" classname="complete-client-lifecycle.spec.ts" time="30.947">
<failure message="complete-client-lifecycle.spec.ts:467:3 Dashboard loads within performance budget" type="FAILURE">
<![CDATA[  [chromium] › complete-client-lifecycle.spec.ts:467:3 › Performance and Accessibility › Dashboard loads within performance budget 

    Test timeout of 30000ms exceeded.

    Error: page.fill: Test timeout of 30000ms exceeded.
    Call log:
      - waiting for locator('[name="username"]')


      46 | async function login(page: Page) {
      47 |   await page.goto('/login')
    > 48 |   await page.fill('[name="username"]', 'admin')
         |              ^
      49 |   await page.fill('[name="password"]', 'admin123')
      50 |   await page.click('button[type="submit"]')
      51 |   await expect(page).toHaveURL('/dashboard')
        at login (/Users/yasseralmohammed/Documents/MsspClientManager/tests/e2e/complete-client-lifecycle.spec.ts:48:14)
        at /Users/yasseralmohammed/Documents/MsspClientManager/tests/e2e/complete-client-lifecycle.spec.ts:468:5

    attachment #1: screenshot (image/png) ──────────────────────────────────────────────────────────
    test-results/complete-client-lifecycle--425f9-s-within-performance-budget-chromium/test-failed-1.png
    ────────────────────────────────────────────────────────────────────────────────────────────────

    attachment #2: video (video/webm) ──────────────────────────────────────────────────────────────
    test-results/complete-client-lifecycle--425f9-s-within-performance-budget-chromium/video.webm
    ────────────────────────────────────────────────────────────────────────────────────────────────

    Error Context: ../../test-results/complete-client-lifecycle--425f9-s-within-performance-budget-chromium/error-context.md
]]>
</failure>
<system-out>
<![CDATA[
[[ATTACHMENT|complete-client-lifecycle--425f9-s-within-performance-budget-chromium/test-failed-1.png]]

[[ATTACHMENT|complete-client-lifecycle--425f9-s-within-performance-budget-chromium/video.webm]]

[[ATTACHMENT|complete-client-lifecycle--425f9-s-within-performance-budget-chromium/error-context.md]]
]]>
</system-out>
</testcase>
<testcase name="Performance and Accessibility › Application is accessible" classname="complete-client-lifecycle.spec.ts" time="30.948">
<failure message="complete-client-lifecycle.spec.ts:484:3 Application is accessible" type="FAILURE">
<![CDATA[  [chromium] › complete-client-lifecycle.spec.ts:484:3 › Performance and Accessibility › Application is accessible 

    Test timeout of 30000ms exceeded.

    Error: page.fill: Test timeout of 30000ms exceeded.
    Call log:
      - waiting for locator('[name="username"]')


      46 | async function login(page: Page) {
      47 |   await page.goto('/login')
    > 48 |   await page.fill('[name="username"]', 'admin')
         |              ^
      49 |   await page.fill('[name="password"]', 'admin123')
      50 |   await page.click('button[type="submit"]')
      51 |   await expect(page).toHaveURL('/dashboard')
        at login (/Users/yasseralmohammed/Documents/MsspClientManager/tests/e2e/complete-client-lifecycle.spec.ts:48:14)
        at /Users/yasseralmohammed/Documents/MsspClientManager/tests/e2e/complete-client-lifecycle.spec.ts:485:5

    attachment #1: screenshot (image/png) ──────────────────────────────────────────────────────────
    test-results/complete-client-lifecycle--abdc0-y-Application-is-accessible-chromium/test-failed-1.png
    ────────────────────────────────────────────────────────────────────────────────────────────────

    attachment #2: video (video/webm) ──────────────────────────────────────────────────────────────
    test-results/complete-client-lifecycle--abdc0-y-Application-is-accessible-chromium/video.webm
    ────────────────────────────────────────────────────────────────────────────────────────────────

    Error Context: ../../test-results/complete-client-lifecycle--abdc0-y-Application-is-accessible-chromium/error-context.md
]]>
</failure>
<system-out>
<![CDATA[
[[ATTACHMENT|complete-client-lifecycle--abdc0-y-Application-is-accessible-chromium/test-failed-1.png]]

[[ATTACHMENT|complete-client-lifecycle--abdc0-y-Application-is-accessible-chromium/video.webm]]

[[ATTACHMENT|complete-client-lifecycle--abdc0-y-Application-is-accessible-chromium/error-context.md]]
]]>
</system-out>
</testcase>
</testsuite>
<testsuite name="client-management.spec.ts" timestamp="2025-06-01T16:14:45.747Z" hostname="firefox" tests="9" failures="9" skipped="0" time="7.005" errors="0">
<testcase name="Client Management E2E Tests › should navigate to clients page and display client list" classname="client-management.spec.ts" time="0.901">
<failure message="client-management.spec.ts:23:3 should navigate to clients page and display client list" type="FAILURE">
<![CDATA[  [firefox] › client-management.spec.ts:23:3 › Client Management E2E Tests › should navigate to clients page and display client list 

    Error: page.goto: NS_ERROR_NET_EMPTY_RESPONSE
    Call log:
      - navigating to "http://localhost:5000/", waiting until "load"


       8 |     
       9 |     // Login before each test
    > 10 |     await page.goto('/')
         |                ^
      11 |     await page.fill('[data-testid="username"]', 'admin')
      12 |     await page.fill('[data-testid="password"]', 'admin123')
      13 |     await page.click('[data-testid="login-button"]')
        at /Users/yasseralmohammed/Documents/MsspClientManager/tests/e2e/client-management.spec.ts:10:16

    attachment #1: screenshot (image/png) ──────────────────────────────────────────────────────────
    test-results/client-management-Client-M-71b10-age-and-display-client-list-firefox/test-failed-1.png
    ────────────────────────────────────────────────────────────────────────────────────────────────

    Error Context: ../../test-results/client-management-Client-M-71b10-age-and-display-client-list-firefox/error-context.md
]]>
</failure>
<system-out>
<![CDATA[
[[ATTACHMENT|client-management-Client-M-71b10-age-and-display-client-list-firefox/test-failed-1.png]]

[[ATTACHMENT|client-management-Client-M-71b10-age-and-display-client-list-firefox/error-context.md]]
]]>
</system-out>
</testcase>
<testcase name="Client Management E2E Tests › should create a new client successfully" classname="client-management.spec.ts" time="0.884">
<failure message="client-management.spec.ts:35:3 should create a new client successfully" type="FAILURE">
<![CDATA[  [firefox] › client-management.spec.ts:35:3 › Client Management E2E Tests › should create a new client successfully 

    Error: page.goto: NS_ERROR_NET_EMPTY_RESPONSE
    Call log:
      - navigating to "http://localhost:5000/", waiting until "load"


       8 |     
       9 |     // Login before each test
    > 10 |     await page.goto('/')
         |                ^
      11 |     await page.fill('[data-testid="username"]', 'admin')
      12 |     await page.fill('[data-testid="password"]', 'admin123')
      13 |     await page.click('[data-testid="login-button"]')
        at /Users/yasseralmohammed/Documents/MsspClientManager/tests/e2e/client-management.spec.ts:10:16

    attachment #1: screenshot (image/png) ──────────────────────────────────────────────────────────
    test-results/client-management-Client-M-7ca01-e-a-new-client-successfully-firefox/test-failed-1.png
    ────────────────────────────────────────────────────────────────────────────────────────────────

    Error Context: ../../test-results/client-management-Client-M-7ca01-e-a-new-client-successfully-firefox/error-context.md
]]>
</failure>
<system-out>
<![CDATA[
[[ATTACHMENT|client-management-Client-M-7ca01-e-a-new-client-successfully-firefox/test-failed-1.png]]

[[ATTACHMENT|client-management-Client-M-7ca01-e-a-new-client-successfully-firefox/error-context.md]]
]]>
</system-out>
</testcase>
<testcase name="Client Management E2E Tests › should edit an existing client" classname="client-management.spec.ts" time="0.682">
<failure message="client-management.spec.ts:62:3 should edit an existing client" type="FAILURE">
<![CDATA[  [firefox] › client-management.spec.ts:62:3 › Client Management E2E Tests › should edit an existing client 

    Error: page.goto: NS_ERROR_NET_EMPTY_RESPONSE
    Call log:
      - navigating to "http://localhost:5000/", waiting until "load"


       8 |     
       9 |     // Login before each test
    > 10 |     await page.goto('/')
         |                ^
      11 |     await page.fill('[data-testid="username"]', 'admin')
      12 |     await page.fill('[data-testid="password"]', 'admin123')
      13 |     await page.click('[data-testid="login-button"]')
        at /Users/yasseralmohammed/Documents/MsspClientManager/tests/e2e/client-management.spec.ts:10:16

    attachment #1: screenshot (image/png) ──────────────────────────────────────────────────────────
    test-results/client-management-Client-M-21bb8-uld-edit-an-existing-client-firefox/test-failed-1.png
    ────────────────────────────────────────────────────────────────────────────────────────────────

    Error Context: ../../test-results/client-management-Client-M-21bb8-uld-edit-an-existing-client-firefox/error-context.md
]]>
</failure>
<system-out>
<![CDATA[
[[ATTACHMENT|client-management-Client-M-21bb8-uld-edit-an-existing-client-firefox/test-failed-1.png]]

[[ATTACHMENT|client-management-Client-M-21bb8-uld-edit-an-existing-client-firefox/error-context.md]]
]]>
</system-out>
</testcase>
<testcase name="Client Management E2E Tests › should delete a client" classname="client-management.spec.ts" time="0.722">
<failure message="client-management.spec.ts:91:3 should delete a client" type="FAILURE">
<![CDATA[  [firefox] › client-management.spec.ts:91:3 › Client Management E2E Tests › should delete a client 

    Error: page.goto: NS_ERROR_NET_EMPTY_RESPONSE
    Call log:
      - navigating to "http://localhost:5000/", waiting until "load"


       8 |     
       9 |     // Login before each test
    > 10 |     await page.goto('/')
         |                ^
      11 |     await page.fill('[data-testid="username"]', 'admin')
      12 |     await page.fill('[data-testid="password"]', 'admin123')
      13 |     await page.click('[data-testid="login-button"]')
        at /Users/yasseralmohammed/Documents/MsspClientManager/tests/e2e/client-management.spec.ts:10:16

    attachment #1: screenshot (image/png) ──────────────────────────────────────────────────────────
    test-results/client-management-Client-M-44000-ests-should-delete-a-client-firefox/test-failed-1.png
    ────────────────────────────────────────────────────────────────────────────────────────────────

    Error Context: ../../test-results/client-management-Client-M-44000-ests-should-delete-a-client-firefox/error-context.md
]]>
</failure>
<system-out>
<![CDATA[
[[ATTACHMENT|client-management-Client-M-44000-ests-should-delete-a-client-firefox/test-failed-1.png]]

[[ATTACHMENT|client-management-Client-M-44000-ests-should-delete-a-client-firefox/error-context.md]]
]]>
</system-out>
</testcase>
<testcase name="Client Management E2E Tests › should search and filter clients" classname="client-management.spec.ts" time="0.781">
<failure message="client-management.spec.ts:115:3 should search and filter clients" type="FAILURE">
<![CDATA[  [firefox] › client-management.spec.ts:115:3 › Client Management E2E Tests › should search and filter clients 

    Error: page.goto: NS_ERROR_NET_EMPTY_RESPONSE
    Call log:
      - navigating to "http://localhost:5000/", waiting until "load"


       8 |     
       9 |     // Login before each test
    > 10 |     await page.goto('/')
         |                ^
      11 |     await page.fill('[data-testid="username"]', 'admin')
      12 |     await page.fill('[data-testid="password"]', 'admin123')
      13 |     await page.click('[data-testid="login-button"]')
        at /Users/yasseralmohammed/Documents/MsspClientManager/tests/e2e/client-management.spec.ts:10:16

    attachment #1: screenshot (image/png) ──────────────────────────────────────────────────────────
    test-results/client-management-Client-M-e11f8-d-search-and-filter-clients-firefox/test-failed-1.png
    ────────────────────────────────────────────────────────────────────────────────────────────────

    Error Context: ../../test-results/client-management-Client-M-e11f8-d-search-and-filter-clients-firefox/error-context.md
]]>
</failure>
<system-out>
<![CDATA[
[[ATTACHMENT|client-management-Client-M-e11f8-d-search-and-filter-clients-firefox/test-failed-1.png]]

[[ATTACHMENT|client-management-Client-M-e11f8-d-search-and-filter-clients-firefox/error-context.md]]
]]>
</system-out>
</testcase>
<testcase name="Client Management E2E Tests › should view client details and aggregated data" classname="client-management.spec.ts" time="0.737">
<failure message="client-management.spec.ts:154:3 should view client details and aggregated data" type="FAILURE">
<![CDATA[  [firefox] › client-management.spec.ts:154:3 › Client Management E2E Tests › should view client details and aggregated data 

    Error: page.goto: NS_ERROR_NET_EMPTY_RESPONSE
    Call log:
      - navigating to "http://localhost:5000/", waiting until "load"


       8 |     
       9 |     // Login before each test
    > 10 |     await page.goto('/')
         |                ^
      11 |     await page.fill('[data-testid="username"]', 'admin')
      12 |     await page.fill('[data-testid="password"]', 'admin123')
      13 |     await page.click('[data-testid="login-button"]')
        at /Users/yasseralmohammed/Documents/MsspClientManager/tests/e2e/client-management.spec.ts:10:16

    attachment #1: screenshot (image/png) ──────────────────────────────────────────────────────────
    test-results/client-management-Client-M-69fcb-details-and-aggregated-data-firefox/test-failed-1.png
    ────────────────────────────────────────────────────────────────────────────────────────────────

    Error Context: ../../test-results/client-management-Client-M-69fcb-details-and-aggregated-data-firefox/error-context.md
]]>
</failure>
<system-out>
<![CDATA[
[[ATTACHMENT|client-management-Client-M-69fcb-details-and-aggregated-data-firefox/test-failed-1.png]]

[[ATTACHMENT|client-management-Client-M-69fcb-details-and-aggregated-data-firefox/error-context.md]]
]]>
</system-out>
</testcase>
<testcase name="Client Management E2E Tests › should handle bulk import functionality" classname="client-management.spec.ts" time="0.743">
<failure message="client-management.spec.ts:184:3 should handle bulk import functionality" type="FAILURE">
<![CDATA[  [firefox] › client-management.spec.ts:184:3 › Client Management E2E Tests › should handle bulk import functionality 

    Error: page.goto: NS_ERROR_NET_EMPTY_RESPONSE
    Call log:
      - navigating to "http://localhost:5000/", waiting until "load"


       8 |     
       9 |     // Login before each test
    > 10 |     await page.goto('/')
         |                ^
      11 |     await page.fill('[data-testid="username"]', 'admin')
      12 |     await page.fill('[data-testid="password"]', 'admin123')
      13 |     await page.click('[data-testid="login-button"]')
        at /Users/yasseralmohammed/Documents/MsspClientManager/tests/e2e/client-management.spec.ts:10:16

    attachment #1: screenshot (image/png) ──────────────────────────────────────────────────────────
    test-results/client-management-Client-M-1e8fd-e-bulk-import-functionality-firefox/test-failed-1.png
    ────────────────────────────────────────────────────────────────────────────────────────────────

    Error Context: ../../test-results/client-management-Client-M-1e8fd-e-bulk-import-functionality-firefox/error-context.md
]]>
</failure>
<system-out>
<![CDATA[
[[ATTACHMENT|client-management-Client-M-1e8fd-e-bulk-import-functionality-firefox/test-failed-1.png]]

[[ATTACHMENT|client-management-Client-M-1e8fd-e-bulk-import-functionality-firefox/error-context.md]]
]]>
</system-out>
</testcase>
<testcase name="Client Management E2E Tests › should validate form fields and show error messages" classname="client-management.spec.ts" time="0.731">
<failure message="client-management.spec.ts:219:3 should validate form fields and show error messages" type="FAILURE">
<![CDATA[  [firefox] › client-management.spec.ts:219:3 › Client Management E2E Tests › should validate form fields and show error messages 

    Error: page.goto: NS_ERROR_NET_EMPTY_RESPONSE
    Call log:
      - navigating to "http://localhost:5000/", waiting until "load"


       8 |     
       9 |     // Login before each test
    > 10 |     await page.goto('/')
         |                ^
      11 |     await page.fill('[data-testid="username"]', 'admin')
      12 |     await page.fill('[data-testid="password"]', 'admin123')
      13 |     await page.click('[data-testid="login-button"]')
        at /Users/yasseralmohammed/Documents/MsspClientManager/tests/e2e/client-management.spec.ts:10:16

    attachment #1: screenshot (image/png) ──────────────────────────────────────────────────────────
    test-results/client-management-Client-M-576be-lds-and-show-error-messages-firefox/test-failed-1.png
    ────────────────────────────────────────────────────────────────────────────────────────────────

    Error Context: ../../test-results/client-management-Client-M-576be-lds-and-show-error-messages-firefox/error-context.md
]]>
</failure>
<system-out>
<![CDATA[
[[ATTACHMENT|client-management-Client-M-576be-lds-and-show-error-messages-firefox/test-failed-1.png]]

[[ATTACHMENT|client-management-Client-M-576be-lds-and-show-error-messages-firefox/error-context.md]]
]]>
</system-out>
</testcase>
<testcase name="Client Management E2E Tests › should handle external system mappings" classname="client-management.spec.ts" time="0.824">
<failure message="client-management.spec.ts:244:3 should handle external system mappings" type="FAILURE">
<![CDATA[  [firefox] › client-management.spec.ts:244:3 › Client Management E2E Tests › should handle external system mappings 

    Error: page.goto: NS_ERROR_NET_EMPTY_RESPONSE
    Call log:
      - navigating to "http://localhost:5000/", waiting until "load"


       8 |     
       9 |     // Login before each test
    > 10 |     await page.goto('/')
         |                ^
      11 |     await page.fill('[data-testid="username"]', 'admin')
      12 |     await page.fill('[data-testid="password"]', 'admin123')
      13 |     await page.click('[data-testid="login-button"]')
        at /Users/yasseralmohammed/Documents/MsspClientManager/tests/e2e/client-management.spec.ts:10:16

    attachment #1: screenshot (image/png) ──────────────────────────────────────────────────────────
    test-results/client-management-Client-M-2cfa6-le-external-system-mappings-firefox/test-failed-1.png
    ────────────────────────────────────────────────────────────────────────────────────────────────

    Error Context: ../../test-results/client-management-Client-M-2cfa6-le-external-system-mappings-firefox/error-context.md
]]>
</failure>
<system-out>
<![CDATA[
[[ATTACHMENT|client-management-Client-M-2cfa6-le-external-system-mappings-firefox/test-failed-1.png]]

[[ATTACHMENT|client-management-Client-M-2cfa6-le-external-system-mappings-firefox/error-context.md]]
]]>
</system-out>
</testcase>
</testsuite>
<testsuite name="complete-client-lifecycle.spec.ts" timestamp="2025-06-01T16:14:45.747Z" hostname="firefox" tests="10" failures="10" skipped="0" time="7.424" errors="0">
<testcase name="Complete Client Lifecycle › Full Client Onboarding Workflow" classname="complete-client-lifecycle.spec.ts" time="0.697">
<failure message="complete-client-lifecycle.spec.ts:133:3 Full Client Onboarding Workflow" type="FAILURE">
<![CDATA[  [firefox] › complete-client-lifecycle.spec.ts:133:3 › Complete Client Lifecycle › Full Client Onboarding Workflow 

    Error: page.goto: NS_ERROR_NET_EMPTY_RESPONSE
    Call log:
      - navigating to "http://localhost:5000/login", waiting until "load"


      45 | // Helper functions
      46 | async function login(page: Page) {
    > 47 |   await page.goto('/login')
         |              ^
      48 |   await page.fill('[name="username"]', 'admin')
      49 |   await page.fill('[name="password"]', 'admin123')
      50 |   await page.click('button[type="submit"]')
        at login (/Users/yasseralmohammed/Documents/MsspClientManager/tests/e2e/complete-client-lifecycle.spec.ts:47:14)
        at /Users/yasseralmohammed/Documents/MsspClientManager/tests/e2e/complete-client-lifecycle.spec.ts:130:11

    attachment #1: screenshot (image/png) ──────────────────────────────────────────────────────────
    test-results/complete-client-lifecycle--2e28e--Client-Onboarding-Workflow-firefox/test-failed-1.png
    ────────────────────────────────────────────────────────────────────────────────────────────────

    attachment #2: video (video/webm) ──────────────────────────────────────────────────────────────
    test-results/complete-client-lifecycle--2e28e--Client-Onboarding-Workflow-firefox/video.webm
    ────────────────────────────────────────────────────────────────────────────────────────────────

    Error Context: ../../test-results/complete-client-lifecycle--2e28e--Client-Onboarding-Workflow-firefox/error-context.md
]]>
</failure>
<system-out>
<![CDATA[
[[ATTACHMENT|complete-client-lifecycle--2e28e--Client-Onboarding-Workflow-firefox/test-failed-1.png]]

[[ATTACHMENT|complete-client-lifecycle--2e28e--Client-Onboarding-Workflow-firefox/video.webm]]

[[ATTACHMENT|complete-client-lifecycle--2e28e--Client-Onboarding-Workflow-firefox/error-context.md]]
]]>
</system-out>
</testcase>
<testcase name="Complete Client Lifecycle › Service Delivery Workflow" classname="complete-client-lifecycle.spec.ts" time="0.755">
<failure message="complete-client-lifecycle.spec.ts:187:3 Service Delivery Workflow" type="FAILURE">
<![CDATA[  [firefox] › complete-client-lifecycle.spec.ts:187:3 › Complete Client Lifecycle › Service Delivery Workflow 

    Error: page.goto: NS_ERROR_NET_EMPTY_RESPONSE
    Call log:
      - navigating to "http://localhost:5000/login", waiting until "load"


      45 | // Helper functions
      46 | async function login(page: Page) {
    > 47 |   await page.goto('/login')
         |              ^
      48 |   await page.fill('[name="username"]', 'admin')
      49 |   await page.fill('[name="password"]', 'admin123')
      50 |   await page.click('button[type="submit"]')
        at login (/Users/yasseralmohammed/Documents/MsspClientManager/tests/e2e/complete-client-lifecycle.spec.ts:47:14)
        at /Users/yasseralmohammed/Documents/MsspClientManager/tests/e2e/complete-client-lifecycle.spec.ts:130:11

    attachment #1: screenshot (image/png) ──────────────────────────────────────────────────────────
    test-results/complete-client-lifecycle--15869-e-Service-Delivery-Workflow-firefox/test-failed-1.png
    ────────────────────────────────────────────────────────────────────────────────────────────────

    attachment #2: video (video/webm) ──────────────────────────────────────────────────────────────
    test-results/complete-client-lifecycle--15869-e-Service-Delivery-Workflow-firefox/video.webm
    ────────────────────────────────────────────────────────────────────────────────────────────────

    Error Context: ../../test-results/complete-client-lifecycle--15869-e-Service-Delivery-Workflow-firefox/error-context.md
]]>
</failure>
<system-out>
<![CDATA[
[[ATTACHMENT|complete-client-lifecycle--15869-e-Service-Delivery-Workflow-firefox/test-failed-1.png]]

[[ATTACHMENT|complete-client-lifecycle--15869-e-Service-Delivery-Workflow-firefox/video.webm]]

[[ATTACHMENT|complete-client-lifecycle--15869-e-Service-Delivery-Workflow-firefox/error-context.md]]
]]>
</system-out>
</testcase>
<testcase name="Complete Client Lifecycle › Asset Management Lifecycle" classname="complete-client-lifecycle.spec.ts" time="0.78">
<failure message="complete-client-lifecycle.spec.ts:241:3 Asset Management Lifecycle" type="FAILURE">
<![CDATA[  [firefox] › complete-client-lifecycle.spec.ts:241:3 › Complete Client Lifecycle › Asset Management Lifecycle 

    Error: page.goto: NS_ERROR_NET_EMPTY_RESPONSE
    Call log:
      - navigating to "http://localhost:5000/login", waiting until "load"


      45 | // Helper functions
      46 | async function login(page: Page) {
    > 47 |   await page.goto('/login')
         |              ^
      48 |   await page.fill('[name="username"]', 'admin')
      49 |   await page.fill('[name="password"]', 'admin123')
      50 |   await page.click('button[type="submit"]')
        at login (/Users/yasseralmohammed/Documents/MsspClientManager/tests/e2e/complete-client-lifecycle.spec.ts:47:14)
        at /Users/yasseralmohammed/Documents/MsspClientManager/tests/e2e/complete-client-lifecycle.spec.ts:130:11

    attachment #1: screenshot (image/png) ──────────────────────────────────────────────────────────
    test-results/complete-client-lifecycle--02f2a--Asset-Management-Lifecycle-firefox/test-failed-1.png
    ────────────────────────────────────────────────────────────────────────────────────────────────

    attachment #2: video (video/webm) ──────────────────────────────────────────────────────────────
    test-results/complete-client-lifecycle--02f2a--Asset-Management-Lifecycle-firefox/video.webm
    ────────────────────────────────────────────────────────────────────────────────────────────────

    Error Context: ../../test-results/complete-client-lifecycle--02f2a--Asset-Management-Lifecycle-firefox/error-context.md
]]>
</failure>
<system-out>
<![CDATA[
[[ATTACHMENT|complete-client-lifecycle--02f2a--Asset-Management-Lifecycle-firefox/test-failed-1.png]]

[[ATTACHMENT|complete-client-lifecycle--02f2a--Asset-Management-Lifecycle-firefox/video.webm]]

[[ATTACHMENT|complete-client-lifecycle--02f2a--Asset-Management-Lifecycle-firefox/error-context.md]]
]]>
</system-out>
</testcase>
<testcase name="Complete Client Lifecycle › Bulk Operations Workflow" classname="complete-client-lifecycle.spec.ts" time="0.74">
<failure message="complete-client-lifecycle.spec.ts:286:3 Bulk Operations Workflow" type="FAILURE">
<![CDATA[  [firefox] › complete-client-lifecycle.spec.ts:286:3 › Complete Client Lifecycle › Bulk Operations Workflow 

    Error: page.goto: NS_ERROR_NET_EMPTY_RESPONSE
    Call log:
      - navigating to "http://localhost:5000/login", waiting until "load"


      45 | // Helper functions
      46 | async function login(page: Page) {
    > 47 |   await page.goto('/login')
         |              ^
      48 |   await page.fill('[name="username"]', 'admin')
      49 |   await page.fill('[name="password"]', 'admin123')
      50 |   await page.click('button[type="submit"]')
        at login (/Users/yasseralmohammed/Documents/MsspClientManager/tests/e2e/complete-client-lifecycle.spec.ts:47:14)
        at /Users/yasseralmohammed/Documents/MsspClientManager/tests/e2e/complete-client-lifecycle.spec.ts:130:11

    attachment #1: screenshot (image/png) ──────────────────────────────────────────────────────────
    test-results/complete-client-lifecycle--117e3-le-Bulk-Operations-Workflow-firefox/test-failed-1.png
    ────────────────────────────────────────────────────────────────────────────────────────────────

    attachment #2: video (video/webm) ──────────────────────────────────────────────────────────────
    test-results/complete-client-lifecycle--117e3-le-Bulk-Operations-Workflow-firefox/video.webm
    ────────────────────────────────────────────────────────────────────────────────────────────────

    Error Context: ../../test-results/complete-client-lifecycle--117e3-le-Bulk-Operations-Workflow-firefox/error-context.md
]]>
</failure>
<system-out>
<![CDATA[
[[ATTACHMENT|complete-client-lifecycle--117e3-le-Bulk-Operations-Workflow-firefox/test-failed-1.png]]

[[ATTACHMENT|complete-client-lifecycle--117e3-le-Bulk-Operations-Workflow-firefox/video.webm]]

[[ATTACHMENT|complete-client-lifecycle--117e3-le-Bulk-Operations-Workflow-firefox/error-context.md]]
]]>
</system-out>
</testcase>
<testcase name="Complete Client Lifecycle › Integration Engine Workflow" classname="complete-client-lifecycle.spec.ts" time="0.732">
<failure message="complete-client-lifecycle.spec.ts:326:3 Integration Engine Workflow" type="FAILURE">
<![CDATA[  [firefox] › complete-client-lifecycle.spec.ts:326:3 › Complete Client Lifecycle › Integration Engine Workflow 

    Error: page.goto: NS_ERROR_NET_EMPTY_RESPONSE
    Call log:
      - navigating to "http://localhost:5000/login", waiting until "load"


      45 | // Helper functions
      46 | async function login(page: Page) {
    > 47 |   await page.goto('/login')
         |              ^
      48 |   await page.fill('[name="username"]', 'admin')
      49 |   await page.fill('[name="password"]', 'admin123')
      50 |   await page.click('button[type="submit"]')
        at login (/Users/yasseralmohammed/Documents/MsspClientManager/tests/e2e/complete-client-lifecycle.spec.ts:47:14)
        at /Users/yasseralmohammed/Documents/MsspClientManager/tests/e2e/complete-client-lifecycle.spec.ts:130:11

    attachment #1: screenshot (image/png) ──────────────────────────────────────────────────────────
    test-results/complete-client-lifecycle--5b9b0-Integration-Engine-Workflow-firefox/test-failed-1.png
    ────────────────────────────────────────────────────────────────────────────────────────────────

    attachment #2: video (video/webm) ──────────────────────────────────────────────────────────────
    test-results/complete-client-lifecycle--5b9b0-Integration-Engine-Workflow-firefox/video.webm
    ────────────────────────────────────────────────────────────────────────────────────────────────

    Error Context: ../../test-results/complete-client-lifecycle--5b9b0-Integration-Engine-Workflow-firefox/error-context.md
]]>
</failure>
<system-out>
<![CDATA[
[[ATTACHMENT|complete-client-lifecycle--5b9b0-Integration-Engine-Workflow-firefox/test-failed-1.png]]

[[ATTACHMENT|complete-client-lifecycle--5b9b0-Integration-Engine-Workflow-firefox/video.webm]]

[[ATTACHMENT|complete-client-lifecycle--5b9b0-Integration-Engine-Workflow-firefox/error-context.md]]
]]>
</system-out>
</testcase>
<testcase name="Error Handling and Edge Cases › Handles validation errors gracefully" classname="complete-client-lifecycle.spec.ts" time="0.764">
<failure message="complete-client-lifecycle.spec.ts:393:3 Handles validation errors gracefully" type="FAILURE">
<![CDATA[  [firefox] › complete-client-lifecycle.spec.ts:393:3 › Error Handling and Edge Cases › Handles validation errors gracefully 

    Error: page.goto: NS_ERROR_NET_EMPTY_RESPONSE
    Call log:
      - navigating to "http://localhost:5000/login", waiting until "load"


      45 | // Helper functions
      46 | async function login(page: Page) {
    > 47 |   await page.goto('/login')
         |              ^
      48 |   await page.fill('[name="username"]', 'admin')
      49 |   await page.fill('[name="password"]', 'admin123')
      50 |   await page.click('button[type="submit"]')
        at login (/Users/yasseralmohammed/Documents/MsspClientManager/tests/e2e/complete-client-lifecycle.spec.ts:47:14)
        at /Users/yasseralmohammed/Documents/MsspClientManager/tests/e2e/complete-client-lifecycle.spec.ts:390:11

    attachment #1: screenshot (image/png) ──────────────────────────────────────────────────────────
    test-results/complete-client-lifecycle--f51f6-alidation-errors-gracefully-firefox/test-failed-1.png
    ────────────────────────────────────────────────────────────────────────────────────────────────

    attachment #2: video (video/webm) ──────────────────────────────────────────────────────────────
    test-results/complete-client-lifecycle--f51f6-alidation-errors-gracefully-firefox/video.webm
    ────────────────────────────────────────────────────────────────────────────────────────────────

    Error Context: ../../test-results/complete-client-lifecycle--f51f6-alidation-errors-gracefully-firefox/error-context.md
]]>
</failure>
<system-out>
<![CDATA[
[[ATTACHMENT|complete-client-lifecycle--f51f6-alidation-errors-gracefully-firefox/test-failed-1.png]]

[[ATTACHMENT|complete-client-lifecycle--f51f6-alidation-errors-gracefully-firefox/video.webm]]

[[ATTACHMENT|complete-client-lifecycle--f51f6-alidation-errors-gracefully-firefox/error-context.md]]
]]>
</system-out>
</testcase>
<testcase name="Error Handling and Edge Cases › Handles network errors with retry mechanism" classname="complete-client-lifecycle.spec.ts" time="0.814">
<failure message="complete-client-lifecycle.spec.ts:410:3 Handles network errors with retry mechanism" type="FAILURE">
<![CDATA[  [firefox] › complete-client-lifecycle.spec.ts:410:3 › Error Handling and Edge Cases › Handles network errors with retry mechanism 

    Error: page.goto: NS_ERROR_NET_EMPTY_RESPONSE
    Call log:
      - navigating to "http://localhost:5000/login", waiting until "load"


      45 | // Helper functions
      46 | async function login(page: Page) {
    > 47 |   await page.goto('/login')
         |              ^
      48 |   await page.fill('[name="username"]', 'admin')
      49 |   await page.fill('[name="password"]', 'admin123')
      50 |   await page.click('button[type="submit"]')
        at login (/Users/yasseralmohammed/Documents/MsspClientManager/tests/e2e/complete-client-lifecycle.spec.ts:47:14)
        at /Users/yasseralmohammed/Documents/MsspClientManager/tests/e2e/complete-client-lifecycle.spec.ts:390:11

    attachment #1: screenshot (image/png) ──────────────────────────────────────────────────────────
    test-results/complete-client-lifecycle--41623-errors-with-retry-mechanism-firefox/test-failed-1.png
    ────────────────────────────────────────────────────────────────────────────────────────────────

    attachment #2: video (video/webm) ──────────────────────────────────────────────────────────────
    test-results/complete-client-lifecycle--41623-errors-with-retry-mechanism-firefox/video.webm
    ────────────────────────────────────────────────────────────────────────────────────────────────

    Error Context: ../../test-results/complete-client-lifecycle--41623-errors-with-retry-mechanism-firefox/error-context.md
]]>
</failure>
<system-out>
<![CDATA[
[[ATTACHMENT|complete-client-lifecycle--41623-errors-with-retry-mechanism-firefox/test-failed-1.png]]

[[ATTACHMENT|complete-client-lifecycle--41623-errors-with-retry-mechanism-firefox/video.webm]]

[[ATTACHMENT|complete-client-lifecycle--41623-errors-with-retry-mechanism-firefox/error-context.md]]
]]>
</system-out>
</testcase>
<testcase name="Error Handling and Edge Cases › Handles concurrent user actions" classname="complete-client-lifecycle.spec.ts" time="0.682">
<failure message="complete-client-lifecycle.spec.ts:439:3 Handles concurrent user actions" type="FAILURE">
<![CDATA[  [firefox] › complete-client-lifecycle.spec.ts:439:3 › Error Handling and Edge Cases › Handles concurrent user actions 

    Error: page.goto: NS_ERROR_NET_EMPTY_RESPONSE
    Call log:
      - navigating to "http://localhost:5000/login", waiting until "load"


      45 | // Helper functions
      46 | async function login(page: Page) {
    > 47 |   await page.goto('/login')
         |              ^
      48 |   await page.fill('[name="username"]', 'admin')
      49 |   await page.fill('[name="password"]', 'admin123')
      50 |   await page.click('button[type="submit"]')
        at login (/Users/yasseralmohammed/Documents/MsspClientManager/tests/e2e/complete-client-lifecycle.spec.ts:47:14)
        at /Users/yasseralmohammed/Documents/MsspClientManager/tests/e2e/complete-client-lifecycle.spec.ts:390:11

    attachment #1: screenshot (image/png) ──────────────────────────────────────────────────────────
    test-results/complete-client-lifecycle--464a4-les-concurrent-user-actions-firefox/test-failed-1.png
    ────────────────────────────────────────────────────────────────────────────────────────────────

    attachment #2: video (video/webm) ──────────────────────────────────────────────────────────────
    test-results/complete-client-lifecycle--464a4-les-concurrent-user-actions-firefox/video.webm
    ────────────────────────────────────────────────────────────────────────────────────────────────

    Error Context: ../../test-results/complete-client-lifecycle--464a4-les-concurrent-user-actions-firefox/error-context.md
]]>
</failure>
<system-out>
<![CDATA[
[[ATTACHMENT|complete-client-lifecycle--464a4-les-concurrent-user-actions-firefox/test-failed-1.png]]

[[ATTACHMENT|complete-client-lifecycle--464a4-les-concurrent-user-actions-firefox/video.webm]]

[[ATTACHMENT|complete-client-lifecycle--464a4-les-concurrent-user-actions-firefox/error-context.md]]
]]>
</system-out>
</testcase>
<testcase name="Performance and Accessibility › Dashboard loads within performance budget" classname="complete-client-lifecycle.spec.ts" time="0.708">
<failure message="complete-client-lifecycle.spec.ts:467:3 Dashboard loads within performance budget" type="FAILURE">
<![CDATA[  [firefox] › complete-client-lifecycle.spec.ts:467:3 › Performance and Accessibility › Dashboard loads within performance budget 

    Error: page.goto: NS_ERROR_NET_EMPTY_RESPONSE
    Call log:
      - navigating to "http://localhost:5000/login", waiting until "load"


      45 | // Helper functions
      46 | async function login(page: Page) {
    > 47 |   await page.goto('/login')
         |              ^
      48 |   await page.fill('[name="username"]', 'admin')
      49 |   await page.fill('[name="password"]', 'admin123')
      50 |   await page.click('button[type="submit"]')
        at login (/Users/yasseralmohammed/Documents/MsspClientManager/tests/e2e/complete-client-lifecycle.spec.ts:47:14)
        at /Users/yasseralmohammed/Documents/MsspClientManager/tests/e2e/complete-client-lifecycle.spec.ts:468:11

    attachment #1: screenshot (image/png) ──────────────────────────────────────────────────────────
    test-results/complete-client-lifecycle--425f9-s-within-performance-budget-firefox/test-failed-1.png
    ────────────────────────────────────────────────────────────────────────────────────────────────

    attachment #2: video (video/webm) ──────────────────────────────────────────────────────────────
    test-results/complete-client-lifecycle--425f9-s-within-performance-budget-firefox/video.webm
    ────────────────────────────────────────────────────────────────────────────────────────────────

    Error Context: ../../test-results/complete-client-lifecycle--425f9-s-within-performance-budget-firefox/error-context.md
]]>
</failure>
<system-out>
<![CDATA[
[[ATTACHMENT|complete-client-lifecycle--425f9-s-within-performance-budget-firefox/test-failed-1.png]]

[[ATTACHMENT|complete-client-lifecycle--425f9-s-within-performance-budget-firefox/video.webm]]

[[ATTACHMENT|complete-client-lifecycle--425f9-s-within-performance-budget-firefox/error-context.md]]
]]>
</system-out>
</testcase>
<testcase name="Performance and Accessibility › Application is accessible" classname="complete-client-lifecycle.spec.ts" time="0.752">
<failure message="complete-client-lifecycle.spec.ts:484:3 Application is accessible" type="FAILURE">
<![CDATA[  [firefox] › complete-client-lifecycle.spec.ts:484:3 › Performance and Accessibility › Application is accessible 

    Error: page.goto: NS_ERROR_NET_EMPTY_RESPONSE
    Call log:
      - navigating to "http://localhost:5000/login", waiting until "load"


      45 | // Helper functions
      46 | async function login(page: Page) {
    > 47 |   await page.goto('/login')
         |              ^
      48 |   await page.fill('[name="username"]', 'admin')
      49 |   await page.fill('[name="password"]', 'admin123')
      50 |   await page.click('button[type="submit"]')
        at login (/Users/yasseralmohammed/Documents/MsspClientManager/tests/e2e/complete-client-lifecycle.spec.ts:47:14)
        at /Users/yasseralmohammed/Documents/MsspClientManager/tests/e2e/complete-client-lifecycle.spec.ts:485:11

    attachment #1: screenshot (image/png) ──────────────────────────────────────────────────────────
    test-results/complete-client-lifecycle--abdc0-y-Application-is-accessible-firefox/test-failed-1.png
    ────────────────────────────────────────────────────────────────────────────────────────────────

    attachment #2: video (video/webm) ──────────────────────────────────────────────────────────────
    test-results/complete-client-lifecycle--abdc0-y-Application-is-accessible-firefox/video.webm
    ────────────────────────────────────────────────────────────────────────────────────────────────

    Error Context: ../../test-results/complete-client-lifecycle--abdc0-y-Application-is-accessible-firefox/error-context.md
]]>
</failure>
<system-out>
<![CDATA[
[[ATTACHMENT|complete-client-lifecycle--abdc0-y-Application-is-accessible-firefox/test-failed-1.png]]

[[ATTACHMENT|complete-client-lifecycle--abdc0-y-Application-is-accessible-firefox/video.webm]]

[[ATTACHMENT|complete-client-lifecycle--abdc0-y-Application-is-accessible-firefox/error-context.md]]
]]>
</system-out>
</testcase>
</testsuite>
<testsuite name="client-management.spec.ts" timestamp="2025-06-01T16:14:45.747Z" hostname="webkit" tests="9" failures="9" skipped="0" time="270.387" errors="0">
<testcase name="Client Management E2E Tests › should navigate to clients page and display client list" classname="client-management.spec.ts" time="30.048">
<failure message="client-management.spec.ts:23:3 should navigate to clients page and display client list" type="FAILURE">
<![CDATA[  [webkit] › client-management.spec.ts:23:3 › Client Management E2E Tests › should navigate to clients page and display client list 

    Test timeout of 30000ms exceeded while running "beforeEach" hook.

      4 |   let page: Page
      5 |
    > 6 |   test.beforeEach(async ({ browser }) => {
        |        ^
      7 |     page = await browser.newPage()
      8 |     
      9 |     // Login before each test
        at /Users/yasseralmohammed/Documents/MsspClientManager/tests/e2e/client-management.spec.ts:6:8

    Error: page.fill: Target page, context or browser has been closed
    Call log:
      - waiting for locator('[data-testid="username"]')


       9 |     // Login before each test
      10 |     await page.goto('/')
    > 11 |     await page.fill('[data-testid="username"]', 'admin')
         |                ^
      12 |     await page.fill('[data-testid="password"]', 'admin123')
      13 |     await page.click('[data-testid="login-button"]')
      14 |     
        at /Users/yasseralmohammed/Documents/MsspClientManager/tests/e2e/client-management.spec.ts:11:16

    attachment #1: screenshot (image/png) ──────────────────────────────────────────────────────────
    test-results/client-management-Client-M-71b10-age-and-display-client-list-webkit/test-failed-1.png
    ────────────────────────────────────────────────────────────────────────────────────────────────

    Error Context: ../../test-results/client-management-Client-M-71b10-age-and-display-client-list-webkit/error-context.md
]]>
</failure>
<system-out>
<![CDATA[
[[ATTACHMENT|client-management-Client-M-71b10-age-and-display-client-list-webkit/test-failed-1.png]]

[[ATTACHMENT|client-management-Client-M-71b10-age-and-display-client-list-webkit/error-context.md]]
]]>
</system-out>
</testcase>
<testcase name="Client Management E2E Tests › should create a new client successfully" classname="client-management.spec.ts" time="30.041">
<failure message="client-management.spec.ts:35:3 should create a new client successfully" type="FAILURE">
<![CDATA[  [webkit] › client-management.spec.ts:35:3 › Client Management E2E Tests › should create a new client successfully 

    Test timeout of 30000ms exceeded while running "beforeEach" hook.

      4 |   let page: Page
      5 |
    > 6 |   test.beforeEach(async ({ browser }) => {
        |        ^
      7 |     page = await browser.newPage()
      8 |     
      9 |     // Login before each test
        at /Users/yasseralmohammed/Documents/MsspClientManager/tests/e2e/client-management.spec.ts:6:8

    Error: page.fill: Target page, context or browser has been closed
    Call log:
      - waiting for locator('[data-testid="username"]')


       9 |     // Login before each test
      10 |     await page.goto('/')
    > 11 |     await page.fill('[data-testid="username"]', 'admin')
         |                ^
      12 |     await page.fill('[data-testid="password"]', 'admin123')
      13 |     await page.click('[data-testid="login-button"]')
      14 |     
        at /Users/yasseralmohammed/Documents/MsspClientManager/tests/e2e/client-management.spec.ts:11:16

    attachment #1: screenshot (image/png) ──────────────────────────────────────────────────────────
    test-results/client-management-Client-M-7ca01-e-a-new-client-successfully-webkit/test-failed-1.png
    ────────────────────────────────────────────────────────────────────────────────────────────────

    Error Context: ../../test-results/client-management-Client-M-7ca01-e-a-new-client-successfully-webkit/error-context.md
]]>
</failure>
<system-out>
<![CDATA[
[[ATTACHMENT|client-management-Client-M-7ca01-e-a-new-client-successfully-webkit/test-failed-1.png]]

[[ATTACHMENT|client-management-Client-M-7ca01-e-a-new-client-successfully-webkit/error-context.md]]
]]>
</system-out>
</testcase>
<testcase name="Client Management E2E Tests › should edit an existing client" classname="client-management.spec.ts" time="30.043">
<failure message="client-management.spec.ts:62:3 should edit an existing client" type="FAILURE">
<![CDATA[  [webkit] › client-management.spec.ts:62:3 › Client Management E2E Tests › should edit an existing client 

    Test timeout of 30000ms exceeded while running "beforeEach" hook.

      4 |   let page: Page
      5 |
    > 6 |   test.beforeEach(async ({ browser }) => {
        |        ^
      7 |     page = await browser.newPage()
      8 |     
      9 |     // Login before each test
        at /Users/yasseralmohammed/Documents/MsspClientManager/tests/e2e/client-management.spec.ts:6:8

    Error: page.fill: Target page, context or browser has been closed
    Call log:
      - waiting for locator('[data-testid="username"]')


       9 |     // Login before each test
      10 |     await page.goto('/')
    > 11 |     await page.fill('[data-testid="username"]', 'admin')
         |                ^
      12 |     await page.fill('[data-testid="password"]', 'admin123')
      13 |     await page.click('[data-testid="login-button"]')
      14 |     
        at /Users/yasseralmohammed/Documents/MsspClientManager/tests/e2e/client-management.spec.ts:11:16

    attachment #1: screenshot (image/png) ──────────────────────────────────────────────────────────
    test-results/client-management-Client-M-21bb8-uld-edit-an-existing-client-webkit/test-failed-1.png
    ────────────────────────────────────────────────────────────────────────────────────────────────

    Error Context: ../../test-results/client-management-Client-M-21bb8-uld-edit-an-existing-client-webkit/error-context.md
]]>
</failure>
<system-out>
<![CDATA[
[[ATTACHMENT|client-management-Client-M-21bb8-uld-edit-an-existing-client-webkit/test-failed-1.png]]

[[ATTACHMENT|client-management-Client-M-21bb8-uld-edit-an-existing-client-webkit/error-context.md]]
]]>
</system-out>
</testcase>
<testcase name="Client Management E2E Tests › should delete a client" classname="client-management.spec.ts" time="30.044">
<failure message="client-management.spec.ts:91:3 should delete a client" type="FAILURE">
<![CDATA[  [webkit] › client-management.spec.ts:91:3 › Client Management E2E Tests › should delete a client ─

    Test timeout of 30000ms exceeded while running "beforeEach" hook.

      4 |   let page: Page
      5 |
    > 6 |   test.beforeEach(async ({ browser }) => {
        |        ^
      7 |     page = await browser.newPage()
      8 |     
      9 |     // Login before each test
        at /Users/yasseralmohammed/Documents/MsspClientManager/tests/e2e/client-management.spec.ts:6:8

    Error: page.fill: Target page, context or browser has been closed
    Call log:
      - waiting for locator('[data-testid="username"]')


       9 |     // Login before each test
      10 |     await page.goto('/')
    > 11 |     await page.fill('[data-testid="username"]', 'admin')
         |                ^
      12 |     await page.fill('[data-testid="password"]', 'admin123')
      13 |     await page.click('[data-testid="login-button"]')
      14 |     
        at /Users/yasseralmohammed/Documents/MsspClientManager/tests/e2e/client-management.spec.ts:11:16

    attachment #1: screenshot (image/png) ──────────────────────────────────────────────────────────
    test-results/client-management-Client-M-44000-ests-should-delete-a-client-webkit/test-failed-1.png
    ────────────────────────────────────────────────────────────────────────────────────────────────

    Error Context: ../../test-results/client-management-Client-M-44000-ests-should-delete-a-client-webkit/error-context.md
]]>
</failure>
<system-out>
<![CDATA[
[[ATTACHMENT|client-management-Client-M-44000-ests-should-delete-a-client-webkit/test-failed-1.png]]

[[ATTACHMENT|client-management-Client-M-44000-ests-should-delete-a-client-webkit/error-context.md]]
]]>
</system-out>
</testcase>
<testcase name="Client Management E2E Tests › should search and filter clients" classname="client-management.spec.ts" time="30.041">
<failure message="client-management.spec.ts:115:3 should search and filter clients" type="FAILURE">
<![CDATA[  [webkit] › client-management.spec.ts:115:3 › Client Management E2E Tests › should search and filter clients 

    Test timeout of 30000ms exceeded while running "beforeEach" hook.

      4 |   let page: Page
      5 |
    > 6 |   test.beforeEach(async ({ browser }) => {
        |        ^
      7 |     page = await browser.newPage()
      8 |     
      9 |     // Login before each test
        at /Users/yasseralmohammed/Documents/MsspClientManager/tests/e2e/client-management.spec.ts:6:8

    Error: page.fill: Target page, context or browser has been closed
    Call log:
      - waiting for locator('[data-testid="username"]')


       9 |     // Login before each test
      10 |     await page.goto('/')
    > 11 |     await page.fill('[data-testid="username"]', 'admin')
         |                ^
      12 |     await page.fill('[data-testid="password"]', 'admin123')
      13 |     await page.click('[data-testid="login-button"]')
      14 |     
        at /Users/yasseralmohammed/Documents/MsspClientManager/tests/e2e/client-management.spec.ts:11:16

    attachment #1: screenshot (image/png) ──────────────────────────────────────────────────────────
    test-results/client-management-Client-M-e11f8-d-search-and-filter-clients-webkit/test-failed-1.png
    ────────────────────────────────────────────────────────────────────────────────────────────────

    Error Context: ../../test-results/client-management-Client-M-e11f8-d-search-and-filter-clients-webkit/error-context.md
]]>
</failure>
<system-out>
<![CDATA[
[[ATTACHMENT|client-management-Client-M-e11f8-d-search-and-filter-clients-webkit/test-failed-1.png]]

[[ATTACHMENT|client-management-Client-M-e11f8-d-search-and-filter-clients-webkit/error-context.md]]
]]>
</system-out>
</testcase>
<testcase name="Client Management E2E Tests › should view client details and aggregated data" classname="client-management.spec.ts" time="30.041">
<failure message="client-management.spec.ts:154:3 should view client details and aggregated data" type="FAILURE">
<![CDATA[  [webkit] › client-management.spec.ts:154:3 › Client Management E2E Tests › should view client details and aggregated data 

    Test timeout of 30000ms exceeded while running "beforeEach" hook.

      4 |   let page: Page
      5 |
    > 6 |   test.beforeEach(async ({ browser }) => {
        |        ^
      7 |     page = await browser.newPage()
      8 |     
      9 |     // Login before each test
        at /Users/yasseralmohammed/Documents/MsspClientManager/tests/e2e/client-management.spec.ts:6:8

    Error: page.fill: Target page, context or browser has been closed
    Call log:
      - waiting for locator('[data-testid="username"]')


       9 |     // Login before each test
      10 |     await page.goto('/')
    > 11 |     await page.fill('[data-testid="username"]', 'admin')
         |                ^
      12 |     await page.fill('[data-testid="password"]', 'admin123')
      13 |     await page.click('[data-testid="login-button"]')
      14 |     
        at /Users/yasseralmohammed/Documents/MsspClientManager/tests/e2e/client-management.spec.ts:11:16

    attachment #1: screenshot (image/png) ──────────────────────────────────────────────────────────
    test-results/client-management-Client-M-69fcb-details-and-aggregated-data-webkit/test-failed-1.png
    ────────────────────────────────────────────────────────────────────────────────────────────────

    Error Context: ../../test-results/client-management-Client-M-69fcb-details-and-aggregated-data-webkit/error-context.md
]]>
</failure>
<system-out>
<![CDATA[
[[ATTACHMENT|client-management-Client-M-69fcb-details-and-aggregated-data-webkit/test-failed-1.png]]

[[ATTACHMENT|client-management-Client-M-69fcb-details-and-aggregated-data-webkit/error-context.md]]
]]>
</system-out>
</testcase>
<testcase name="Client Management E2E Tests › should handle bulk import functionality" classname="client-management.spec.ts" time="30.041">
<failure message="client-management.spec.ts:184:3 should handle bulk import functionality" type="FAILURE">
<![CDATA[  [webkit] › client-management.spec.ts:184:3 › Client Management E2E Tests › should handle bulk import functionality 

    Test timeout of 30000ms exceeded while running "beforeEach" hook.

      4 |   let page: Page
      5 |
    > 6 |   test.beforeEach(async ({ browser }) => {
        |        ^
      7 |     page = await browser.newPage()
      8 |     
      9 |     // Login before each test
        at /Users/yasseralmohammed/Documents/MsspClientManager/tests/e2e/client-management.spec.ts:6:8

    Error: page.fill: Target page, context or browser has been closed
    Call log:
      - waiting for locator('[data-testid="username"]')


       9 |     // Login before each test
      10 |     await page.goto('/')
    > 11 |     await page.fill('[data-testid="username"]', 'admin')
         |                ^
      12 |     await page.fill('[data-testid="password"]', 'admin123')
      13 |     await page.click('[data-testid="login-button"]')
      14 |     
        at /Users/yasseralmohammed/Documents/MsspClientManager/tests/e2e/client-management.spec.ts:11:16

    attachment #1: screenshot (image/png) ──────────────────────────────────────────────────────────
    test-results/client-management-Client-M-1e8fd-e-bulk-import-functionality-webkit/test-failed-1.png
    ────────────────────────────────────────────────────────────────────────────────────────────────

    Error Context: ../../test-results/client-management-Client-M-1e8fd-e-bulk-import-functionality-webkit/error-context.md
]]>
</failure>
<system-out>
<![CDATA[
[[ATTACHMENT|client-management-Client-M-1e8fd-e-bulk-import-functionality-webkit/test-failed-1.png]]

[[ATTACHMENT|client-management-Client-M-1e8fd-e-bulk-import-functionality-webkit/error-context.md]]
]]>
</system-out>
</testcase>
<testcase name="Client Management E2E Tests › should validate form fields and show error messages" classname="client-management.spec.ts" time="30.04">
<failure message="client-management.spec.ts:219:3 should validate form fields and show error messages" type="FAILURE">
<![CDATA[  [webkit] › client-management.spec.ts:219:3 › Client Management E2E Tests › should validate form fields and show error messages 

    Test timeout of 30000ms exceeded while running "beforeEach" hook.

      4 |   let page: Page
      5 |
    > 6 |   test.beforeEach(async ({ browser }) => {
        |        ^
      7 |     page = await browser.newPage()
      8 |     
      9 |     // Login before each test
        at /Users/yasseralmohammed/Documents/MsspClientManager/tests/e2e/client-management.spec.ts:6:8

    Error: page.fill: Target page, context or browser has been closed
    Call log:
      - waiting for locator('[data-testid="username"]')


       9 |     // Login before each test
      10 |     await page.goto('/')
    > 11 |     await page.fill('[data-testid="username"]', 'admin')
         |                ^
      12 |     await page.fill('[data-testid="password"]', 'admin123')
      13 |     await page.click('[data-testid="login-button"]')
      14 |     
        at /Users/yasseralmohammed/Documents/MsspClientManager/tests/e2e/client-management.spec.ts:11:16

    attachment #1: screenshot (image/png) ──────────────────────────────────────────────────────────
    test-results/client-management-Client-M-576be-lds-and-show-error-messages-webkit/test-failed-1.png
    ────────────────────────────────────────────────────────────────────────────────────────────────

    Error Context: ../../test-results/client-management-Client-M-576be-lds-and-show-error-messages-webkit/error-context.md
]]>
</failure>
<system-out>
<![CDATA[
[[ATTACHMENT|client-management-Client-M-576be-lds-and-show-error-messages-webkit/test-failed-1.png]]

[[ATTACHMENT|client-management-Client-M-576be-lds-and-show-error-messages-webkit/error-context.md]]
]]>
</system-out>
</testcase>
<testcase name="Client Management E2E Tests › should handle external system mappings" classname="client-management.spec.ts" time="30.048">
<failure message="client-management.spec.ts:244:3 should handle external system mappings" type="FAILURE">
<![CDATA[  [webkit] › client-management.spec.ts:244:3 › Client Management E2E Tests › should handle external system mappings 

    Test timeout of 30000ms exceeded while running "beforeEach" hook.

      4 |   let page: Page
      5 |
    > 6 |   test.beforeEach(async ({ browser }) => {
        |        ^
      7 |     page = await browser.newPage()
      8 |     
      9 |     // Login before each test
        at /Users/yasseralmohammed/Documents/MsspClientManager/tests/e2e/client-management.spec.ts:6:8

    Error: page.fill: Target page, context or browser has been closed
    Call log:
      - waiting for locator('[data-testid="username"]')


       9 |     // Login before each test
      10 |     await page.goto('/')
    > 11 |     await page.fill('[data-testid="username"]', 'admin')
         |                ^
      12 |     await page.fill('[data-testid="password"]', 'admin123')
      13 |     await page.click('[data-testid="login-button"]')
      14 |     
        at /Users/yasseralmohammed/Documents/MsspClientManager/tests/e2e/client-management.spec.ts:11:16

    attachment #1: screenshot (image/png) ──────────────────────────────────────────────────────────
    test-results/client-management-Client-M-2cfa6-le-external-system-mappings-webkit/test-failed-1.png
    ────────────────────────────────────────────────────────────────────────────────────────────────

    Error Context: ../../test-results/client-management-Client-M-2cfa6-le-external-system-mappings-webkit/error-context.md
]]>
</failure>
<system-out>
<![CDATA[
[[ATTACHMENT|client-management-Client-M-2cfa6-le-external-system-mappings-webkit/test-failed-1.png]]

[[ATTACHMENT|client-management-Client-M-2cfa6-le-external-system-mappings-webkit/error-context.md]]
]]>
</system-out>
</testcase>
</testsuite>
<testsuite name="complete-client-lifecycle.spec.ts" timestamp="2025-06-01T16:14:45.747Z" hostname="webkit" tests="10" failures="10" skipped="0" time="300.521" errors="0">
<testcase name="Complete Client Lifecycle › Full Client Onboarding Workflow" classname="complete-client-lifecycle.spec.ts" time="30.049">
<failure message="complete-client-lifecycle.spec.ts:133:3 Full Client Onboarding Workflow" type="FAILURE">
<![CDATA[  [webkit] › complete-client-lifecycle.spec.ts:133:3 › Complete Client Lifecycle › Full Client Onboarding Workflow 

    Test timeout of 30000ms exceeded while running "beforeEach" hook.

      127 | // Main test suites
      128 | test.describe('Complete Client Lifecycle', () => {
    > 129 |   test.beforeEach(async ({ page }) => {
          |        ^
      130 |     await login(page)
      131 |   })
      132 |
        at /Users/yasseralmohammed/Documents/MsspClientManager/tests/e2e/complete-client-lifecycle.spec.ts:129:8

    Error: page.fill: Test timeout of 30000ms exceeded.
    Call log:
      - waiting for locator('[name="username"]')


      46 | async function login(page: Page) {
      47 |   await page.goto('/login')
    > 48 |   await page.fill('[name="username"]', 'admin')
         |              ^
      49 |   await page.fill('[name="password"]', 'admin123')
      50 |   await page.click('button[type="submit"]')
      51 |   await expect(page).toHaveURL('/dashboard')
        at login (/Users/yasseralmohammed/Documents/MsspClientManager/tests/e2e/complete-client-lifecycle.spec.ts:48:14)
        at /Users/yasseralmohammed/Documents/MsspClientManager/tests/e2e/complete-client-lifecycle.spec.ts:130:5

    attachment #1: screenshot (image/png) ──────────────────────────────────────────────────────────
    test-results/complete-client-lifecycle--2e28e--Client-Onboarding-Workflow-webkit/test-failed-1.png
    ────────────────────────────────────────────────────────────────────────────────────────────────

    attachment #2: video (video/webm) ──────────────────────────────────────────────────────────────
    test-results/complete-client-lifecycle--2e28e--Client-Onboarding-Workflow-webkit/video.webm
    ────────────────────────────────────────────────────────────────────────────────────────────────

    Error Context: ../../test-results/complete-client-lifecycle--2e28e--Client-Onboarding-Workflow-webkit/error-context.md
]]>
</failure>
<system-out>
<![CDATA[
[[ATTACHMENT|complete-client-lifecycle--2e28e--Client-Onboarding-Workflow-webkit/test-failed-1.png]]

[[ATTACHMENT|complete-client-lifecycle--2e28e--Client-Onboarding-Workflow-webkit/video.webm]]

[[ATTACHMENT|complete-client-lifecycle--2e28e--Client-Onboarding-Workflow-webkit/error-context.md]]
]]>
</system-out>
</testcase>
<testcase name="Complete Client Lifecycle › Service Delivery Workflow" classname="complete-client-lifecycle.spec.ts" time="30.047">
<failure message="complete-client-lifecycle.spec.ts:187:3 Service Delivery Workflow" type="FAILURE">
<![CDATA[  [webkit] › complete-client-lifecycle.spec.ts:187:3 › Complete Client Lifecycle › Service Delivery Workflow 

    Test timeout of 30000ms exceeded while running "beforeEach" hook.

      127 | // Main test suites
      128 | test.describe('Complete Client Lifecycle', () => {
    > 129 |   test.beforeEach(async ({ page }) => {
          |        ^
      130 |     await login(page)
      131 |   })
      132 |
        at /Users/yasseralmohammed/Documents/MsspClientManager/tests/e2e/complete-client-lifecycle.spec.ts:129:8

    Error: page.fill: Test timeout of 30000ms exceeded.
    Call log:
      - waiting for locator('[name="username"]')


      46 | async function login(page: Page) {
      47 |   await page.goto('/login')
    > 48 |   await page.fill('[name="username"]', 'admin')
         |              ^
      49 |   await page.fill('[name="password"]', 'admin123')
      50 |   await page.click('button[type="submit"]')
      51 |   await expect(page).toHaveURL('/dashboard')
        at login (/Users/yasseralmohammed/Documents/MsspClientManager/tests/e2e/complete-client-lifecycle.spec.ts:48:14)
        at /Users/yasseralmohammed/Documents/MsspClientManager/tests/e2e/complete-client-lifecycle.spec.ts:130:5

    attachment #1: screenshot (image/png) ──────────────────────────────────────────────────────────
    test-results/complete-client-lifecycle--15869-e-Service-Delivery-Workflow-webkit/test-failed-1.png
    ────────────────────────────────────────────────────────────────────────────────────────────────

    attachment #2: video (video/webm) ──────────────────────────────────────────────────────────────
    test-results/complete-client-lifecycle--15869-e-Service-Delivery-Workflow-webkit/video.webm
    ────────────────────────────────────────────────────────────────────────────────────────────────

    Error Context: ../../test-results/complete-client-lifecycle--15869-e-Service-Delivery-Workflow-webkit/error-context.md
]]>
</failure>
<system-out>
<![CDATA[
[[ATTACHMENT|complete-client-lifecycle--15869-e-Service-Delivery-Workflow-webkit/test-failed-1.png]]

[[ATTACHMENT|complete-client-lifecycle--15869-e-Service-Delivery-Workflow-webkit/video.webm]]

[[ATTACHMENT|complete-client-lifecycle--15869-e-Service-Delivery-Workflow-webkit/error-context.md]]
]]>
</system-out>
</testcase>
<testcase name="Complete Client Lifecycle › Asset Management Lifecycle" classname="complete-client-lifecycle.spec.ts" time="30.064">
<failure message="complete-client-lifecycle.spec.ts:241:3 Asset Management Lifecycle" type="FAILURE">
<![CDATA[  [webkit] › complete-client-lifecycle.spec.ts:241:3 › Complete Client Lifecycle › Asset Management Lifecycle 

    Test timeout of 30000ms exceeded while running "beforeEach" hook.

      127 | // Main test suites
      128 | test.describe('Complete Client Lifecycle', () => {
    > 129 |   test.beforeEach(async ({ page }) => {
          |        ^
      130 |     await login(page)
      131 |   })
      132 |
        at /Users/yasseralmohammed/Documents/MsspClientManager/tests/e2e/complete-client-lifecycle.spec.ts:129:8

    Error: page.fill: Test timeout of 30000ms exceeded.
    Call log:
      - waiting for locator('[name="username"]')


      46 | async function login(page: Page) {
      47 |   await page.goto('/login')
    > 48 |   await page.fill('[name="username"]', 'admin')
         |              ^
      49 |   await page.fill('[name="password"]', 'admin123')
      50 |   await page.click('button[type="submit"]')
      51 |   await expect(page).toHaveURL('/dashboard')
        at login (/Users/yasseralmohammed/Documents/MsspClientManager/tests/e2e/complete-client-lifecycle.spec.ts:48:14)
        at /Users/yasseralmohammed/Documents/MsspClientManager/tests/e2e/complete-client-lifecycle.spec.ts:130:5

    attachment #1: screenshot (image/png) ──────────────────────────────────────────────────────────
    test-results/complete-client-lifecycle--02f2a--Asset-Management-Lifecycle-webkit/test-failed-1.png
    ────────────────────────────────────────────────────────────────────────────────────────────────

    attachment #2: video (video/webm) ──────────────────────────────────────────────────────────────
    test-results/complete-client-lifecycle--02f2a--Asset-Management-Lifecycle-webkit/video.webm
    ────────────────────────────────────────────────────────────────────────────────────────────────

    Error Context: ../../test-results/complete-client-lifecycle--02f2a--Asset-Management-Lifecycle-webkit/error-context.md
]]>
</failure>
<system-out>
<![CDATA[
[[ATTACHMENT|complete-client-lifecycle--02f2a--Asset-Management-Lifecycle-webkit/test-failed-1.png]]

[[ATTACHMENT|complete-client-lifecycle--02f2a--Asset-Management-Lifecycle-webkit/video.webm]]

[[ATTACHMENT|complete-client-lifecycle--02f2a--Asset-Management-Lifecycle-webkit/error-context.md]]
]]>
</system-out>
</testcase>
<testcase name="Complete Client Lifecycle › Bulk Operations Workflow" classname="complete-client-lifecycle.spec.ts" time="30.071">
<failure message="complete-client-lifecycle.spec.ts:286:3 Bulk Operations Workflow" type="FAILURE">
<![CDATA[  [webkit] › complete-client-lifecycle.spec.ts:286:3 › Complete Client Lifecycle › Bulk Operations Workflow 

    Test timeout of 30000ms exceeded while running "beforeEach" hook.

      127 | // Main test suites
      128 | test.describe('Complete Client Lifecycle', () => {
    > 129 |   test.beforeEach(async ({ page }) => {
          |        ^
      130 |     await login(page)
      131 |   })
      132 |
        at /Users/yasseralmohammed/Documents/MsspClientManager/tests/e2e/complete-client-lifecycle.spec.ts:129:8

    Error: page.fill: Test timeout of 30000ms exceeded.
    Call log:
      - waiting for locator('[name="username"]')


      46 | async function login(page: Page) {
      47 |   await page.goto('/login')
    > 48 |   await page.fill('[name="username"]', 'admin')
         |              ^
      49 |   await page.fill('[name="password"]', 'admin123')
      50 |   await page.click('button[type="submit"]')
      51 |   await expect(page).toHaveURL('/dashboard')
        at login (/Users/yasseralmohammed/Documents/MsspClientManager/tests/e2e/complete-client-lifecycle.spec.ts:48:14)
        at /Users/yasseralmohammed/Documents/MsspClientManager/tests/e2e/complete-client-lifecycle.spec.ts:130:5

    attachment #1: screenshot (image/png) ──────────────────────────────────────────────────────────
    test-results/complete-client-lifecycle--117e3-le-Bulk-Operations-Workflow-webkit/test-failed-1.png
    ────────────────────────────────────────────────────────────────────────────────────────────────

    attachment #2: video (video/webm) ──────────────────────────────────────────────────────────────
    test-results/complete-client-lifecycle--117e3-le-Bulk-Operations-Workflow-webkit/video.webm
    ────────────────────────────────────────────────────────────────────────────────────────────────

    Error Context: ../../test-results/complete-client-lifecycle--117e3-le-Bulk-Operations-Workflow-webkit/error-context.md
]]>
</failure>
<system-out>
<![CDATA[
[[ATTACHMENT|complete-client-lifecycle--117e3-le-Bulk-Operations-Workflow-webkit/test-failed-1.png]]

[[ATTACHMENT|complete-client-lifecycle--117e3-le-Bulk-Operations-Workflow-webkit/video.webm]]

[[ATTACHMENT|complete-client-lifecycle--117e3-le-Bulk-Operations-Workflow-webkit/error-context.md]]
]]>
</system-out>
</testcase>
<testcase name="Complete Client Lifecycle › Integration Engine Workflow" classname="complete-client-lifecycle.spec.ts" time="30.056">
<failure message="complete-client-lifecycle.spec.ts:326:3 Integration Engine Workflow" type="FAILURE">
<![CDATA[  [webkit] › complete-client-lifecycle.spec.ts:326:3 › Complete Client Lifecycle › Integration Engine Workflow 

    Test timeout of 30000ms exceeded while running "beforeEach" hook.

      127 | // Main test suites
      128 | test.describe('Complete Client Lifecycle', () => {
    > 129 |   test.beforeEach(async ({ page }) => {
          |        ^
      130 |     await login(page)
      131 |   })
      132 |
        at /Users/yasseralmohammed/Documents/MsspClientManager/tests/e2e/complete-client-lifecycle.spec.ts:129:8

    Error: page.fill: Test timeout of 30000ms exceeded.
    Call log:
      - waiting for locator('[name="username"]')


      46 | async function login(page: Page) {
      47 |   await page.goto('/login')
    > 48 |   await page.fill('[name="username"]', 'admin')
         |              ^
      49 |   await page.fill('[name="password"]', 'admin123')
      50 |   await page.click('button[type="submit"]')
      51 |   await expect(page).toHaveURL('/dashboard')
        at login (/Users/yasseralmohammed/Documents/MsspClientManager/tests/e2e/complete-client-lifecycle.spec.ts:48:14)
        at /Users/yasseralmohammed/Documents/MsspClientManager/tests/e2e/complete-client-lifecycle.spec.ts:130:5

    attachment #1: screenshot (image/png) ──────────────────────────────────────────────────────────
    test-results/complete-client-lifecycle--5b9b0-Integration-Engine-Workflow-webkit/test-failed-1.png
    ────────────────────────────────────────────────────────────────────────────────────────────────

    attachment #2: video (video/webm) ──────────────────────────────────────────────────────────────
    test-results/complete-client-lifecycle--5b9b0-Integration-Engine-Workflow-webkit/video.webm
    ────────────────────────────────────────────────────────────────────────────────────────────────

    Error Context: ../../test-results/complete-client-lifecycle--5b9b0-Integration-Engine-Workflow-webkit/error-context.md
]]>
</failure>
<system-out>
<![CDATA[
[[ATTACHMENT|complete-client-lifecycle--5b9b0-Integration-Engine-Workflow-webkit/test-failed-1.png]]

[[ATTACHMENT|complete-client-lifecycle--5b9b0-Integration-Engine-Workflow-webkit/video.webm]]

[[ATTACHMENT|complete-client-lifecycle--5b9b0-Integration-Engine-Workflow-webkit/error-context.md]]
]]>
</system-out>
</testcase>
<testcase name="Error Handling and Edge Cases › Handles validation errors gracefully" classname="complete-client-lifecycle.spec.ts" time="30.046">
<failure message="complete-client-lifecycle.spec.ts:393:3 Handles validation errors gracefully" type="FAILURE">
<![CDATA[  [webkit] › complete-client-lifecycle.spec.ts:393:3 › Error Handling and Edge Cases › Handles validation errors gracefully 

    Test timeout of 30000ms exceeded while running "beforeEach" hook.

      387 |
      388 | test.describe('Error Handling and Edge Cases', () => {
    > 389 |   test.beforeEach(async ({ page }) => {
          |        ^
      390 |     await login(page)
      391 |   })
      392 |
        at /Users/yasseralmohammed/Documents/MsspClientManager/tests/e2e/complete-client-lifecycle.spec.ts:389:8

    Error: page.fill: Test timeout of 30000ms exceeded.
    Call log:
      - waiting for locator('[name="username"]')


      46 | async function login(page: Page) {
      47 |   await page.goto('/login')
    > 48 |   await page.fill('[name="username"]', 'admin')
         |              ^
      49 |   await page.fill('[name="password"]', 'admin123')
      50 |   await page.click('button[type="submit"]')
      51 |   await expect(page).toHaveURL('/dashboard')
        at login (/Users/yasseralmohammed/Documents/MsspClientManager/tests/e2e/complete-client-lifecycle.spec.ts:48:14)
        at /Users/yasseralmohammed/Documents/MsspClientManager/tests/e2e/complete-client-lifecycle.spec.ts:390:5

    attachment #1: screenshot (image/png) ──────────────────────────────────────────────────────────
    test-results/complete-client-lifecycle--f51f6-alidation-errors-gracefully-webkit/test-failed-1.png
    ────────────────────────────────────────────────────────────────────────────────────────────────

    attachment #2: video (video/webm) ──────────────────────────────────────────────────────────────
    test-results/complete-client-lifecycle--f51f6-alidation-errors-gracefully-webkit/video.webm
    ────────────────────────────────────────────────────────────────────────────────────────────────

    Error Context: ../../test-results/complete-client-lifecycle--f51f6-alidation-errors-gracefully-webkit/error-context.md
]]>
</failure>
<system-out>
<![CDATA[
[[ATTACHMENT|complete-client-lifecycle--f51f6-alidation-errors-gracefully-webkit/test-failed-1.png]]

[[ATTACHMENT|complete-client-lifecycle--f51f6-alidation-errors-gracefully-webkit/video.webm]]

[[ATTACHMENT|complete-client-lifecycle--f51f6-alidation-errors-gracefully-webkit/error-context.md]]
]]>
</system-out>
</testcase>
<testcase name="Error Handling and Edge Cases › Handles network errors with retry mechanism" classname="complete-client-lifecycle.spec.ts" time="30.048">
<failure message="complete-client-lifecycle.spec.ts:410:3 Handles network errors with retry mechanism" type="FAILURE">
<![CDATA[  [webkit] › complete-client-lifecycle.spec.ts:410:3 › Error Handling and Edge Cases › Handles network errors with retry mechanism 

    Test timeout of 30000ms exceeded while running "beforeEach" hook.

      387 |
      388 | test.describe('Error Handling and Edge Cases', () => {
    > 389 |   test.beforeEach(async ({ page }) => {
          |        ^
      390 |     await login(page)
      391 |   })
      392 |
        at /Users/yasseralmohammed/Documents/MsspClientManager/tests/e2e/complete-client-lifecycle.spec.ts:389:8

    Error: page.fill: Test timeout of 30000ms exceeded.
    Call log:
      - waiting for locator('[name="username"]')


      46 | async function login(page: Page) {
      47 |   await page.goto('/login')
    > 48 |   await page.fill('[name="username"]', 'admin')
         |              ^
      49 |   await page.fill('[name="password"]', 'admin123')
      50 |   await page.click('button[type="submit"]')
      51 |   await expect(page).toHaveURL('/dashboard')
        at login (/Users/yasseralmohammed/Documents/MsspClientManager/tests/e2e/complete-client-lifecycle.spec.ts:48:14)
        at /Users/yasseralmohammed/Documents/MsspClientManager/tests/e2e/complete-client-lifecycle.spec.ts:390:5

    attachment #1: screenshot (image/png) ──────────────────────────────────────────────────────────
    test-results/complete-client-lifecycle--41623-errors-with-retry-mechanism-webkit/test-failed-1.png
    ────────────────────────────────────────────────────────────────────────────────────────────────

    attachment #2: video (video/webm) ──────────────────────────────────────────────────────────────
    test-results/complete-client-lifecycle--41623-errors-with-retry-mechanism-webkit/video.webm
    ────────────────────────────────────────────────────────────────────────────────────────────────

    Error Context: ../../test-results/complete-client-lifecycle--41623-errors-with-retry-mechanism-webkit/error-context.md
]]>
</failure>
<system-out>
<![CDATA[
[[ATTACHMENT|complete-client-lifecycle--41623-errors-with-retry-mechanism-webkit/test-failed-1.png]]

[[ATTACHMENT|complete-client-lifecycle--41623-errors-with-retry-mechanism-webkit/video.webm]]

[[ATTACHMENT|complete-client-lifecycle--41623-errors-with-retry-mechanism-webkit/error-context.md]]
]]>
</system-out>
</testcase>
<testcase name="Error Handling and Edge Cases › Handles concurrent user actions" classname="complete-client-lifecycle.spec.ts" time="30.047">
<failure message="complete-client-lifecycle.spec.ts:439:3 Handles concurrent user actions" type="FAILURE">
<![CDATA[  [webkit] › complete-client-lifecycle.spec.ts:439:3 › Error Handling and Edge Cases › Handles concurrent user actions 

    Test timeout of 30000ms exceeded while running "beforeEach" hook.

      387 |
      388 | test.describe('Error Handling and Edge Cases', () => {
    > 389 |   test.beforeEach(async ({ page }) => {
          |        ^
      390 |     await login(page)
      391 |   })
      392 |
        at /Users/yasseralmohammed/Documents/MsspClientManager/tests/e2e/complete-client-lifecycle.spec.ts:389:8

    Error: page.fill: Test timeout of 30000ms exceeded.
    Call log:
      - waiting for locator('[name="username"]')


      46 | async function login(page: Page) {
      47 |   await page.goto('/login')
    > 48 |   await page.fill('[name="username"]', 'admin')
         |              ^
      49 |   await page.fill('[name="password"]', 'admin123')
      50 |   await page.click('button[type="submit"]')
      51 |   await expect(page).toHaveURL('/dashboard')
        at login (/Users/yasseralmohammed/Documents/MsspClientManager/tests/e2e/complete-client-lifecycle.spec.ts:48:14)
        at /Users/yasseralmohammed/Documents/MsspClientManager/tests/e2e/complete-client-lifecycle.spec.ts:390:5

    attachment #1: screenshot (image/png) ──────────────────────────────────────────────────────────
    test-results/complete-client-lifecycle--464a4-les-concurrent-user-actions-webkit/test-failed-1.png
    ────────────────────────────────────────────────────────────────────────────────────────────────

    attachment #2: video (video/webm) ──────────────────────────────────────────────────────────────
    test-results/complete-client-lifecycle--464a4-les-concurrent-user-actions-webkit/video.webm
    ────────────────────────────────────────────────────────────────────────────────────────────────

    Error Context: ../../test-results/complete-client-lifecycle--464a4-les-concurrent-user-actions-webkit/error-context.md
]]>
</failure>
<system-out>
<![CDATA[
[[ATTACHMENT|complete-client-lifecycle--464a4-les-concurrent-user-actions-webkit/test-failed-1.png]]

[[ATTACHMENT|complete-client-lifecycle--464a4-les-concurrent-user-actions-webkit/video.webm]]

[[ATTACHMENT|complete-client-lifecycle--464a4-les-concurrent-user-actions-webkit/error-context.md]]
]]>
</system-out>
</testcase>
<testcase name="Performance and Accessibility › Dashboard loads within performance budget" classname="complete-client-lifecycle.spec.ts" time="30.046">
<failure message="complete-client-lifecycle.spec.ts:467:3 Dashboard loads within performance budget" type="FAILURE">
<![CDATA[  [webkit] › complete-client-lifecycle.spec.ts:467:3 › Performance and Accessibility › Dashboard loads within performance budget 

    Test timeout of 30000ms exceeded.

    Error: page.fill: Test timeout of 30000ms exceeded.
    Call log:
      - waiting for locator('[name="username"]')


      46 | async function login(page: Page) {
      47 |   await page.goto('/login')
    > 48 |   await page.fill('[name="username"]', 'admin')
         |              ^
      49 |   await page.fill('[name="password"]', 'admin123')
      50 |   await page.click('button[type="submit"]')
      51 |   await expect(page).toHaveURL('/dashboard')
        at login (/Users/yasseralmohammed/Documents/MsspClientManager/tests/e2e/complete-client-lifecycle.spec.ts:48:14)
        at /Users/yasseralmohammed/Documents/MsspClientManager/tests/e2e/complete-client-lifecycle.spec.ts:468:5

    attachment #1: screenshot (image/png) ──────────────────────────────────────────────────────────
    test-results/complete-client-lifecycle--425f9-s-within-performance-budget-webkit/test-failed-1.png
    ────────────────────────────────────────────────────────────────────────────────────────────────

    attachment #2: video (video/webm) ──────────────────────────────────────────────────────────────
    test-results/complete-client-lifecycle--425f9-s-within-performance-budget-webkit/video.webm
    ────────────────────────────────────────────────────────────────────────────────────────────────

    Error Context: ../../test-results/complete-client-lifecycle--425f9-s-within-performance-budget-webkit/error-context.md
]]>
</failure>
<system-out>
<![CDATA[
[[ATTACHMENT|complete-client-lifecycle--425f9-s-within-performance-budget-webkit/test-failed-1.png]]

[[ATTACHMENT|complete-client-lifecycle--425f9-s-within-performance-budget-webkit/video.webm]]

[[ATTACHMENT|complete-client-lifecycle--425f9-s-within-performance-budget-webkit/error-context.md]]
]]>
</system-out>
</testcase>
<testcase name="Performance and Accessibility › Application is accessible" classname="complete-client-lifecycle.spec.ts" time="30.047">
<failure message="complete-client-lifecycle.spec.ts:484:3 Application is accessible" type="FAILURE">
<![CDATA[  [webkit] › complete-client-lifecycle.spec.ts:484:3 › Performance and Accessibility › Application is accessible 

    Test timeout of 30000ms exceeded.

    Error: page.fill: Test timeout of 30000ms exceeded.
    Call log:
      - waiting for locator('[name="username"]')


      46 | async function login(page: Page) {
      47 |   await page.goto('/login')
    > 48 |   await page.fill('[name="username"]', 'admin')
         |              ^
      49 |   await page.fill('[name="password"]', 'admin123')
      50 |   await page.click('button[type="submit"]')
      51 |   await expect(page).toHaveURL('/dashboard')
        at login (/Users/yasseralmohammed/Documents/MsspClientManager/tests/e2e/complete-client-lifecycle.spec.ts:48:14)
        at /Users/yasseralmohammed/Documents/MsspClientManager/tests/e2e/complete-client-lifecycle.spec.ts:485:5

    attachment #1: screenshot (image/png) ──────────────────────────────────────────────────────────
    test-results/complete-client-lifecycle--abdc0-y-Application-is-accessible-webkit/test-failed-1.png
    ────────────────────────────────────────────────────────────────────────────────────────────────

    attachment #2: video (video/webm) ──────────────────────────────────────────────────────────────
    test-results/complete-client-lifecycle--abdc0-y-Application-is-accessible-webkit/video.webm
    ────────────────────────────────────────────────────────────────────────────────────────────────

    Error Context: ../../test-results/complete-client-lifecycle--abdc0-y-Application-is-accessible-webkit/error-context.md
]]>
</failure>
<system-out>
<![CDATA[
[[ATTACHMENT|complete-client-lifecycle--abdc0-y-Application-is-accessible-webkit/test-failed-1.png]]

[[ATTACHMENT|complete-client-lifecycle--abdc0-y-Application-is-accessible-webkit/video.webm]]

[[ATTACHMENT|complete-client-lifecycle--abdc0-y-Application-is-accessible-webkit/error-context.md]]
]]>
</system-out>
</testcase>
</testsuite>
<testsuite name="client-management.spec.ts" timestamp="2025-06-01T16:14:45.747Z" hostname="Mobile Chrome" tests="9" failures="9" skipped="0" time="270.886" errors="0">
<testcase name="Client Management E2E Tests › should navigate to clients page and display client list" classname="client-management.spec.ts" time="30.105">
<failure message="client-management.spec.ts:23:3 should navigate to clients page and display client list" type="FAILURE">
<![CDATA[  [Mobile Chrome] › client-management.spec.ts:23:3 › Client Management E2E Tests › should navigate to clients page and display client list 

    Test timeout of 30000ms exceeded while running "beforeEach" hook.

      4 |   let page: Page
      5 |
    > 6 |   test.beforeEach(async ({ browser }) => {
        |        ^
      7 |     page = await browser.newPage()
      8 |     
      9 |     // Login before each test
        at /Users/yasseralmohammed/Documents/MsspClientManager/tests/e2e/client-management.spec.ts:6:8

    Error: page.fill: Target page, context or browser has been closed
    Call log:
      - waiting for locator('[data-testid="username"]')


       9 |     // Login before each test
      10 |     await page.goto('/')
    > 11 |     await page.fill('[data-testid="username"]', 'admin')
         |                ^
      12 |     await page.fill('[data-testid="password"]', 'admin123')
      13 |     await page.click('[data-testid="login-button"]')
      14 |     
        at /Users/yasseralmohammed/Documents/MsspClientManager/tests/e2e/client-management.spec.ts:11:16

    attachment #1: screenshot (image/png) ──────────────────────────────────────────────────────────
    test-results/client-management-Client-M-71b10-age-and-display-client-list-Mobile-Chrome/test-failed-1.png
    ────────────────────────────────────────────────────────────────────────────────────────────────

    Error Context: ../../test-results/client-management-Client-M-71b10-age-and-display-client-list-Mobile-Chrome/error-context.md
]]>
</failure>
<system-out>
<![CDATA[
[[ATTACHMENT|client-management-Client-M-71b10-age-and-display-client-list-Mobile-Chrome/test-failed-1.png]]

[[ATTACHMENT|client-management-Client-M-71b10-age-and-display-client-list-Mobile-Chrome/error-context.md]]
]]>
</system-out>
</testcase>
<testcase name="Client Management E2E Tests › should create a new client successfully" classname="client-management.spec.ts" time="30.089">
<failure message="client-management.spec.ts:35:3 should create a new client successfully" type="FAILURE">
<![CDATA[  [Mobile Chrome] › client-management.spec.ts:35:3 › Client Management E2E Tests › should create a new client successfully 

    Test timeout of 30000ms exceeded while running "beforeEach" hook.

      4 |   let page: Page
      5 |
    > 6 |   test.beforeEach(async ({ browser }) => {
        |        ^
      7 |     page = await browser.newPage()
      8 |     
      9 |     // Login before each test
        at /Users/yasseralmohammed/Documents/MsspClientManager/tests/e2e/client-management.spec.ts:6:8

    Error: page.fill: Target page, context or browser has been closed
    Call log:
      - waiting for locator('[data-testid="username"]')


       9 |     // Login before each test
      10 |     await page.goto('/')
    > 11 |     await page.fill('[data-testid="username"]', 'admin')
         |                ^
      12 |     await page.fill('[data-testid="password"]', 'admin123')
      13 |     await page.click('[data-testid="login-button"]')
      14 |     
        at /Users/yasseralmohammed/Documents/MsspClientManager/tests/e2e/client-management.spec.ts:11:16

    attachment #1: screenshot (image/png) ──────────────────────────────────────────────────────────
    test-results/client-management-Client-M-7ca01-e-a-new-client-successfully-Mobile-Chrome/test-failed-1.png
    ────────────────────────────────────────────────────────────────────────────────────────────────

    Error Context: ../../test-results/client-management-Client-M-7ca01-e-a-new-client-successfully-Mobile-Chrome/error-context.md
]]>
</failure>
<system-out>
<![CDATA[
[[ATTACHMENT|client-management-Client-M-7ca01-e-a-new-client-successfully-Mobile-Chrome/test-failed-1.png]]

[[ATTACHMENT|client-management-Client-M-7ca01-e-a-new-client-successfully-Mobile-Chrome/error-context.md]]
]]>
</system-out>
</testcase>
<testcase name="Client Management E2E Tests › should edit an existing client" classname="client-management.spec.ts" time="30.099">
<failure message="client-management.spec.ts:62:3 should edit an existing client" type="FAILURE">
<![CDATA[  [Mobile Chrome] › client-management.spec.ts:62:3 › Client Management E2E Tests › should edit an existing client 

    Test timeout of 30000ms exceeded while running "beforeEach" hook.

      4 |   let page: Page
      5 |
    > 6 |   test.beforeEach(async ({ browser }) => {
        |        ^
      7 |     page = await browser.newPage()
      8 |     
      9 |     // Login before each test
        at /Users/yasseralmohammed/Documents/MsspClientManager/tests/e2e/client-management.spec.ts:6:8

    Error: page.fill: Target page, context or browser has been closed
    Call log:
      - waiting for locator('[data-testid="username"]')


       9 |     // Login before each test
      10 |     await page.goto('/')
    > 11 |     await page.fill('[data-testid="username"]', 'admin')
         |                ^
      12 |     await page.fill('[data-testid="password"]', 'admin123')
      13 |     await page.click('[data-testid="login-button"]')
      14 |     
        at /Users/yasseralmohammed/Documents/MsspClientManager/tests/e2e/client-management.spec.ts:11:16

    attachment #1: screenshot (image/png) ──────────────────────────────────────────────────────────
    test-results/client-management-Client-M-21bb8-uld-edit-an-existing-client-Mobile-Chrome/test-failed-1.png
    ────────────────────────────────────────────────────────────────────────────────────────────────

    Error Context: ../../test-results/client-management-Client-M-21bb8-uld-edit-an-existing-client-Mobile-Chrome/error-context.md
]]>
</failure>
<system-out>
<![CDATA[
[[ATTACHMENT|client-management-Client-M-21bb8-uld-edit-an-existing-client-Mobile-Chrome/test-failed-1.png]]

[[ATTACHMENT|client-management-Client-M-21bb8-uld-edit-an-existing-client-Mobile-Chrome/error-context.md]]
]]>
</system-out>
</testcase>
<testcase name="Client Management E2E Tests › should delete a client" classname="client-management.spec.ts" time="30.112">
<failure message="client-management.spec.ts:91:3 should delete a client" type="FAILURE">
<![CDATA[  [Mobile Chrome] › client-management.spec.ts:91:3 › Client Management E2E Tests › should delete a client 

    Test timeout of 30000ms exceeded while running "beforeEach" hook.

      4 |   let page: Page
      5 |
    > 6 |   test.beforeEach(async ({ browser }) => {
        |        ^
      7 |     page = await browser.newPage()
      8 |     
      9 |     // Login before each test
        at /Users/yasseralmohammed/Documents/MsspClientManager/tests/e2e/client-management.spec.ts:6:8

    Error: page.fill: Target page, context or browser has been closed
    Call log:
      - waiting for locator('[data-testid="username"]')


       9 |     // Login before each test
      10 |     await page.goto('/')
    > 11 |     await page.fill('[data-testid="username"]', 'admin')
         |                ^
      12 |     await page.fill('[data-testid="password"]', 'admin123')
      13 |     await page.click('[data-testid="login-button"]')
      14 |     
        at /Users/yasseralmohammed/Documents/MsspClientManager/tests/e2e/client-management.spec.ts:11:16

    attachment #1: screenshot (image/png) ──────────────────────────────────────────────────────────
    test-results/client-management-Client-M-44000-ests-should-delete-a-client-Mobile-Chrome/test-failed-1.png
    ────────────────────────────────────────────────────────────────────────────────────────────────

    Error Context: ../../test-results/client-management-Client-M-44000-ests-should-delete-a-client-Mobile-Chrome/error-context.md
]]>
</failure>
<system-out>
<![CDATA[
[[ATTACHMENT|client-management-Client-M-44000-ests-should-delete-a-client-Mobile-Chrome/test-failed-1.png]]

[[ATTACHMENT|client-management-Client-M-44000-ests-should-delete-a-client-Mobile-Chrome/error-context.md]]
]]>
</system-out>
</testcase>
<testcase name="Client Management E2E Tests › should search and filter clients" classname="client-management.spec.ts" time="30.107">
<failure message="client-management.spec.ts:115:3 should search and filter clients" type="FAILURE">
<![CDATA[  [Mobile Chrome] › client-management.spec.ts:115:3 › Client Management E2E Tests › should search and filter clients 

    Test timeout of 30000ms exceeded while running "beforeEach" hook.

      4 |   let page: Page
      5 |
    > 6 |   test.beforeEach(async ({ browser }) => {
        |        ^
      7 |     page = await browser.newPage()
      8 |     
      9 |     // Login before each test
        at /Users/yasseralmohammed/Documents/MsspClientManager/tests/e2e/client-management.spec.ts:6:8

    Error: page.fill: Target page, context or browser has been closed
    Call log:
      - waiting for locator('[data-testid="username"]')


       9 |     // Login before each test
      10 |     await page.goto('/')
    > 11 |     await page.fill('[data-testid="username"]', 'admin')
         |                ^
      12 |     await page.fill('[data-testid="password"]', 'admin123')
      13 |     await page.click('[data-testid="login-button"]')
      14 |     
        at /Users/yasseralmohammed/Documents/MsspClientManager/tests/e2e/client-management.spec.ts:11:16

    attachment #1: screenshot (image/png) ──────────────────────────────────────────────────────────
    test-results/client-management-Client-M-e11f8-d-search-and-filter-clients-Mobile-Chrome/test-failed-1.png
    ────────────────────────────────────────────────────────────────────────────────────────────────

    Error Context: ../../test-results/client-management-Client-M-e11f8-d-search-and-filter-clients-Mobile-Chrome/error-context.md
]]>
</failure>
<system-out>
<![CDATA[
[[ATTACHMENT|client-management-Client-M-e11f8-d-search-and-filter-clients-Mobile-Chrome/test-failed-1.png]]

[[ATTACHMENT|client-management-Client-M-e11f8-d-search-and-filter-clients-Mobile-Chrome/error-context.md]]
]]>
</system-out>
</testcase>
<testcase name="Client Management E2E Tests › should view client details and aggregated data" classname="client-management.spec.ts" time="30.106">
<failure message="client-management.spec.ts:154:3 should view client details and aggregated data" type="FAILURE">
<![CDATA[  [Mobile Chrome] › client-management.spec.ts:154:3 › Client Management E2E Tests › should view client details and aggregated data 

    Test timeout of 30000ms exceeded while running "beforeEach" hook.

      4 |   let page: Page
      5 |
    > 6 |   test.beforeEach(async ({ browser }) => {
        |        ^
      7 |     page = await browser.newPage()
      8 |     
      9 |     // Login before each test
        at /Users/yasseralmohammed/Documents/MsspClientManager/tests/e2e/client-management.spec.ts:6:8

    Error: page.fill: Target page, context or browser has been closed
    Call log:
      - waiting for locator('[data-testid="username"]')


       9 |     // Login before each test
      10 |     await page.goto('/')
    > 11 |     await page.fill('[data-testid="username"]', 'admin')
         |                ^
      12 |     await page.fill('[data-testid="password"]', 'admin123')
      13 |     await page.click('[data-testid="login-button"]')
      14 |     
        at /Users/yasseralmohammed/Documents/MsspClientManager/tests/e2e/client-management.spec.ts:11:16

    attachment #1: screenshot (image/png) ──────────────────────────────────────────────────────────
    test-results/client-management-Client-M-69fcb-details-and-aggregated-data-Mobile-Chrome/test-failed-1.png
    ────────────────────────────────────────────────────────────────────────────────────────────────

    Error Context: ../../test-results/client-management-Client-M-69fcb-details-and-aggregated-data-Mobile-Chrome/error-context.md
]]>
</failure>
<system-out>
<![CDATA[
[[ATTACHMENT|client-management-Client-M-69fcb-details-and-aggregated-data-Mobile-Chrome/test-failed-1.png]]

[[ATTACHMENT|client-management-Client-M-69fcb-details-and-aggregated-data-Mobile-Chrome/error-context.md]]
]]>
</system-out>
</testcase>
<testcase name="Client Management E2E Tests › should handle bulk import functionality" classname="client-management.spec.ts" time="30.097">
<failure message="client-management.spec.ts:184:3 should handle bulk import functionality" type="FAILURE">
<![CDATA[  [Mobile Chrome] › client-management.spec.ts:184:3 › Client Management E2E Tests › should handle bulk import functionality 

    Test timeout of 30000ms exceeded while running "beforeEach" hook.

      4 |   let page: Page
      5 |
    > 6 |   test.beforeEach(async ({ browser }) => {
        |        ^
      7 |     page = await browser.newPage()
      8 |     
      9 |     // Login before each test
        at /Users/yasseralmohammed/Documents/MsspClientManager/tests/e2e/client-management.spec.ts:6:8

    Error: page.fill: Target page, context or browser has been closed
    Call log:
      - waiting for locator('[data-testid="username"]')


       9 |     // Login before each test
      10 |     await page.goto('/')
    > 11 |     await page.fill('[data-testid="username"]', 'admin')
         |                ^
      12 |     await page.fill('[data-testid="password"]', 'admin123')
      13 |     await page.click('[data-testid="login-button"]')
      14 |     
        at /Users/yasseralmohammed/Documents/MsspClientManager/tests/e2e/client-management.spec.ts:11:16

    attachment #1: screenshot (image/png) ──────────────────────────────────────────────────────────
    test-results/client-management-Client-M-1e8fd-e-bulk-import-functionality-Mobile-Chrome/test-failed-1.png
    ────────────────────────────────────────────────────────────────────────────────────────────────

    Error Context: ../../test-results/client-management-Client-M-1e8fd-e-bulk-import-functionality-Mobile-Chrome/error-context.md
]]>
</failure>
<system-out>
<![CDATA[
[[ATTACHMENT|client-management-Client-M-1e8fd-e-bulk-import-functionality-Mobile-Chrome/test-failed-1.png]]

[[ATTACHMENT|client-management-Client-M-1e8fd-e-bulk-import-functionality-Mobile-Chrome/error-context.md]]
]]>
</system-out>
</testcase>
<testcase name="Client Management E2E Tests › should validate form fields and show error messages" classname="client-management.spec.ts" time="30.077">
<failure message="client-management.spec.ts:219:3 should validate form fields and show error messages" type="FAILURE">
<![CDATA[  [Mobile Chrome] › client-management.spec.ts:219:3 › Client Management E2E Tests › should validate form fields and show error messages 

    Test timeout of 30000ms exceeded while running "beforeEach" hook.

      4 |   let page: Page
      5 |
    > 6 |   test.beforeEach(async ({ browser }) => {
        |        ^
      7 |     page = await browser.newPage()
      8 |     
      9 |     // Login before each test
        at /Users/yasseralmohammed/Documents/MsspClientManager/tests/e2e/client-management.spec.ts:6:8

    Error: page.fill: Target page, context or browser has been closed
    Call log:
      - waiting for locator('[data-testid="username"]')


       9 |     // Login before each test
      10 |     await page.goto('/')
    > 11 |     await page.fill('[data-testid="username"]', 'admin')
         |                ^
      12 |     await page.fill('[data-testid="password"]', 'admin123')
      13 |     await page.click('[data-testid="login-button"]')
      14 |     
        at /Users/yasseralmohammed/Documents/MsspClientManager/tests/e2e/client-management.spec.ts:11:16

    attachment #1: screenshot (image/png) ──────────────────────────────────────────────────────────
    test-results/client-management-Client-M-576be-lds-and-show-error-messages-Mobile-Chrome/test-failed-1.png
    ────────────────────────────────────────────────────────────────────────────────────────────────

    Error Context: ../../test-results/client-management-Client-M-576be-lds-and-show-error-messages-Mobile-Chrome/error-context.md
]]>
</failure>
<system-out>
<![CDATA[
[[ATTACHMENT|client-management-Client-M-576be-lds-and-show-error-messages-Mobile-Chrome/test-failed-1.png]]

[[ATTACHMENT|client-management-Client-M-576be-lds-and-show-error-messages-Mobile-Chrome/error-context.md]]
]]>
</system-out>
</testcase>
<testcase name="Client Management E2E Tests › should handle external system mappings" classname="client-management.spec.ts" time="30.094">
<failure message="client-management.spec.ts:244:3 should handle external system mappings" type="FAILURE">
<![CDATA[  [Mobile Chrome] › client-management.spec.ts:244:3 › Client Management E2E Tests › should handle external system mappings 

    Test timeout of 30000ms exceeded while running "beforeEach" hook.

      4 |   let page: Page
      5 |
    > 6 |   test.beforeEach(async ({ browser }) => {
        |        ^
      7 |     page = await browser.newPage()
      8 |     
      9 |     // Login before each test
        at /Users/yasseralmohammed/Documents/MsspClientManager/tests/e2e/client-management.spec.ts:6:8

    Error: page.fill: Target page, context or browser has been closed
    Call log:
      - waiting for locator('[data-testid="username"]')


       9 |     // Login before each test
      10 |     await page.goto('/')
    > 11 |     await page.fill('[data-testid="username"]', 'admin')
         |                ^
      12 |     await page.fill('[data-testid="password"]', 'admin123')
      13 |     await page.click('[data-testid="login-button"]')
      14 |     
        at /Users/yasseralmohammed/Documents/MsspClientManager/tests/e2e/client-management.spec.ts:11:16

    attachment #1: screenshot (image/png) ──────────────────────────────────────────────────────────
    test-results/client-management-Client-M-2cfa6-le-external-system-mappings-Mobile-Chrome/test-failed-1.png
    ────────────────────────────────────────────────────────────────────────────────────────────────

    Error Context: ../../test-results/client-management-Client-M-2cfa6-le-external-system-mappings-Mobile-Chrome/error-context.md
]]>
</failure>
<system-out>
<![CDATA[
[[ATTACHMENT|client-management-Client-M-2cfa6-le-external-system-mappings-Mobile-Chrome/test-failed-1.png]]

[[ATTACHMENT|client-management-Client-M-2cfa6-le-external-system-mappings-Mobile-Chrome/error-context.md]]
]]>
</system-out>
</testcase>
</testsuite>
<testsuite name="complete-client-lifecycle.spec.ts" timestamp="2025-06-01T16:14:45.747Z" hostname="Mobile Chrome" tests="10" failures="10" skipped="0" time="307.444" errors="0">
<testcase name="Complete Client Lifecycle › Full Client Onboarding Workflow" classname="complete-client-lifecycle.spec.ts" time="30.731">
<failure message="complete-client-lifecycle.spec.ts:133:3 Full Client Onboarding Workflow" type="FAILURE">
<![CDATA[  [Mobile Chrome] › complete-client-lifecycle.spec.ts:133:3 › Complete Client Lifecycle › Full Client Onboarding Workflow 

    Test timeout of 30000ms exceeded while running "beforeEach" hook.

      127 | // Main test suites
      128 | test.describe('Complete Client Lifecycle', () => {
    > 129 |   test.beforeEach(async ({ page }) => {
          |        ^
      130 |     await login(page)
      131 |   })
      132 |
        at /Users/yasseralmohammed/Documents/MsspClientManager/tests/e2e/complete-client-lifecycle.spec.ts:129:8

    Error: page.fill: Test timeout of 30000ms exceeded.
    Call log:
      - waiting for locator('[name="username"]')


      46 | async function login(page: Page) {
      47 |   await page.goto('/login')
    > 48 |   await page.fill('[name="username"]', 'admin')
         |              ^
      49 |   await page.fill('[name="password"]', 'admin123')
      50 |   await page.click('button[type="submit"]')
      51 |   await expect(page).toHaveURL('/dashboard')
        at login (/Users/yasseralmohammed/Documents/MsspClientManager/tests/e2e/complete-client-lifecycle.spec.ts:48:14)
        at /Users/yasseralmohammed/Documents/MsspClientManager/tests/e2e/complete-client-lifecycle.spec.ts:130:5

    attachment #1: screenshot (image/png) ──────────────────────────────────────────────────────────
    test-results/complete-client-lifecycle--2e28e--Client-Onboarding-Workflow-Mobile-Chrome/test-failed-1.png
    ────────────────────────────────────────────────────────────────────────────────────────────────

    attachment #2: video (video/webm) ──────────────────────────────────────────────────────────────
    test-results/complete-client-lifecycle--2e28e--Client-Onboarding-Workflow-Mobile-Chrome/video.webm
    ────────────────────────────────────────────────────────────────────────────────────────────────

    Error Context: ../../test-results/complete-client-lifecycle--2e28e--Client-Onboarding-Workflow-Mobile-Chrome/error-context.md
]]>
</failure>
<system-out>
<![CDATA[
[[ATTACHMENT|complete-client-lifecycle--2e28e--Client-Onboarding-Workflow-Mobile-Chrome/test-failed-1.png]]

[[ATTACHMENT|complete-client-lifecycle--2e28e--Client-Onboarding-Workflow-Mobile-Chrome/video.webm]]

[[ATTACHMENT|complete-client-lifecycle--2e28e--Client-Onboarding-Workflow-Mobile-Chrome/error-context.md]]
]]>
</system-out>
</testcase>
<testcase name="Complete Client Lifecycle › Service Delivery Workflow" classname="complete-client-lifecycle.spec.ts" time="30.737">
<failure message="complete-client-lifecycle.spec.ts:187:3 Service Delivery Workflow" type="FAILURE">
<![CDATA[  [Mobile Chrome] › complete-client-lifecycle.spec.ts:187:3 › Complete Client Lifecycle › Service Delivery Workflow 

    Test timeout of 30000ms exceeded while running "beforeEach" hook.

      127 | // Main test suites
      128 | test.describe('Complete Client Lifecycle', () => {
    > 129 |   test.beforeEach(async ({ page }) => {
          |        ^
      130 |     await login(page)
      131 |   })
      132 |
        at /Users/yasseralmohammed/Documents/MsspClientManager/tests/e2e/complete-client-lifecycle.spec.ts:129:8

    Error: page.fill: Test timeout of 30000ms exceeded.
    Call log:
      - waiting for locator('[name="username"]')


      46 | async function login(page: Page) {
      47 |   await page.goto('/login')
    > 48 |   await page.fill('[name="username"]', 'admin')
         |              ^
      49 |   await page.fill('[name="password"]', 'admin123')
      50 |   await page.click('button[type="submit"]')
      51 |   await expect(page).toHaveURL('/dashboard')
        at login (/Users/yasseralmohammed/Documents/MsspClientManager/tests/e2e/complete-client-lifecycle.spec.ts:48:14)
        at /Users/yasseralmohammed/Documents/MsspClientManager/tests/e2e/complete-client-lifecycle.spec.ts:130:5

    attachment #1: screenshot (image/png) ──────────────────────────────────────────────────────────
    test-results/complete-client-lifecycle--15869-e-Service-Delivery-Workflow-Mobile-Chrome/test-failed-1.png
    ────────────────────────────────────────────────────────────────────────────────────────────────

    attachment #2: video (video/webm) ──────────────────────────────────────────────────────────────
    test-results/complete-client-lifecycle--15869-e-Service-Delivery-Workflow-Mobile-Chrome/video.webm
    ────────────────────────────────────────────────────────────────────────────────────────────────

    Error Context: ../../test-results/complete-client-lifecycle--15869-e-Service-Delivery-Workflow-Mobile-Chrome/error-context.md
]]>
</failure>
<system-out>
<![CDATA[
[[ATTACHMENT|complete-client-lifecycle--15869-e-Service-Delivery-Workflow-Mobile-Chrome/test-failed-1.png]]

[[ATTACHMENT|complete-client-lifecycle--15869-e-Service-Delivery-Workflow-Mobile-Chrome/video.webm]]

[[ATTACHMENT|complete-client-lifecycle--15869-e-Service-Delivery-Workflow-Mobile-Chrome/error-context.md]]
]]>
</system-out>
</testcase>
<testcase name="Complete Client Lifecycle › Asset Management Lifecycle" classname="complete-client-lifecycle.spec.ts" time="30.692">
<failure message="complete-client-lifecycle.spec.ts:241:3 Asset Management Lifecycle" type="FAILURE">
<![CDATA[  [Mobile Chrome] › complete-client-lifecycle.spec.ts:241:3 › Complete Client Lifecycle › Asset Management Lifecycle 

    Test timeout of 30000ms exceeded while running "beforeEach" hook.

      127 | // Main test suites
      128 | test.describe('Complete Client Lifecycle', () => {
    > 129 |   test.beforeEach(async ({ page }) => {
          |        ^
      130 |     await login(page)
      131 |   })
      132 |
        at /Users/yasseralmohammed/Documents/MsspClientManager/tests/e2e/complete-client-lifecycle.spec.ts:129:8

    Error: page.fill: Test timeout of 30000ms exceeded.
    Call log:
      - waiting for locator('[name="username"]')


      46 | async function login(page: Page) {
      47 |   await page.goto('/login')
    > 48 |   await page.fill('[name="username"]', 'admin')
         |              ^
      49 |   await page.fill('[name="password"]', 'admin123')
      50 |   await page.click('button[type="submit"]')
      51 |   await expect(page).toHaveURL('/dashboard')
        at login (/Users/yasseralmohammed/Documents/MsspClientManager/tests/e2e/complete-client-lifecycle.spec.ts:48:14)
        at /Users/yasseralmohammed/Documents/MsspClientManager/tests/e2e/complete-client-lifecycle.spec.ts:130:5

    attachment #1: screenshot (image/png) ──────────────────────────────────────────────────────────
    test-results/complete-client-lifecycle--02f2a--Asset-Management-Lifecycle-Mobile-Chrome/test-failed-1.png
    ────────────────────────────────────────────────────────────────────────────────────────────────

    attachment #2: video (video/webm) ──────────────────────────────────────────────────────────────
    test-results/complete-client-lifecycle--02f2a--Asset-Management-Lifecycle-Mobile-Chrome/video.webm
    ────────────────────────────────────────────────────────────────────────────────────────────────

    Error Context: ../../test-results/complete-client-lifecycle--02f2a--Asset-Management-Lifecycle-Mobile-Chrome/error-context.md
]]>
</failure>
<system-out>
<![CDATA[
[[ATTACHMENT|complete-client-lifecycle--02f2a--Asset-Management-Lifecycle-Mobile-Chrome/test-failed-1.png]]

[[ATTACHMENT|complete-client-lifecycle--02f2a--Asset-Management-Lifecycle-Mobile-Chrome/video.webm]]

[[ATTACHMENT|complete-client-lifecycle--02f2a--Asset-Management-Lifecycle-Mobile-Chrome/error-context.md]]
]]>
</system-out>
</testcase>
<testcase name="Complete Client Lifecycle › Bulk Operations Workflow" classname="complete-client-lifecycle.spec.ts" time="30.691">
<failure message="complete-client-lifecycle.spec.ts:286:3 Bulk Operations Workflow" type="FAILURE">
<![CDATA[  [Mobile Chrome] › complete-client-lifecycle.spec.ts:286:3 › Complete Client Lifecycle › Bulk Operations Workflow 

    Test timeout of 30000ms exceeded while running "beforeEach" hook.

      127 | // Main test suites
      128 | test.describe('Complete Client Lifecycle', () => {
    > 129 |   test.beforeEach(async ({ page }) => {
          |        ^
      130 |     await login(page)
      131 |   })
      132 |
        at /Users/yasseralmohammed/Documents/MsspClientManager/tests/e2e/complete-client-lifecycle.spec.ts:129:8

    Error: page.fill: Test timeout of 30000ms exceeded.
    Call log:
      - waiting for locator('[name="username"]')


      46 | async function login(page: Page) {
      47 |   await page.goto('/login')
    > 48 |   await page.fill('[name="username"]', 'admin')
         |              ^
      49 |   await page.fill('[name="password"]', 'admin123')
      50 |   await page.click('button[type="submit"]')
      51 |   await expect(page).toHaveURL('/dashboard')
        at login (/Users/yasseralmohammed/Documents/MsspClientManager/tests/e2e/complete-client-lifecycle.spec.ts:48:14)
        at /Users/yasseralmohammed/Documents/MsspClientManager/tests/e2e/complete-client-lifecycle.spec.ts:130:5

    attachment #1: screenshot (image/png) ──────────────────────────────────────────────────────────
    test-results/complete-client-lifecycle--117e3-le-Bulk-Operations-Workflow-Mobile-Chrome/test-failed-1.png
    ────────────────────────────────────────────────────────────────────────────────────────────────

    attachment #2: video (video/webm) ──────────────────────────────────────────────────────────────
    test-results/complete-client-lifecycle--117e3-le-Bulk-Operations-Workflow-Mobile-Chrome/video.webm
    ────────────────────────────────────────────────────────────────────────────────────────────────

    Error Context: ../../test-results/complete-client-lifecycle--117e3-le-Bulk-Operations-Workflow-Mobile-Chrome/error-context.md
]]>
</failure>
<system-out>
<![CDATA[
[[ATTACHMENT|complete-client-lifecycle--117e3-le-Bulk-Operations-Workflow-Mobile-Chrome/test-failed-1.png]]

[[ATTACHMENT|complete-client-lifecycle--117e3-le-Bulk-Operations-Workflow-Mobile-Chrome/video.webm]]

[[ATTACHMENT|complete-client-lifecycle--117e3-le-Bulk-Operations-Workflow-Mobile-Chrome/error-context.md]]
]]>
</system-out>
</testcase>
<testcase name="Complete Client Lifecycle › Integration Engine Workflow" classname="complete-client-lifecycle.spec.ts" time="30.795">
<failure message="complete-client-lifecycle.spec.ts:326:3 Integration Engine Workflow" type="FAILURE">
<![CDATA[  [Mobile Chrome] › complete-client-lifecycle.spec.ts:326:3 › Complete Client Lifecycle › Integration Engine Workflow 

    Test timeout of 30000ms exceeded while running "beforeEach" hook.

      127 | // Main test suites
      128 | test.describe('Complete Client Lifecycle', () => {
    > 129 |   test.beforeEach(async ({ page }) => {
          |        ^
      130 |     await login(page)
      131 |   })
      132 |
        at /Users/yasseralmohammed/Documents/MsspClientManager/tests/e2e/complete-client-lifecycle.spec.ts:129:8

    Error: page.fill: Test timeout of 30000ms exceeded.
    Call log:
      - waiting for locator('[name="username"]')


      46 | async function login(page: Page) {
      47 |   await page.goto('/login')
    > 48 |   await page.fill('[name="username"]', 'admin')
         |              ^
      49 |   await page.fill('[name="password"]', 'admin123')
      50 |   await page.click('button[type="submit"]')
      51 |   await expect(page).toHaveURL('/dashboard')
        at login (/Users/yasseralmohammed/Documents/MsspClientManager/tests/e2e/complete-client-lifecycle.spec.ts:48:14)
        at /Users/yasseralmohammed/Documents/MsspClientManager/tests/e2e/complete-client-lifecycle.spec.ts:130:5

    attachment #1: screenshot (image/png) ──────────────────────────────────────────────────────────
    test-results/complete-client-lifecycle--5b9b0-Integration-Engine-Workflow-Mobile-Chrome/test-failed-1.png
    ────────────────────────────────────────────────────────────────────────────────────────────────

    attachment #2: video (video/webm) ──────────────────────────────────────────────────────────────
    test-results/complete-client-lifecycle--5b9b0-Integration-Engine-Workflow-Mobile-Chrome/video.webm
    ────────────────────────────────────────────────────────────────────────────────────────────────

    Error Context: ../../test-results/complete-client-lifecycle--5b9b0-Integration-Engine-Workflow-Mobile-Chrome/error-context.md
]]>
</failure>
<system-out>
<![CDATA[
[[ATTACHMENT|complete-client-lifecycle--5b9b0-Integration-Engine-Workflow-Mobile-Chrome/test-failed-1.png]]

[[ATTACHMENT|complete-client-lifecycle--5b9b0-Integration-Engine-Workflow-Mobile-Chrome/video.webm]]

[[ATTACHMENT|complete-client-lifecycle--5b9b0-Integration-Engine-Workflow-Mobile-Chrome/error-context.md]]
]]>
</system-out>
</testcase>
<testcase name="Error Handling and Edge Cases › Handles validation errors gracefully" classname="complete-client-lifecycle.spec.ts" time="30.826">
<failure message="complete-client-lifecycle.spec.ts:393:3 Handles validation errors gracefully" type="FAILURE">
<![CDATA[  [Mobile Chrome] › complete-client-lifecycle.spec.ts:393:3 › Error Handling and Edge Cases › Handles validation errors gracefully 

    Test timeout of 30000ms exceeded while running "beforeEach" hook.

      387 |
      388 | test.describe('Error Handling and Edge Cases', () => {
    > 389 |   test.beforeEach(async ({ page }) => {
          |        ^
      390 |     await login(page)
      391 |   })
      392 |
        at /Users/yasseralmohammed/Documents/MsspClientManager/tests/e2e/complete-client-lifecycle.spec.ts:389:8

    Error: page.fill: Test timeout of 30000ms exceeded.
    Call log:
      - waiting for locator('[name="username"]')


      46 | async function login(page: Page) {
      47 |   await page.goto('/login')
    > 48 |   await page.fill('[name="username"]', 'admin')
         |              ^
      49 |   await page.fill('[name="password"]', 'admin123')
      50 |   await page.click('button[type="submit"]')
      51 |   await expect(page).toHaveURL('/dashboard')
        at login (/Users/yasseralmohammed/Documents/MsspClientManager/tests/e2e/complete-client-lifecycle.spec.ts:48:14)
        at /Users/yasseralmohammed/Documents/MsspClientManager/tests/e2e/complete-client-lifecycle.spec.ts:390:5

    attachment #1: screenshot (image/png) ──────────────────────────────────────────────────────────
    test-results/complete-client-lifecycle--f51f6-alidation-errors-gracefully-Mobile-Chrome/test-failed-1.png
    ────────────────────────────────────────────────────────────────────────────────────────────────

    attachment #2: video (video/webm) ──────────────────────────────────────────────────────────────
    test-results/complete-client-lifecycle--f51f6-alidation-errors-gracefully-Mobile-Chrome/video.webm
    ────────────────────────────────────────────────────────────────────────────────────────────────

    Error Context: ../../test-results/complete-client-lifecycle--f51f6-alidation-errors-gracefully-Mobile-Chrome/error-context.md
]]>
</failure>
<system-out>
<![CDATA[
[[ATTACHMENT|complete-client-lifecycle--f51f6-alidation-errors-gracefully-Mobile-Chrome/test-failed-1.png]]

[[ATTACHMENT|complete-client-lifecycle--f51f6-alidation-errors-gracefully-Mobile-Chrome/video.webm]]

[[ATTACHMENT|complete-client-lifecycle--f51f6-alidation-errors-gracefully-Mobile-Chrome/error-context.md]]
]]>
</system-out>
</testcase>
<testcase name="Error Handling and Edge Cases › Handles network errors with retry mechanism" classname="complete-client-lifecycle.spec.ts" time="30.796">
<failure message="complete-client-lifecycle.spec.ts:410:3 Handles network errors with retry mechanism" type="FAILURE">
<![CDATA[  [Mobile Chrome] › complete-client-lifecycle.spec.ts:410:3 › Error Handling and Edge Cases › Handles network errors with retry mechanism 

    Test timeout of 30000ms exceeded while running "beforeEach" hook.

      387 |
      388 | test.describe('Error Handling and Edge Cases', () => {
    > 389 |   test.beforeEach(async ({ page }) => {
          |        ^
      390 |     await login(page)
      391 |   })
      392 |
        at /Users/yasseralmohammed/Documents/MsspClientManager/tests/e2e/complete-client-lifecycle.spec.ts:389:8

    Error: page.fill: Test timeout of 30000ms exceeded.
    Call log:
      - waiting for locator('[name="username"]')


      46 | async function login(page: Page) {
      47 |   await page.goto('/login')
    > 48 |   await page.fill('[name="username"]', 'admin')
         |              ^
      49 |   await page.fill('[name="password"]', 'admin123')
      50 |   await page.click('button[type="submit"]')
      51 |   await expect(page).toHaveURL('/dashboard')
        at login (/Users/yasseralmohammed/Documents/MsspClientManager/tests/e2e/complete-client-lifecycle.spec.ts:48:14)
        at /Users/yasseralmohammed/Documents/MsspClientManager/tests/e2e/complete-client-lifecycle.spec.ts:390:5

    attachment #1: screenshot (image/png) ──────────────────────────────────────────────────────────
    test-results/complete-client-lifecycle--41623-errors-with-retry-mechanism-Mobile-Chrome/test-failed-1.png
    ────────────────────────────────────────────────────────────────────────────────────────────────

    attachment #2: video (video/webm) ──────────────────────────────────────────────────────────────
    test-results/complete-client-lifecycle--41623-errors-with-retry-mechanism-Mobile-Chrome/video.webm
    ────────────────────────────────────────────────────────────────────────────────────────────────

    Error Context: ../../test-results/complete-client-lifecycle--41623-errors-with-retry-mechanism-Mobile-Chrome/error-context.md
]]>
</failure>
<system-out>
<![CDATA[
[[ATTACHMENT|complete-client-lifecycle--41623-errors-with-retry-mechanism-Mobile-Chrome/test-failed-1.png]]

[[ATTACHMENT|complete-client-lifecycle--41623-errors-with-retry-mechanism-Mobile-Chrome/video.webm]]

[[ATTACHMENT|complete-client-lifecycle--41623-errors-with-retry-mechanism-Mobile-Chrome/error-context.md]]
]]>
</system-out>
</testcase>
<testcase name="Error Handling and Edge Cases › Handles concurrent user actions" classname="complete-client-lifecycle.spec.ts" time="30.689">
<failure message="complete-client-lifecycle.spec.ts:439:3 Handles concurrent user actions" type="FAILURE">
<![CDATA[  [Mobile Chrome] › complete-client-lifecycle.spec.ts:439:3 › Error Handling and Edge Cases › Handles concurrent user actions 

    Test timeout of 30000ms exceeded while running "beforeEach" hook.

      387 |
      388 | test.describe('Error Handling and Edge Cases', () => {
    > 389 |   test.beforeEach(async ({ page }) => {
          |        ^
      390 |     await login(page)
      391 |   })
      392 |
        at /Users/yasseralmohammed/Documents/MsspClientManager/tests/e2e/complete-client-lifecycle.spec.ts:389:8

    Error: page.fill: Test timeout of 30000ms exceeded.
    Call log:
      - waiting for locator('[name="username"]')


      46 | async function login(page: Page) {
      47 |   await page.goto('/login')
    > 48 |   await page.fill('[name="username"]', 'admin')
         |              ^
      49 |   await page.fill('[name="password"]', 'admin123')
      50 |   await page.click('button[type="submit"]')
      51 |   await expect(page).toHaveURL('/dashboard')
        at login (/Users/yasseralmohammed/Documents/MsspClientManager/tests/e2e/complete-client-lifecycle.spec.ts:48:14)
        at /Users/yasseralmohammed/Documents/MsspClientManager/tests/e2e/complete-client-lifecycle.spec.ts:390:5

    attachment #1: screenshot (image/png) ──────────────────────────────────────────────────────────
    test-results/complete-client-lifecycle--464a4-les-concurrent-user-actions-Mobile-Chrome/test-failed-1.png
    ────────────────────────────────────────────────────────────────────────────────────────────────

    attachment #2: video (video/webm) ──────────────────────────────────────────────────────────────
    test-results/complete-client-lifecycle--464a4-les-concurrent-user-actions-Mobile-Chrome/video.webm
    ────────────────────────────────────────────────────────────────────────────────────────────────

    Error Context: ../../test-results/complete-client-lifecycle--464a4-les-concurrent-user-actions-Mobile-Chrome/error-context.md
]]>
</failure>
<system-out>
<![CDATA[
[[ATTACHMENT|complete-client-lifecycle--464a4-les-concurrent-user-actions-Mobile-Chrome/test-failed-1.png]]

[[ATTACHMENT|complete-client-lifecycle--464a4-les-concurrent-user-actions-Mobile-Chrome/video.webm]]

[[ATTACHMENT|complete-client-lifecycle--464a4-les-concurrent-user-actions-Mobile-Chrome/error-context.md]]
]]>
</system-out>
</testcase>
<testcase name="Performance and Accessibility › Dashboard loads within performance budget" classname="complete-client-lifecycle.spec.ts" time="30.703">
<failure message="complete-client-lifecycle.spec.ts:467:3 Dashboard loads within performance budget" type="FAILURE">
<![CDATA[  [Mobile Chrome] › complete-client-lifecycle.spec.ts:467:3 › Performance and Accessibility › Dashboard loads within performance budget 

    Test timeout of 30000ms exceeded.

    Error: page.fill: Test timeout of 30000ms exceeded.
    Call log:
      - waiting for locator('[name="username"]')


      46 | async function login(page: Page) {
      47 |   await page.goto('/login')
    > 48 |   await page.fill('[name="username"]', 'admin')
         |              ^
      49 |   await page.fill('[name="password"]', 'admin123')
      50 |   await page.click('button[type="submit"]')
      51 |   await expect(page).toHaveURL('/dashboard')
        at login (/Users/yasseralmohammed/Documents/MsspClientManager/tests/e2e/complete-client-lifecycle.spec.ts:48:14)
        at /Users/yasseralmohammed/Documents/MsspClientManager/tests/e2e/complete-client-lifecycle.spec.ts:468:5

    attachment #1: screenshot (image/png) ──────────────────────────────────────────────────────────
    test-results/complete-client-lifecycle--425f9-s-within-performance-budget-Mobile-Chrome/test-failed-1.png
    ────────────────────────────────────────────────────────────────────────────────────────────────

    attachment #2: video (video/webm) ──────────────────────────────────────────────────────────────
    test-results/complete-client-lifecycle--425f9-s-within-performance-budget-Mobile-Chrome/video.webm
    ────────────────────────────────────────────────────────────────────────────────────────────────

    Error Context: ../../test-results/complete-client-lifecycle--425f9-s-within-performance-budget-Mobile-Chrome/error-context.md
]]>
</failure>
<system-out>
<![CDATA[
[[ATTACHMENT|complete-client-lifecycle--425f9-s-within-performance-budget-Mobile-Chrome/test-failed-1.png]]

[[ATTACHMENT|complete-client-lifecycle--425f9-s-within-performance-budget-Mobile-Chrome/video.webm]]

[[ATTACHMENT|complete-client-lifecycle--425f9-s-within-performance-budget-Mobile-Chrome/error-context.md]]
]]>
</system-out>
</testcase>
<testcase name="Performance and Accessibility › Application is accessible" classname="complete-client-lifecycle.spec.ts" time="30.784">
<failure message="complete-client-lifecycle.spec.ts:484:3 Application is accessible" type="FAILURE">
<![CDATA[  [Mobile Chrome] › complete-client-lifecycle.spec.ts:484:3 › Performance and Accessibility › Application is accessible 

    Test timeout of 30000ms exceeded.

    Error: page.fill: Test timeout of 30000ms exceeded.
    Call log:
      - waiting for locator('[name="username"]')


      46 | async function login(page: Page) {
      47 |   await page.goto('/login')
    > 48 |   await page.fill('[name="username"]', 'admin')
         |              ^
      49 |   await page.fill('[name="password"]', 'admin123')
      50 |   await page.click('button[type="submit"]')
      51 |   await expect(page).toHaveURL('/dashboard')
        at login (/Users/yasseralmohammed/Documents/MsspClientManager/tests/e2e/complete-client-lifecycle.spec.ts:48:14)
        at /Users/yasseralmohammed/Documents/MsspClientManager/tests/e2e/complete-client-lifecycle.spec.ts:485:5

    attachment #1: screenshot (image/png) ──────────────────────────────────────────────────────────
    test-results/complete-client-lifecycle--abdc0-y-Application-is-accessible-Mobile-Chrome/test-failed-1.png
    ────────────────────────────────────────────────────────────────────────────────────────────────

    attachment #2: video (video/webm) ──────────────────────────────────────────────────────────────
    test-results/complete-client-lifecycle--abdc0-y-Application-is-accessible-Mobile-Chrome/video.webm
    ────────────────────────────────────────────────────────────────────────────────────────────────

    Error Context: ../../test-results/complete-client-lifecycle--abdc0-y-Application-is-accessible-Mobile-Chrome/error-context.md
]]>
</failure>
<system-out>
<![CDATA[
[[ATTACHMENT|complete-client-lifecycle--abdc0-y-Application-is-accessible-Mobile-Chrome/test-failed-1.png]]

[[ATTACHMENT|complete-client-lifecycle--abdc0-y-Application-is-accessible-Mobile-Chrome/video.webm]]

[[ATTACHMENT|complete-client-lifecycle--abdc0-y-Application-is-accessible-Mobile-Chrome/error-context.md]]
]]>
</system-out>
</testcase>
</testsuite>
<testsuite name="client-management.spec.ts" timestamp="2025-06-01T16:14:45.747Z" hostname="Mobile Safari" tests="9" failures="9" skipped="0" time="270.423" errors="0">
<testcase name="Client Management E2E Tests › should navigate to clients page and display client list" classname="client-management.spec.ts" time="30.036">
<failure message="client-management.spec.ts:23:3 should navigate to clients page and display client list" type="FAILURE">
<![CDATA[  [Mobile Safari] › client-management.spec.ts:23:3 › Client Management E2E Tests › should navigate to clients page and display client list 

    Test timeout of 30000ms exceeded while running "beforeEach" hook.

      4 |   let page: Page
      5 |
    > 6 |   test.beforeEach(async ({ browser }) => {
        |        ^
      7 |     page = await browser.newPage()
      8 |     
      9 |     // Login before each test
        at /Users/yasseralmohammed/Documents/MsspClientManager/tests/e2e/client-management.spec.ts:6:8

    Error: page.fill: Target page, context or browser has been closed
    Call log:
      - waiting for locator('[data-testid="username"]')


       9 |     // Login before each test
      10 |     await page.goto('/')
    > 11 |     await page.fill('[data-testid="username"]', 'admin')
         |                ^
      12 |     await page.fill('[data-testid="password"]', 'admin123')
      13 |     await page.click('[data-testid="login-button"]')
      14 |     
        at /Users/yasseralmohammed/Documents/MsspClientManager/tests/e2e/client-management.spec.ts:11:16

    attachment #1: screenshot (image/png) ──────────────────────────────────────────────────────────
    test-results/client-management-Client-M-71b10-age-and-display-client-list-Mobile-Safari/test-failed-1.png
    ────────────────────────────────────────────────────────────────────────────────────────────────

    Error Context: ../../test-results/client-management-Client-M-71b10-age-and-display-client-list-Mobile-Safari/error-context.md
]]>
</failure>
<system-out>
<![CDATA[
[[ATTACHMENT|client-management-Client-M-71b10-age-and-display-client-list-Mobile-Safari/test-failed-1.png]]

[[ATTACHMENT|client-management-Client-M-71b10-age-and-display-client-list-Mobile-Safari/error-context.md]]
]]>
</system-out>
</testcase>
<testcase name="Client Management E2E Tests › should create a new client successfully" classname="client-management.spec.ts" time="30.06">
<failure message="client-management.spec.ts:35:3 should create a new client successfully" type="FAILURE">
<![CDATA[  [Mobile Safari] › client-management.spec.ts:35:3 › Client Management E2E Tests › should create a new client successfully 

    Test timeout of 30000ms exceeded while running "beforeEach" hook.

      4 |   let page: Page
      5 |
    > 6 |   test.beforeEach(async ({ browser }) => {
        |        ^
      7 |     page = await browser.newPage()
      8 |     
      9 |     // Login before each test
        at /Users/yasseralmohammed/Documents/MsspClientManager/tests/e2e/client-management.spec.ts:6:8

    Error: page.fill: Target page, context or browser has been closed
    Call log:
      - waiting for locator('[data-testid="username"]')


       9 |     // Login before each test
      10 |     await page.goto('/')
    > 11 |     await page.fill('[data-testid="username"]', 'admin')
         |                ^
      12 |     await page.fill('[data-testid="password"]', 'admin123')
      13 |     await page.click('[data-testid="login-button"]')
      14 |     
        at /Users/yasseralmohammed/Documents/MsspClientManager/tests/e2e/client-management.spec.ts:11:16

    attachment #1: screenshot (image/png) ──────────────────────────────────────────────────────────
    test-results/client-management-Client-M-7ca01-e-a-new-client-successfully-Mobile-Safari/test-failed-1.png
    ────────────────────────────────────────────────────────────────────────────────────────────────

    Error Context: ../../test-results/client-management-Client-M-7ca01-e-a-new-client-successfully-Mobile-Safari/error-context.md
]]>
</failure>
<system-out>
<![CDATA[
[[ATTACHMENT|client-management-Client-M-7ca01-e-a-new-client-successfully-Mobile-Safari/test-failed-1.png]]

[[ATTACHMENT|client-management-Client-M-7ca01-e-a-new-client-successfully-Mobile-Safari/error-context.md]]
]]>
</system-out>
</testcase>
<testcase name="Client Management E2E Tests › should edit an existing client" classname="client-management.spec.ts" time="30.067">
<failure message="client-management.spec.ts:62:3 should edit an existing client" type="FAILURE">
<![CDATA[  [Mobile Safari] › client-management.spec.ts:62:3 › Client Management E2E Tests › should edit an existing client 

    Test timeout of 30000ms exceeded while running "beforeEach" hook.

      4 |   let page: Page
      5 |
    > 6 |   test.beforeEach(async ({ browser }) => {
        |        ^
      7 |     page = await browser.newPage()
      8 |     
      9 |     // Login before each test
        at /Users/yasseralmohammed/Documents/MsspClientManager/tests/e2e/client-management.spec.ts:6:8

    Error: page.fill: Target page, context or browser has been closed
    Call log:
      - waiting for locator('[data-testid="username"]')


       9 |     // Login before each test
      10 |     await page.goto('/')
    > 11 |     await page.fill('[data-testid="username"]', 'admin')
         |                ^
      12 |     await page.fill('[data-testid="password"]', 'admin123')
      13 |     await page.click('[data-testid="login-button"]')
      14 |     
        at /Users/yasseralmohammed/Documents/MsspClientManager/tests/e2e/client-management.spec.ts:11:16

    attachment #1: screenshot (image/png) ──────────────────────────────────────────────────────────
    test-results/client-management-Client-M-21bb8-uld-edit-an-existing-client-Mobile-Safari/test-failed-1.png
    ────────────────────────────────────────────────────────────────────────────────────────────────

    Error Context: ../../test-results/client-management-Client-M-21bb8-uld-edit-an-existing-client-Mobile-Safari/error-context.md
]]>
</failure>
<system-out>
<![CDATA[
[[ATTACHMENT|client-management-Client-M-21bb8-uld-edit-an-existing-client-Mobile-Safari/test-failed-1.png]]

[[ATTACHMENT|client-management-Client-M-21bb8-uld-edit-an-existing-client-Mobile-Safari/error-context.md]]
]]>
</system-out>
</testcase>
<testcase name="Client Management E2E Tests › should delete a client" classname="client-management.spec.ts" time="30.066">
<failure message="client-management.spec.ts:91:3 should delete a client" type="FAILURE">
<![CDATA[  [Mobile Safari] › client-management.spec.ts:91:3 › Client Management E2E Tests › should delete a client 

    Test timeout of 30000ms exceeded while running "beforeEach" hook.

      4 |   let page: Page
      5 |
    > 6 |   test.beforeEach(async ({ browser }) => {
        |        ^
      7 |     page = await browser.newPage()
      8 |     
      9 |     // Login before each test
        at /Users/yasseralmohammed/Documents/MsspClientManager/tests/e2e/client-management.spec.ts:6:8

    Error: page.fill: Target page, context or browser has been closed
    Call log:
      - waiting for locator('[data-testid="username"]')


       9 |     // Login before each test
      10 |     await page.goto('/')
    > 11 |     await page.fill('[data-testid="username"]', 'admin')
         |                ^
      12 |     await page.fill('[data-testid="password"]', 'admin123')
      13 |     await page.click('[data-testid="login-button"]')
      14 |     
        at /Users/yasseralmohammed/Documents/MsspClientManager/tests/e2e/client-management.spec.ts:11:16

    attachment #1: screenshot (image/png) ──────────────────────────────────────────────────────────
    test-results/client-management-Client-M-44000-ests-should-delete-a-client-Mobile-Safari/test-failed-1.png
    ────────────────────────────────────────────────────────────────────────────────────────────────

    Error Context: ../../test-results/client-management-Client-M-44000-ests-should-delete-a-client-Mobile-Safari/error-context.md
]]>
</failure>
<system-out>
<![CDATA[
[[ATTACHMENT|client-management-Client-M-44000-ests-should-delete-a-client-Mobile-Safari/test-failed-1.png]]

[[ATTACHMENT|client-management-Client-M-44000-ests-should-delete-a-client-Mobile-Safari/error-context.md]]
]]>
</system-out>
</testcase>
<testcase name="Client Management E2E Tests › should search and filter clients" classname="client-management.spec.ts" time="30.034">
<failure message="client-management.spec.ts:115:3 should search and filter clients" type="FAILURE">
<![CDATA[  [Mobile Safari] › client-management.spec.ts:115:3 › Client Management E2E Tests › should search and filter clients 

    Test timeout of 30000ms exceeded while running "beforeEach" hook.

      4 |   let page: Page
      5 |
    > 6 |   test.beforeEach(async ({ browser }) => {
        |        ^
      7 |     page = await browser.newPage()
      8 |     
      9 |     // Login before each test
        at /Users/yasseralmohammed/Documents/MsspClientManager/tests/e2e/client-management.spec.ts:6:8

    Error: page.fill: Target page, context or browser has been closed
    Call log:
      - waiting for locator('[data-testid="username"]')


       9 |     // Login before each test
      10 |     await page.goto('/')
    > 11 |     await page.fill('[data-testid="username"]', 'admin')
         |                ^
      12 |     await page.fill('[data-testid="password"]', 'admin123')
      13 |     await page.click('[data-testid="login-button"]')
      14 |     
        at /Users/yasseralmohammed/Documents/MsspClientManager/tests/e2e/client-management.spec.ts:11:16

    attachment #1: screenshot (image/png) ──────────────────────────────────────────────────────────
    test-results/client-management-Client-M-e11f8-d-search-and-filter-clients-Mobile-Safari/test-failed-1.png
    ────────────────────────────────────────────────────────────────────────────────────────────────

    Error Context: ../../test-results/client-management-Client-M-e11f8-d-search-and-filter-clients-Mobile-Safari/error-context.md
]]>
</failure>
<system-out>
<![CDATA[
[[ATTACHMENT|client-management-Client-M-e11f8-d-search-and-filter-clients-Mobile-Safari/test-failed-1.png]]

[[ATTACHMENT|client-management-Client-M-e11f8-d-search-and-filter-clients-Mobile-Safari/error-context.md]]
]]>
</system-out>
</testcase>
<testcase name="Client Management E2E Tests › should view client details and aggregated data" classname="client-management.spec.ts" time="30.034">
<failure message="client-management.spec.ts:154:3 should view client details and aggregated data" type="FAILURE">
<![CDATA[  [Mobile Safari] › client-management.spec.ts:154:3 › Client Management E2E Tests › should view client details and aggregated data 

    Test timeout of 30000ms exceeded while running "beforeEach" hook.

      4 |   let page: Page
      5 |
    > 6 |   test.beforeEach(async ({ browser }) => {
        |        ^
      7 |     page = await browser.newPage()
      8 |     
      9 |     // Login before each test
        at /Users/yasseralmohammed/Documents/MsspClientManager/tests/e2e/client-management.spec.ts:6:8

    Error: page.fill: Target page, context or browser has been closed
    Call log:
      - waiting for locator('[data-testid="username"]')


       9 |     // Login before each test
      10 |     await page.goto('/')
    > 11 |     await page.fill('[data-testid="username"]', 'admin')
         |                ^
      12 |     await page.fill('[data-testid="password"]', 'admin123')
      13 |     await page.click('[data-testid="login-button"]')
      14 |     
        at /Users/yasseralmohammed/Documents/MsspClientManager/tests/e2e/client-management.spec.ts:11:16

    attachment #1: screenshot (image/png) ──────────────────────────────────────────────────────────
    test-results/client-management-Client-M-69fcb-details-and-aggregated-data-Mobile-Safari/test-failed-1.png
    ────────────────────────────────────────────────────────────────────────────────────────────────

    Error Context: ../../test-results/client-management-Client-M-69fcb-details-and-aggregated-data-Mobile-Safari/error-context.md
]]>
</failure>
<system-out>
<![CDATA[
[[ATTACHMENT|client-management-Client-M-69fcb-details-and-aggregated-data-Mobile-Safari/test-failed-1.png]]

[[ATTACHMENT|client-management-Client-M-69fcb-details-and-aggregated-data-Mobile-Safari/error-context.md]]
]]>
</system-out>
</testcase>
<testcase name="Client Management E2E Tests › should handle bulk import functionality" classname="client-management.spec.ts" time="30.035">
<failure message="client-management.spec.ts:184:3 should handle bulk import functionality" type="FAILURE">
<![CDATA[  [Mobile Safari] › client-management.spec.ts:184:3 › Client Management E2E Tests › should handle bulk import functionality 

    Test timeout of 30000ms exceeded while running "beforeEach" hook.

      4 |   let page: Page
      5 |
    > 6 |   test.beforeEach(async ({ browser }) => {
        |        ^
      7 |     page = await browser.newPage()
      8 |     
      9 |     // Login before each test
        at /Users/yasseralmohammed/Documents/MsspClientManager/tests/e2e/client-management.spec.ts:6:8

    Error: page.fill: Target page, context or browser has been closed
    Call log:
      - waiting for locator('[data-testid="username"]')


       9 |     // Login before each test
      10 |     await page.goto('/')
    > 11 |     await page.fill('[data-testid="username"]', 'admin')
         |                ^
      12 |     await page.fill('[data-testid="password"]', 'admin123')
      13 |     await page.click('[data-testid="login-button"]')
      14 |     
        at /Users/yasseralmohammed/Documents/MsspClientManager/tests/e2e/client-management.spec.ts:11:16

    attachment #1: screenshot (image/png) ──────────────────────────────────────────────────────────
    test-results/client-management-Client-M-1e8fd-e-bulk-import-functionality-Mobile-Safari/test-failed-1.png
    ────────────────────────────────────────────────────────────────────────────────────────────────

    Error Context: ../../test-results/client-management-Client-M-1e8fd-e-bulk-import-functionality-Mobile-Safari/error-context.md
]]>
</failure>
<system-out>
<![CDATA[
[[ATTACHMENT|client-management-Client-M-1e8fd-e-bulk-import-functionality-Mobile-Safari/test-failed-1.png]]

[[ATTACHMENT|client-management-Client-M-1e8fd-e-bulk-import-functionality-Mobile-Safari/error-context.md]]
]]>
</system-out>
</testcase>
<testcase name="Client Management E2E Tests › should validate form fields and show error messages" classname="client-management.spec.ts" time="30.053">
<failure message="client-management.spec.ts:219:3 should validate form fields and show error messages" type="FAILURE">
<![CDATA[  [Mobile Safari] › client-management.spec.ts:219:3 › Client Management E2E Tests › should validate form fields and show error messages 

    Test timeout of 30000ms exceeded while running "beforeEach" hook.

      4 |   let page: Page
      5 |
    > 6 |   test.beforeEach(async ({ browser }) => {
        |        ^
      7 |     page = await browser.newPage()
      8 |     
      9 |     // Login before each test
        at /Users/yasseralmohammed/Documents/MsspClientManager/tests/e2e/client-management.spec.ts:6:8

    Error: page.fill: Target page, context or browser has been closed
    Call log:
      - waiting for locator('[data-testid="username"]')


       9 |     // Login before each test
      10 |     await page.goto('/')
    > 11 |     await page.fill('[data-testid="username"]', 'admin')
         |                ^
      12 |     await page.fill('[data-testid="password"]', 'admin123')
      13 |     await page.click('[data-testid="login-button"]')
      14 |     
        at /Users/yasseralmohammed/Documents/MsspClientManager/tests/e2e/client-management.spec.ts:11:16

    attachment #1: screenshot (image/png) ──────────────────────────────────────────────────────────
    test-results/client-management-Client-M-576be-lds-and-show-error-messages-Mobile-Safari/test-failed-1.png
    ────────────────────────────────────────────────────────────────────────────────────────────────

    Error Context: ../../test-results/client-management-Client-M-576be-lds-and-show-error-messages-Mobile-Safari/error-context.md
]]>
</failure>
<system-out>
<![CDATA[
[[ATTACHMENT|client-management-Client-M-576be-lds-and-show-error-messages-Mobile-Safari/test-failed-1.png]]

[[ATTACHMENT|client-management-Client-M-576be-lds-and-show-error-messages-Mobile-Safari/error-context.md]]
]]>
</system-out>
</testcase>
<testcase name="Client Management E2E Tests › should handle external system mappings" classname="client-management.spec.ts" time="30.038">
<failure message="client-management.spec.ts:244:3 should handle external system mappings" type="FAILURE">
<![CDATA[  [Mobile Safari] › client-management.spec.ts:244:3 › Client Management E2E Tests › should handle external system mappings 

    Test timeout of 30000ms exceeded while running "beforeEach" hook.

      4 |   let page: Page
      5 |
    > 6 |   test.beforeEach(async ({ browser }) => {
        |        ^
      7 |     page = await browser.newPage()
      8 |     
      9 |     // Login before each test
        at /Users/yasseralmohammed/Documents/MsspClientManager/tests/e2e/client-management.spec.ts:6:8

    Error: page.fill: Target page, context or browser has been closed
    Call log:
      - waiting for locator('[data-testid="username"]')


       9 |     // Login before each test
      10 |     await page.goto('/')
    > 11 |     await page.fill('[data-testid="username"]', 'admin')
         |                ^
      12 |     await page.fill('[data-testid="password"]', 'admin123')
      13 |     await page.click('[data-testid="login-button"]')
      14 |     
        at /Users/yasseralmohammed/Documents/MsspClientManager/tests/e2e/client-management.spec.ts:11:16

    attachment #1: screenshot (image/png) ──────────────────────────────────────────────────────────
    test-results/client-management-Client-M-2cfa6-le-external-system-mappings-Mobile-Safari/test-failed-1.png
    ────────────────────────────────────────────────────────────────────────────────────────────────

    Error Context: ../../test-results/client-management-Client-M-2cfa6-le-external-system-mappings-Mobile-Safari/error-context.md
]]>
</failure>
<system-out>
<![CDATA[
[[ATTACHMENT|client-management-Client-M-2cfa6-le-external-system-mappings-Mobile-Safari/test-failed-1.png]]

[[ATTACHMENT|client-management-Client-M-2cfa6-le-external-system-mappings-Mobile-Safari/error-context.md]]
]]>
</system-out>
</testcase>
</testsuite>
<testsuite name="complete-client-lifecycle.spec.ts" timestamp="2025-06-01T16:14:45.747Z" hostname="Mobile Safari" tests="10" failures="10" skipped="0" time="300.428" errors="0">
<testcase name="Complete Client Lifecycle › Full Client Onboarding Workflow" classname="complete-client-lifecycle.spec.ts" time="30.039">
<failure message="complete-client-lifecycle.spec.ts:133:3 Full Client Onboarding Workflow" type="FAILURE">
<![CDATA[  [Mobile Safari] › complete-client-lifecycle.spec.ts:133:3 › Complete Client Lifecycle › Full Client Onboarding Workflow 

    Test timeout of 30000ms exceeded while running "beforeEach" hook.

      127 | // Main test suites
      128 | test.describe('Complete Client Lifecycle', () => {
    > 129 |   test.beforeEach(async ({ page }) => {
          |        ^
      130 |     await login(page)
      131 |   })
      132 |
        at /Users/yasseralmohammed/Documents/MsspClientManager/tests/e2e/complete-client-lifecycle.spec.ts:129:8

    Error: page.fill: Test timeout of 30000ms exceeded.
    Call log:
      - waiting for locator('[name="username"]')


      46 | async function login(page: Page) {
      47 |   await page.goto('/login')
    > 48 |   await page.fill('[name="username"]', 'admin')
         |              ^
      49 |   await page.fill('[name="password"]', 'admin123')
      50 |   await page.click('button[type="submit"]')
      51 |   await expect(page).toHaveURL('/dashboard')
        at login (/Users/yasseralmohammed/Documents/MsspClientManager/tests/e2e/complete-client-lifecycle.spec.ts:48:14)
        at /Users/yasseralmohammed/Documents/MsspClientManager/tests/e2e/complete-client-lifecycle.spec.ts:130:5

    attachment #1: screenshot (image/png) ──────────────────────────────────────────────────────────
    test-results/complete-client-lifecycle--2e28e--Client-Onboarding-Workflow-Mobile-Safari/test-failed-1.png
    ────────────────────────────────────────────────────────────────────────────────────────────────

    attachment #2: video (video/webm) ──────────────────────────────────────────────────────────────
    test-results/complete-client-lifecycle--2e28e--Client-Onboarding-Workflow-Mobile-Safari/video.webm
    ────────────────────────────────────────────────────────────────────────────────────────────────

    Error Context: ../../test-results/complete-client-lifecycle--2e28e--Client-Onboarding-Workflow-Mobile-Safari/error-context.md
]]>
</failure>
<system-out>
<![CDATA[
[[ATTACHMENT|complete-client-lifecycle--2e28e--Client-Onboarding-Workflow-Mobile-Safari/test-failed-1.png]]

[[ATTACHMENT|complete-client-lifecycle--2e28e--Client-Onboarding-Workflow-Mobile-Safari/video.webm]]

[[ATTACHMENT|complete-client-lifecycle--2e28e--Client-Onboarding-Workflow-Mobile-Safari/error-context.md]]
]]>
</system-out>
</testcase>
<testcase name="Complete Client Lifecycle › Service Delivery Workflow" classname="complete-client-lifecycle.spec.ts" time="30.038">
<failure message="complete-client-lifecycle.spec.ts:187:3 Service Delivery Workflow" type="FAILURE">
<![CDATA[  [Mobile Safari] › complete-client-lifecycle.spec.ts:187:3 › Complete Client Lifecycle › Service Delivery Workflow 

    Test timeout of 30000ms exceeded while running "beforeEach" hook.

      127 | // Main test suites
      128 | test.describe('Complete Client Lifecycle', () => {
    > 129 |   test.beforeEach(async ({ page }) => {
          |        ^
      130 |     await login(page)
      131 |   })
      132 |
        at /Users/yasseralmohammed/Documents/MsspClientManager/tests/e2e/complete-client-lifecycle.spec.ts:129:8

    Error: page.fill: Test timeout of 30000ms exceeded.
    Call log:
      - waiting for locator('[name="username"]')


      46 | async function login(page: Page) {
      47 |   await page.goto('/login')
    > 48 |   await page.fill('[name="username"]', 'admin')
         |              ^
      49 |   await page.fill('[name="password"]', 'admin123')
      50 |   await page.click('button[type="submit"]')
      51 |   await expect(page).toHaveURL('/dashboard')
        at login (/Users/yasseralmohammed/Documents/MsspClientManager/tests/e2e/complete-client-lifecycle.spec.ts:48:14)
        at /Users/yasseralmohammed/Documents/MsspClientManager/tests/e2e/complete-client-lifecycle.spec.ts:130:5

    attachment #1: screenshot (image/png) ──────────────────────────────────────────────────────────
    test-results/complete-client-lifecycle--15869-e-Service-Delivery-Workflow-Mobile-Safari/test-failed-1.png
    ────────────────────────────────────────────────────────────────────────────────────────────────

    attachment #2: video (video/webm) ──────────────────────────────────────────────────────────────
    test-results/complete-client-lifecycle--15869-e-Service-Delivery-Workflow-Mobile-Safari/video.webm
    ────────────────────────────────────────────────────────────────────────────────────────────────

    Error Context: ../../test-results/complete-client-lifecycle--15869-e-Service-Delivery-Workflow-Mobile-Safari/error-context.md
]]>
</failure>
<system-out>
<![CDATA[
[[ATTACHMENT|complete-client-lifecycle--15869-e-Service-Delivery-Workflow-Mobile-Safari/test-failed-1.png]]

[[ATTACHMENT|complete-client-lifecycle--15869-e-Service-Delivery-Workflow-Mobile-Safari/video.webm]]

[[ATTACHMENT|complete-client-lifecycle--15869-e-Service-Delivery-Workflow-Mobile-Safari/error-context.md]]
]]>
</system-out>
</testcase>
<testcase name="Complete Client Lifecycle › Asset Management Lifecycle" classname="complete-client-lifecycle.spec.ts" time="30.034">
<failure message="complete-client-lifecycle.spec.ts:241:3 Asset Management Lifecycle" type="FAILURE">
<![CDATA[  [Mobile Safari] › complete-client-lifecycle.spec.ts:241:3 › Complete Client Lifecycle › Asset Management Lifecycle 

    Test timeout of 30000ms exceeded while running "beforeEach" hook.

      127 | // Main test suites
      128 | test.describe('Complete Client Lifecycle', () => {
    > 129 |   test.beforeEach(async ({ page }) => {
          |        ^
      130 |     await login(page)
      131 |   })
      132 |
        at /Users/yasseralmohammed/Documents/MsspClientManager/tests/e2e/complete-client-lifecycle.spec.ts:129:8

    Error: page.fill: Test timeout of 30000ms exceeded.
    Call log:
      - waiting for locator('[name="username"]')


      46 | async function login(page: Page) {
      47 |   await page.goto('/login')
    > 48 |   await page.fill('[name="username"]', 'admin')
         |              ^
      49 |   await page.fill('[name="password"]', 'admin123')
      50 |   await page.click('button[type="submit"]')
      51 |   await expect(page).toHaveURL('/dashboard')
        at login (/Users/yasseralmohammed/Documents/MsspClientManager/tests/e2e/complete-client-lifecycle.spec.ts:48:14)
        at /Users/yasseralmohammed/Documents/MsspClientManager/tests/e2e/complete-client-lifecycle.spec.ts:130:5

    attachment #1: screenshot (image/png) ──────────────────────────────────────────────────────────
    test-results/complete-client-lifecycle--02f2a--Asset-Management-Lifecycle-Mobile-Safari/test-failed-1.png
    ────────────────────────────────────────────────────────────────────────────────────────────────

    attachment #2: video (video/webm) ──────────────────────────────────────────────────────────────
    test-results/complete-client-lifecycle--02f2a--Asset-Management-Lifecycle-Mobile-Safari/video.webm
    ────────────────────────────────────────────────────────────────────────────────────────────────

    Error Context: ../../test-results/complete-client-lifecycle--02f2a--Asset-Management-Lifecycle-Mobile-Safari/error-context.md
]]>
</failure>
<system-out>
<![CDATA[
[[ATTACHMENT|complete-client-lifecycle--02f2a--Asset-Management-Lifecycle-Mobile-Safari/test-failed-1.png]]

[[ATTACHMENT|complete-client-lifecycle--02f2a--Asset-Management-Lifecycle-Mobile-Safari/video.webm]]

[[ATTACHMENT|complete-client-lifecycle--02f2a--Asset-Management-Lifecycle-Mobile-Safari/error-context.md]]
]]>
</system-out>
</testcase>
<testcase name="Complete Client Lifecycle › Bulk Operations Workflow" classname="complete-client-lifecycle.spec.ts" time="30.042">
<failure message="complete-client-lifecycle.spec.ts:286:3 Bulk Operations Workflow" type="FAILURE">
<![CDATA[  [Mobile Safari] › complete-client-lifecycle.spec.ts:286:3 › Complete Client Lifecycle › Bulk Operations Workflow 

    Test timeout of 30000ms exceeded while running "beforeEach" hook.

      127 | // Main test suites
      128 | test.describe('Complete Client Lifecycle', () => {
    > 129 |   test.beforeEach(async ({ page }) => {
          |        ^
      130 |     await login(page)
      131 |   })
      132 |
        at /Users/yasseralmohammed/Documents/MsspClientManager/tests/e2e/complete-client-lifecycle.spec.ts:129:8

    Error: page.fill: Test timeout of 30000ms exceeded.
    Call log:
      - waiting for locator('[name="username"]')


      46 | async function login(page: Page) {
      47 |   await page.goto('/login')
    > 48 |   await page.fill('[name="username"]', 'admin')
         |              ^
      49 |   await page.fill('[name="password"]', 'admin123')
      50 |   await page.click('button[type="submit"]')
      51 |   await expect(page).toHaveURL('/dashboard')
        at login (/Users/yasseralmohammed/Documents/MsspClientManager/tests/e2e/complete-client-lifecycle.spec.ts:48:14)
        at /Users/yasseralmohammed/Documents/MsspClientManager/tests/e2e/complete-client-lifecycle.spec.ts:130:5

    attachment #1: screenshot (image/png) ──────────────────────────────────────────────────────────
    test-results/complete-client-lifecycle--117e3-le-Bulk-Operations-Workflow-Mobile-Safari/test-failed-1.png
    ────────────────────────────────────────────────────────────────────────────────────────────────

    attachment #2: video (video/webm) ──────────────────────────────────────────────────────────────
    test-results/complete-client-lifecycle--117e3-le-Bulk-Operations-Workflow-Mobile-Safari/video.webm
    ────────────────────────────────────────────────────────────────────────────────────────────────

    Error Context: ../../test-results/complete-client-lifecycle--117e3-le-Bulk-Operations-Workflow-Mobile-Safari/error-context.md
]]>
</failure>
<system-out>
<![CDATA[
[[ATTACHMENT|complete-client-lifecycle--117e3-le-Bulk-Operations-Workflow-Mobile-Safari/test-failed-1.png]]

[[ATTACHMENT|complete-client-lifecycle--117e3-le-Bulk-Operations-Workflow-Mobile-Safari/video.webm]]

[[ATTACHMENT|complete-client-lifecycle--117e3-le-Bulk-Operations-Workflow-Mobile-Safari/error-context.md]]
]]>
</system-out>
</testcase>
<testcase name="Complete Client Lifecycle › Integration Engine Workflow" classname="complete-client-lifecycle.spec.ts" time="30.035">
<failure message="complete-client-lifecycle.spec.ts:326:3 Integration Engine Workflow" type="FAILURE">
<![CDATA[  [Mobile Safari] › complete-client-lifecycle.spec.ts:326:3 › Complete Client Lifecycle › Integration Engine Workflow 

    Test timeout of 30000ms exceeded while running "beforeEach" hook.

      127 | // Main test suites
      128 | test.describe('Complete Client Lifecycle', () => {
    > 129 |   test.beforeEach(async ({ page }) => {
          |        ^
      130 |     await login(page)
      131 |   })
      132 |
        at /Users/yasseralmohammed/Documents/MsspClientManager/tests/e2e/complete-client-lifecycle.spec.ts:129:8

    Error: page.fill: Test timeout of 30000ms exceeded.
    Call log:
      - waiting for locator('[name="username"]')


      46 | async function login(page: Page) {
      47 |   await page.goto('/login')
    > 48 |   await page.fill('[name="username"]', 'admin')
         |              ^
      49 |   await page.fill('[name="password"]', 'admin123')
      50 |   await page.click('button[type="submit"]')
      51 |   await expect(page).toHaveURL('/dashboard')
        at login (/Users/yasseralmohammed/Documents/MsspClientManager/tests/e2e/complete-client-lifecycle.spec.ts:48:14)
        at /Users/yasseralmohammed/Documents/MsspClientManager/tests/e2e/complete-client-lifecycle.spec.ts:130:5

    attachment #1: screenshot (image/png) ──────────────────────────────────────────────────────────
    test-results/complete-client-lifecycle--5b9b0-Integration-Engine-Workflow-Mobile-Safari/test-failed-1.png
    ────────────────────────────────────────────────────────────────────────────────────────────────

    attachment #2: video (video/webm) ──────────────────────────────────────────────────────────────
    test-results/complete-client-lifecycle--5b9b0-Integration-Engine-Workflow-Mobile-Safari/video.webm
    ────────────────────────────────────────────────────────────────────────────────────────────────

    Error Context: ../../test-results/complete-client-lifecycle--5b9b0-Integration-Engine-Workflow-Mobile-Safari/error-context.md
]]>
</failure>
<system-out>
<![CDATA[
[[ATTACHMENT|complete-client-lifecycle--5b9b0-Integration-Engine-Workflow-Mobile-Safari/test-failed-1.png]]

[[ATTACHMENT|complete-client-lifecycle--5b9b0-Integration-Engine-Workflow-Mobile-Safari/video.webm]]

[[ATTACHMENT|complete-client-lifecycle--5b9b0-Integration-Engine-Workflow-Mobile-Safari/error-context.md]]
]]>
</system-out>
</testcase>
<testcase name="Error Handling and Edge Cases › Handles validation errors gracefully" classname="complete-client-lifecycle.spec.ts" time="30.036">
<failure message="complete-client-lifecycle.spec.ts:393:3 Handles validation errors gracefully" type="FAILURE">
<![CDATA[  [Mobile Safari] › complete-client-lifecycle.spec.ts:393:3 › Error Handling and Edge Cases › Handles validation errors gracefully 

    Test timeout of 30000ms exceeded while running "beforeEach" hook.

      387 |
      388 | test.describe('Error Handling and Edge Cases', () => {
    > 389 |   test.beforeEach(async ({ page }) => {
          |        ^
      390 |     await login(page)
      391 |   })
      392 |
        at /Users/yasseralmohammed/Documents/MsspClientManager/tests/e2e/complete-client-lifecycle.spec.ts:389:8

    Error: page.fill: Test timeout of 30000ms exceeded.
    Call log:
      - waiting for locator('[name="username"]')


      46 | async function login(page: Page) {
      47 |   await page.goto('/login')
    > 48 |   await page.fill('[name="username"]', 'admin')
         |              ^
      49 |   await page.fill('[name="password"]', 'admin123')
      50 |   await page.click('button[type="submit"]')
      51 |   await expect(page).toHaveURL('/dashboard')
        at login (/Users/yasseralmohammed/Documents/MsspClientManager/tests/e2e/complete-client-lifecycle.spec.ts:48:14)
        at /Users/yasseralmohammed/Documents/MsspClientManager/tests/e2e/complete-client-lifecycle.spec.ts:390:5

    attachment #1: screenshot (image/png) ──────────────────────────────────────────────────────────
    test-results/complete-client-lifecycle--f51f6-alidation-errors-gracefully-Mobile-Safari/test-failed-1.png
    ────────────────────────────────────────────────────────────────────────────────────────────────

    attachment #2: video (video/webm) ──────────────────────────────────────────────────────────────
    test-results/complete-client-lifecycle--f51f6-alidation-errors-gracefully-Mobile-Safari/video.webm
    ────────────────────────────────────────────────────────────────────────────────────────────────

    Error Context: ../../test-results/complete-client-lifecycle--f51f6-alidation-errors-gracefully-Mobile-Safari/error-context.md
]]>
</failure>
<system-out>
<![CDATA[
[[ATTACHMENT|complete-client-lifecycle--f51f6-alidation-errors-gracefully-Mobile-Safari/test-failed-1.png]]

[[ATTACHMENT|complete-client-lifecycle--f51f6-alidation-errors-gracefully-Mobile-Safari/video.webm]]

[[ATTACHMENT|complete-client-lifecycle--f51f6-alidation-errors-gracefully-Mobile-Safari/error-context.md]]
]]>
</system-out>
</testcase>
<testcase name="Error Handling and Edge Cases › Handles network errors with retry mechanism" classname="complete-client-lifecycle.spec.ts" time="30.056">
<failure message="complete-client-lifecycle.spec.ts:410:3 Handles network errors with retry mechanism" type="FAILURE">
<![CDATA[  [Mobile Safari] › complete-client-lifecycle.spec.ts:410:3 › Error Handling and Edge Cases › Handles network errors with retry mechanism 

    Test timeout of 30000ms exceeded while running "beforeEach" hook.

      387 |
      388 | test.describe('Error Handling and Edge Cases', () => {
    > 389 |   test.beforeEach(async ({ page }) => {
          |        ^
      390 |     await login(page)
      391 |   })
      392 |
        at /Users/yasseralmohammed/Documents/MsspClientManager/tests/e2e/complete-client-lifecycle.spec.ts:389:8

    Error: page.fill: Test timeout of 30000ms exceeded.
    Call log:
      - waiting for locator('[name="username"]')


      46 | async function login(page: Page) {
      47 |   await page.goto('/login')
    > 48 |   await page.fill('[name="username"]', 'admin')
         |              ^
      49 |   await page.fill('[name="password"]', 'admin123')
      50 |   await page.click('button[type="submit"]')
      51 |   await expect(page).toHaveURL('/dashboard')
        at login (/Users/yasseralmohammed/Documents/MsspClientManager/tests/e2e/complete-client-lifecycle.spec.ts:48:14)
        at /Users/yasseralmohammed/Documents/MsspClientManager/tests/e2e/complete-client-lifecycle.spec.ts:390:5

    attachment #1: screenshot (image/png) ──────────────────────────────────────────────────────────
    test-results/complete-client-lifecycle--41623-errors-with-retry-mechanism-Mobile-Safari/test-failed-1.png
    ────────────────────────────────────────────────────────────────────────────────────────────────

    attachment #2: video (video/webm) ──────────────────────────────────────────────────────────────
    test-results/complete-client-lifecycle--41623-errors-with-retry-mechanism-Mobile-Safari/video.webm
    ────────────────────────────────────────────────────────────────────────────────────────────────

    Error Context: ../../test-results/complete-client-lifecycle--41623-errors-with-retry-mechanism-Mobile-Safari/error-context.md
]]>
</failure>
<system-out>
<![CDATA[
[[ATTACHMENT|complete-client-lifecycle--41623-errors-with-retry-mechanism-Mobile-Safari/test-failed-1.png]]

[[ATTACHMENT|complete-client-lifecycle--41623-errors-with-retry-mechanism-Mobile-Safari/video.webm]]

[[ATTACHMENT|complete-client-lifecycle--41623-errors-with-retry-mechanism-Mobile-Safari/error-context.md]]
]]>
</system-out>
</testcase>
<testcase name="Error Handling and Edge Cases › Handles concurrent user actions" classname="complete-client-lifecycle.spec.ts" time="30.055">
<failure message="complete-client-lifecycle.spec.ts:439:3 Handles concurrent user actions" type="FAILURE">
<![CDATA[  [Mobile Safari] › complete-client-lifecycle.spec.ts:439:3 › Error Handling and Edge Cases › Handles concurrent user actions 

    Test timeout of 30000ms exceeded while running "beforeEach" hook.

      387 |
      388 | test.describe('Error Handling and Edge Cases', () => {
    > 389 |   test.beforeEach(async ({ page }) => {
          |        ^
      390 |     await login(page)
      391 |   })
      392 |
        at /Users/yasseralmohammed/Documents/MsspClientManager/tests/e2e/complete-client-lifecycle.spec.ts:389:8

    Error: page.fill: Test timeout of 30000ms exceeded.
    Call log:
      - waiting for locator('[name="username"]')


      46 | async function login(page: Page) {
      47 |   await page.goto('/login')
    > 48 |   await page.fill('[name="username"]', 'admin')
         |              ^
      49 |   await page.fill('[name="password"]', 'admin123')
      50 |   await page.click('button[type="submit"]')
      51 |   await expect(page).toHaveURL('/dashboard')
        at login (/Users/yasseralmohammed/Documents/MsspClientManager/tests/e2e/complete-client-lifecycle.spec.ts:48:14)
        at /Users/yasseralmohammed/Documents/MsspClientManager/tests/e2e/complete-client-lifecycle.spec.ts:390:5

    attachment #1: screenshot (image/png) ──────────────────────────────────────────────────────────
    test-results/complete-client-lifecycle--464a4-les-concurrent-user-actions-Mobile-Safari/test-failed-1.png
    ────────────────────────────────────────────────────────────────────────────────────────────────

    attachment #2: video (video/webm) ──────────────────────────────────────────────────────────────
    test-results/complete-client-lifecycle--464a4-les-concurrent-user-actions-Mobile-Safari/video.webm
    ────────────────────────────────────────────────────────────────────────────────────────────────

    Error Context: ../../test-results/complete-client-lifecycle--464a4-les-concurrent-user-actions-Mobile-Safari/error-context.md
]]>
</failure>
<system-out>
<![CDATA[
[[ATTACHMENT|complete-client-lifecycle--464a4-les-concurrent-user-actions-Mobile-Safari/test-failed-1.png]]

[[ATTACHMENT|complete-client-lifecycle--464a4-les-concurrent-user-actions-Mobile-Safari/video.webm]]

[[ATTACHMENT|complete-client-lifecycle--464a4-les-concurrent-user-actions-Mobile-Safari/error-context.md]]
]]>
</system-out>
</testcase>
<testcase name="Performance and Accessibility › Dashboard loads within performance budget" classname="complete-client-lifecycle.spec.ts" time="30.055">
<failure message="complete-client-lifecycle.spec.ts:467:3 Dashboard loads within performance budget" type="FAILURE">
<![CDATA[  [Mobile Safari] › complete-client-lifecycle.spec.ts:467:3 › Performance and Accessibility › Dashboard loads within performance budget 

    Test timeout of 30000ms exceeded.

    Error: page.fill: Test timeout of 30000ms exceeded.
    Call log:
      - waiting for locator('[name="username"]')


      46 | async function login(page: Page) {
      47 |   await page.goto('/login')
    > 48 |   await page.fill('[name="username"]', 'admin')
         |              ^
      49 |   await page.fill('[name="password"]', 'admin123')
      50 |   await page.click('button[type="submit"]')
      51 |   await expect(page).toHaveURL('/dashboard')
        at login (/Users/yasseralmohammed/Documents/MsspClientManager/tests/e2e/complete-client-lifecycle.spec.ts:48:14)
        at /Users/yasseralmohammed/Documents/MsspClientManager/tests/e2e/complete-client-lifecycle.spec.ts:468:5

    attachment #1: screenshot (image/png) ──────────────────────────────────────────────────────────
    test-results/complete-client-lifecycle--425f9-s-within-performance-budget-Mobile-Safari/test-failed-1.png
    ────────────────────────────────────────────────────────────────────────────────────────────────

    attachment #2: video (video/webm) ──────────────────────────────────────────────────────────────
    test-results/complete-client-lifecycle--425f9-s-within-performance-budget-Mobile-Safari/video.webm
    ────────────────────────────────────────────────────────────────────────────────────────────────

    Error Context: ../../test-results/complete-client-lifecycle--425f9-s-within-performance-budget-Mobile-Safari/error-context.md
]]>
</failure>
<system-out>
<![CDATA[
[[ATTACHMENT|complete-client-lifecycle--425f9-s-within-performance-budget-Mobile-Safari/test-failed-1.png]]

[[ATTACHMENT|complete-client-lifecycle--425f9-s-within-performance-budget-Mobile-Safari/video.webm]]

[[ATTACHMENT|complete-client-lifecycle--425f9-s-within-performance-budget-Mobile-Safari/error-context.md]]
]]>
</system-out>
</testcase>
<testcase name="Performance and Accessibility › Application is accessible" classname="complete-client-lifecycle.spec.ts" time="30.038">
<failure message="complete-client-lifecycle.spec.ts:484:3 Application is accessible" type="FAILURE">
<![CDATA[  [Mobile Safari] › complete-client-lifecycle.spec.ts:484:3 › Performance and Accessibility › Application is accessible 

    Test timeout of 30000ms exceeded.

    Error: page.fill: Test timeout of 30000ms exceeded.
    Call log:
      - waiting for locator('[name="username"]')


      46 | async function login(page: Page) {
      47 |   await page.goto('/login')
    > 48 |   await page.fill('[name="username"]', 'admin')
         |              ^
      49 |   await page.fill('[name="password"]', 'admin123')
      50 |   await page.click('button[type="submit"]')
      51 |   await expect(page).toHaveURL('/dashboard')
        at login (/Users/yasseralmohammed/Documents/MsspClientManager/tests/e2e/complete-client-lifecycle.spec.ts:48:14)
        at /Users/yasseralmohammed/Documents/MsspClientManager/tests/e2e/complete-client-lifecycle.spec.ts:485:5

    attachment #1: screenshot (image/png) ──────────────────────────────────────────────────────────
    test-results/complete-client-lifecycle--abdc0-y-Application-is-accessible-Mobile-Safari/test-failed-1.png
    ────────────────────────────────────────────────────────────────────────────────────────────────

    attachment #2: video (video/webm) ──────────────────────────────────────────────────────────────
    test-results/complete-client-lifecycle--abdc0-y-Application-is-accessible-Mobile-Safari/video.webm
    ────────────────────────────────────────────────────────────────────────────────────────────────

    Error Context: ../../test-results/complete-client-lifecycle--abdc0-y-Application-is-accessible-Mobile-Safari/error-context.md
]]>
</failure>
<system-out>
<![CDATA[
[[ATTACHMENT|complete-client-lifecycle--abdc0-y-Application-is-accessible-Mobile-Safari/test-failed-1.png]]

[[ATTACHMENT|complete-client-lifecycle--abdc0-y-Application-is-accessible-Mobile-Safari/video.webm]]

[[ATTACHMENT|complete-client-lifecycle--abdc0-y-Application-is-accessible-Mobile-Safari/error-context.md]]
]]>
</system-out>
</testcase>
</testsuite>
</testsuites>